Archive member included to satisfy reference by file (symbol)

libapp.a(fsr.c.obj)           (--whole-archive)
libapp.a(main.c.obj)          (--whole-archive)
libapp.a(servo.c.obj)         (--whole-archive)
zephyr/libzephyr.a(isr_tables.c.obj)
                              (--whole-archive)
zephyr/libzephyr.a(thread_entry.c.obj)
                              (--whole-archive)
zephyr/libzephyr.a(crc32_sw.c.obj)
                              (--whole-archive)
zephyr/libzephyr.a(crc16_sw.c.obj)
                              (--whole-archive)
zephyr/libzephyr.a(crc8_sw.c.obj)
                              (--whole-archive)
zephyr/libzephyr.a(mempool.c.obj)
                              (--whole-archive)
zephyr/libzephyr.a(rb.c.obj)  (--whole-archive)
zephyr/libzephyr.a(printk.c.obj)
                              (--whole-archive)
zephyr/libzephyr.a(configs.c.obj)
                              (--whole-archive)
zephyr/libzephyr.a(power.c.obj)
                              (--whole-archive)
zephyr/libzephyr.a(soc.c.obj)
                              (--whole-archive)
zephyr/libzephyr.a(mpu_regions.c.obj)
                              (--whole-archive)
zephyr/libzephyr.a(utils.c.obj)
                              (--whole-archive)
zephyr/libzephyr.a(aes_decrypt.c.obj)
                              (--whole-archive)
zephyr/libzephyr.a(aes_encrypt.c.obj)
                              (--whole-archive)
zephyr/libzephyr.a(cmac_mode.c.obj)
                              (--whole-archive)
zephyr/libzephyr.a(system_nrf52.c.obj)
                              (--whole-archive)
zephyr/libzephyr.a(nrfx_glue.c.obj)
                              (--whole-archive)
zephyr/libzephyr.a(SEGGER_RTT.c.obj)
                              (--whole-archive)
zephyr/libzephyr.a(SEGGER_RTT_zephyr.c.obj)
                              (--whole-archive)
zephyr/libzephyr.a(log_list.c.obj)
                              (--whole-archive)
zephyr/libzephyr.a(log_core.c.obj)
                              (--whole-archive)
zephyr/libzephyr.a(log_msg.c.obj)
                              (--whole-archive)
zephyr/libzephyr.a(log_output.c.obj)
                              (--whole-archive)
zephyr/libzephyr.a(log_backend_uart.c.obj)
                              (--whole-archive)
zephyr/libzephyr.a(log_cmds.c.obj)
                              (--whole-archive)
zephyr/libzephyr.a(log_backend_rtt.c.obj)
                              (--whole-archive)
zephyr/libzephyr.a(shell.c.obj)
                              (--whole-archive)
zephyr/libzephyr.a(shell_fprintf.c.obj)
                              (--whole-archive)
zephyr/libzephyr.a(shell_utils.c.obj)
                              (--whole-archive)
zephyr/libzephyr.a(shell_ops.c.obj)
                              (--whole-archive)
zephyr/libzephyr.a(shell_uart.c.obj)
                              (--whole-archive)
zephyr/libzephyr.a(shell_cmds.c.obj)
                              (--whole-archive)
zephyr/libzephyr.a(shell_history.c.obj)
                              (--whole-archive)
zephyr/libzephyr.a(shell_log_backend.c.obj)
                              (--whole-archive)
zephyr/libzephyr.a(net_app.c.obj)
                              (--whole-archive)
zephyr/libzephyr.a(client.c.obj)
                              (--whole-archive)
zephyr/libzephyr.a(rand32_entropy_device.c.obj)
                              (--whole-archive)
zephyr/libzephyr.a(uart_console.c.obj)
                              (--whole-archive)
zephyr/libzephyr.a(rtt_console.c.obj)
                              (--whole-archive)
zephyr/libzephyr.a(nrf5_power_clock.c.obj)
                              (--whole-archive)
zephyr/libzephyr.a(sys_clock_init.c.obj)
                              (--whole-archive)
zephyr/libzephyr.a(nrf_rtc_timer.c.obj)
                              (--whole-archive)
zephyr/arch/arm/core/libarch__arm__core.a(exc_exit.S.obj)
                              (--whole-archive)
zephyr/arch/arm/core/libarch__arm__core.a(irq_init.c.obj)
                              (--whole-archive)
zephyr/arch/arm/core/libarch__arm__core.a(swap.c.obj)
                              (--whole-archive)
zephyr/arch/arm/core/libarch__arm__core.a(swap_helper.S.obj)
                              (--whole-archive)
zephyr/arch/arm/core/libarch__arm__core.a(fault.c.obj)
                              (--whole-archive)
zephyr/arch/arm/core/libarch__arm__core.a(irq_manage.c.obj)
                              (--whole-archive)
zephyr/arch/arm/core/libarch__arm__core.a(thread.c.obj)
                              (--whole-archive)
zephyr/arch/arm/core/libarch__arm__core.a(cpu_idle.S.obj)
                              (--whole-archive)
zephyr/arch/arm/core/libarch__arm__core.a(fault_s.S.obj)
                              (--whole-archive)
zephyr/arch/arm/core/libarch__arm__core.a(fatal.c.obj)
                              (--whole-archive)
zephyr/arch/arm/core/libarch__arm__core.a(sys_fatal_error_handler.c.obj)
[...]
Memory Configuration

Name             Origin             Length             Attributes
FLASH            0x0000000000000000 0x0000000000080000 xr
SRAM             0x0000000020000000 0x0000000000010000 xw
IDT_LIST         0x0000000020010000 0x0000000000000800 xw
*default*        0x0000000000000000 0xffffffffffffffff

Linker script and memory map

LOAD zephyr/CMakeFiles/kernel_elf.dir/misc/empty_file.c.obj
LOAD zephyr/CMakeFiles/kernel_elf.dir/isr_tables.c.obj
LOAD libapp.a
LOAD zephyr/libzephyr.a
LOAD zephyr/arch/arm/core/libarch__arm__core.a
LOAD zephyr/arch/arm/core/cortex_m/libarch__arm__core__cortex_m.a
LOAD zephyr/arch/arm/core/cortex_m/mpu/libarch__arm__core__cortex_m__mpu.a
LOAD zephyr/lib/json/liblib__json.a
LOAD zephyr/lib/libc/minimal/liblib__libc__minimal.a
LOAD zephyr/subsys/bluetooth/common/libsubsys__bluetooth__common.a
LOAD zephyr/subsys/bluetooth/host/libsubsys__bluetooth__host.a
LOAD zephyr/subsys/bluetooth/controller/libsubsys__bluetooth__controller.a
LOAD zephyr/subsys/net/libsubsys__net.a
LOAD zephyr/subsys/net/l2/bluetooth/libsubsys__net__l2__bluetooth.a
LOAD zephyr/subsys/net/ip/libsubsys__net__ip.a
LOAD zephyr/subsys/net/lib/mqtt/libsubsys__net__lib__mqtt.a
LOAD zephyr/subsys/net/lib/config/libsubsys__net__lib__config.a
LOAD zephyr/drivers/adc/libdrivers__adc.a
LOAD zephyr/drivers/gpio/libdrivers__gpio.a
LOAD zephyr/drivers/pwm/libdrivers__pwm.a
LOAD zephyr/drivers/serial/libdrivers__serial.a
LOAD zephyr/drivers/entropy/libdrivers__entropy.a
LOAD zephyr/kernel/libkernel.a
LOAD zephyr/CMakeFiles/offsets.dir/arch/arm/core/offsets/offsets.c.obj
LOAD /home/darragh/CS7NS2/gcc-arm-none-eabi/bin/../lib/gcc/arm-none-eabi/7.3.1/thumb/v7e-m/libgcc.a

.rel.plt        0x0000000000000000        0x0
 *(.rel.plt)
                [!provide]                        PROVIDE (__rel_iplt_start = .)
 *(.rel.iplt)
 .rel.iplt      0x0000000000000000        0x0 zephyr/CMakeFiles/kernel_elf.dir/isr_tables.c.obj
                [!provide]                        PROVIDE (__rel_iplt_end = .)

.rela.plt       0x0000000000000000        0x0
 *(.rela.plt)
                [!provide]                        PROVIDE (__rela_iplt_start = .)
 *(.rela.iplt)
                [!provide]                        PROVIDE (__rela_iplt_end = .)

.rel.dyn
 *(.rel.*)

.rela.dyn
 *(.rela.*)

.plt
 *(.plt)

.iplt           0x0000000000000000        0x0
 *(.iplt)
 .iplt          0x0000000000000000        0x0 zephyr/CMakeFiles/kernel_elf.dir/isr_tables.c.obj
                0x0000000000000000                _image_rom_start = 0x0

text            0x0000000000000000    0x2cede
                0x0000000000000000                . = 0x0
                0x0000000000000000                _vector_start = .
 *(.exc_vector_table)
 *(.exc_vector_table.*)
 .exc_vector_table._vector_table_section
                0x0000000000000000       0x40 zephyr/arch/arm/core/cortex_m/libarch__arm__core__cortex_m.a(vector_table.S.obj)
                0x0000000000000000                _vector_table
 *(.gnu.linkonce.irq_vector_table)
 .gnu.linkonce.irq_vector_table
                0x0000000000000040       0x9c zephyr/CMakeFiles/kernel_elf.dir/isr_tables.c.obj
                0x0000000000000040                _irq_vector_table
 *(.vectors)
 *(.openocd_dbg)
 *(.openocd_dbg.*)
 *(.kinetis_flash_config)
 *(.kinetis_flash_config.*)
 *(.gnu.linkonce.sw_isr_table)
 .gnu.linkonce.sw_isr_table
                0x00000000000000dc      0x138 zephyr/CMakeFiles/kernel_elf.dir/isr_tables.c.obj
                0x00000000000000dc                _sw_isr_table
                0x0000000000000214                _vector_end = .
                0x0000000000000214                _image_text_start = .
 *(.text)
 .text          0x0000000000000214       0xa0 /home/darragh/CS7NS2/gcc-arm-none-eabi/bin/../lib/gcc/arm-none-eabi/7.3.1/thumb/v7e-m/libgcc.a(_aeabi_ldivmod.o)
                0x0000000000000214                __aeabi_ldivmod
 .text          0x00000000000002b4       0x30 /home/darragh/CS7NS2/gcc-arm-none-eabi/bin/../lib/gcc/arm-none-eabi/7.3.1/thumb/v7e-m/libgcc.a(_aeabi_uldivmod.o)
                0x00000000000002b4                __aeabi_uldivmod
 .text          0x00000000000002e4      0x2cc /home/darragh/CS7NS2/gcc-arm-none-eabi/bin/../lib/gcc/arm-none-eabi/7.3.1/thumb/v7e-m/libgcc.a(_udivmoddi4.o)
                0x00000000000002e4                __udivmoddi4
 .text          0x00000000000005b0        0x4 /home/darragh/CS7NS2/gcc-arm-none-eabi/bin/../lib/gcc/arm-none-eabi/7.3.1/thumb/v7e-m/libgcc.a(_dvmd_tls.o)
                0x00000000000005b0                __aeabi_ldiv0
                0x00000000000005b0                __aeabi_idiv0
 *(.text.*)
 .text.sample_sensor
                0x00000000000005b4       0xa4 libapp.a(fsr.c.obj)
                0x00000000000005b4                sample_sensor
 .text.sampling
                0x0000000000000658       0xa4 libapp.a(fsr.c.obj)
                0x0000000000000658                sampling
 .text.main     0x00000000000006fc       0xe4 libapp.a(main.c.obj)
                0x00000000000006fc                main
 .text.pwm_pin_set_usec.constprop.2
                0x00000000000007e0       0x78 libapp.a(servo.c.obj)
 .text.turn_clockwise
                0x0000000000000858       0x50 libapp.a(servo.c.obj)
                0x0000000000000858                turn_clockwise
 .text.turn_anticlockwise
                0x00000000000008a8       0x50 libapp.a(servo.c.obj)
                0x00000000000008a8                turn_anticlockwise
 .text.fill_up  0x00000000000008f8       0x38 libapp.a(servo.c.obj)
                0x00000000000008f8                fill_up
 .text.get_time_to
                0x0000000000000930       0x44 libapp.a(servo.c.obj)
                0x0000000000000930                get_time_to
 .text._thread_entry
                0x0000000000000974       0x14 zephyr/libzephyr.a(thread_entry.c.obj)
                0x0000000000000974                _thread_entry
 .text.get_bit_ptr
                0x0000000000000988       0x2a zephyr/libzephyr.a(mempool.c.obj)
 .text.set_free_bit
                0x00000000000009b2       0x1c zephyr/libzephyr.a(mempool.c.obj)
 .text.clear_free_bit
                0x00000000000009ce       0x1e zephyr/libzephyr.a(mempool.c.obj)
 .text._sys_mem_pool_base_init
                0x00000000000009ec       0x96 zephyr/libzephyr.a(mempool.c.obj)
                0x00000000000009ec                _sys_mem_pool_base_init
 .text._sys_mem_pool_block_alloc
                0x0000000000000a82      0x1b6 zephyr/libzephyr.a(mempool.c.obj)
                0x0000000000000a82                _sys_mem_pool_block_alloc
 .text._sys_mem_pool_block_free
                0x0000000000000c38      0x14a zephyr/libzephyr.a(mempool.c.obj)
                0x0000000000000c38                _sys_mem_pool_block_free
 .text._nop_char_out
                0x0000000000000d82        0x4 zephyr/libzephyr.a(printk.c.obj)
 *fill*         0x0000000000000d86        0x2 
 .text.char_out
                0x0000000000000d88       0x10 zephyr/libzephyr.a(printk.c.obj)
 .text._printk_dec_ulong
                0x0000000000000d98       0xa0 zephyr/libzephyr.a(printk.c.obj)
 .text.str_out  0x0000000000000e38       0x26 zephyr/libzephyr.a(printk.c.obj)
 *fill*         0x0000000000000e5e        0x2 
 .text.__printk_hook_install
                0x0000000000000e60        0xc zephyr/libzephyr.a(printk.c.obj)
                0x0000000000000e60                __printk_hook_install
 .text._vprintk
                0x0000000000000e6c      0x262 zephyr/libzephyr.a(printk.c.obj)
                0x0000000000000e6c                _vprintk
 *fill*         0x00000000000010ce        0x2 
 .text.vprintk  0x00000000000010d0       0x20 zephyr/libzephyr.a(printk.c.obj)
                0x00000000000010d0                vprintk
 .text.printk   0x00000000000010f0       0x1a zephyr/libzephyr.a(printk.c.obj)
                0x00000000000010f0                printk
 *fill*         0x000000000000110a        0x2 
 .text.snprintk
                0x000000000000110c       0x38 zephyr/libzephyr.a(printk.c.obj)
                0x000000000000110c                snprintk
 .text._ConfigAbsSyms
                0x0000000000001144        0x2 zephyr/libzephyr.a(configs.c.obj)
                0x0000000000001144                _ConfigAbsSyms
 *fill*         0x0000000000001146        0x2 
 .text.nordicsemi_nrf52_init
                0x0000000000001148       0x3c zephyr/libzephyr.a(soc.c.obj)
 .text._copy    0x0000000000001184       0x1a zephyr/libzephyr.a(utils.c.obj)
                0x0000000000001184                _copy
 .text._set     0x000000000000119e        0x4 zephyr/libzephyr.a(utils.c.obj)
                0x000000000000119e                _set
 .text._double_byte
                0x00000000000011a2       0x12 zephyr/libzephyr.a(utils.c.obj)
                0x00000000000011a2                _double_byte
 .text.add_round_key
                0x00000000000011b4       0x8a zephyr/libzephyr.a(aes_encrypt.c.obj)
 .text.shift_rows
                0x000000000000123e       0x72 zephyr/libzephyr.a(aes_encrypt.c.obj)
 .text.mult_row_column
                0x00000000000012b0       0x80 zephyr/libzephyr.a(aes_encrypt.c.obj)
 .text.tc_aes128_set_encrypt_key
                0x0000000000001330       0xac zephyr/libzephyr.a(aes_encrypt.c.obj)
                0x0000000000001330                tc_aes128_set_encrypt_key
 .text.tc_aes_encrypt
                0x00000000000013dc       0xd4 zephyr/libzephyr.a(aes_encrypt.c.obj)
                0x00000000000013dc                tc_aes_encrypt
 .text.gf_double
                0x00000000000014b0       0x2a zephyr/libzephyr.a(cmac_mode.c.obj)
                0x00000000000014b0                gf_double
 .text.tc_cmac_erase
                0x00000000000014da       0x10 zephyr/libzephyr.a(cmac_mode.c.obj)
                0x00000000000014da                tc_cmac_erase
 .text.tc_cmac_init
                0x00000000000014ea       0x2c zephyr/libzephyr.a(cmac_mode.c.obj)
                0x00000000000014ea                tc_cmac_init
 .text.tc_cmac_setup
                0x0000000000001516       0x56 zephyr/libzephyr.a(cmac_mode.c.obj)
                0x0000000000001516                tc_cmac_setup
 .text.tc_cmac_update
                0x000000000000156c       0xca zephyr/libzephyr.a(cmac_mode.c.obj)
                0x000000000000156c                tc_cmac_update
 .text.tc_cmac_final
                0x0000000000001636       0x6a zephyr/libzephyr.a(cmac_mode.c.obj)
                0x0000000000001636                tc_cmac_final
 .text.errata_12
                0x00000000000016a0       0x40 zephyr/libzephyr.a(system_nrf52.c.obj)
 .text.errata_16
                0x00000000000016e0       0x34 zephyr/libzephyr.a(system_nrf52.c.obj)
 .text.SystemInit
                0x0000000000001714      0x248 zephyr/libzephyr.a(system_nrf52.c.obj)
                0x0000000000001714                SystemInit
 .text._GetAvailWriteSpace
                0x000000000000195c       0x1c zephyr/libzephyr.a(SEGGER_RTT.c.obj)
 .text._WriteNoCheck
                0x0000000000001978       0x3a zephyr/libzephyr.a(SEGGER_RTT.c.obj)
 .text._WriteBlocking
                0x00000000000019b2       0x52 zephyr/libzephyr.a(SEGGER_RTT.c.obj)
 .text._DoInit  0x0000000000001a04       0x60 zephyr/libzephyr.a(SEGGER_RTT.c.obj)
 .text.SEGGER_RTT_WriteSkipNoLock
                0x0000000000001a64       0x90 zephyr/libzephyr.a(SEGGER_RTT.c.obj)
                0x0000000000001a64                SEGGER_RTT_WriteSkipNoLock
 .text.SEGGER_RTT_WriteNoLock
                0x0000000000001af4       0x68 zephyr/libzephyr.a(SEGGER_RTT.c.obj)
                0x0000000000001af4                SEGGER_RTT_WriteNoLock
 .text.SEGGER_RTT_HasDataUp
                0x0000000000001b5c       0x14 zephyr/libzephyr.a(SEGGER_RTT.c.obj)
                0x0000000000001b5c                SEGGER_RTT_HasDataUp
 .text.SEGGER_RTT_Init
                0x0000000000001b70        0x4 zephyr/libzephyr.a(SEGGER_RTT.c.obj)
                0x0000000000001b70                SEGGER_RTT_Init
 .text.rtt_init
                0x0000000000001b74        0x8 zephyr/libzephyr.a(SEGGER_RTT_zephyr.c.obj)
 .text.log_list_init
                0x0000000000001b7c        0x8 zephyr/libzephyr.a(log_list.c.obj)
                0x0000000000001b7c                log_list_init
 .text.log_list_add_tail
                0x0000000000001b84       0x14 zephyr/libzephyr.a(log_list.c.obj)
                0x0000000000001b84                log_list_add_tail
 .text.log_list_head_peek
                0x0000000000001b98        0x4 zephyr/libzephyr.a(log_list.c.obj)
                0x0000000000001b98                log_list_head_peek
 .text.log_list_head_get
                0x0000000000001b9c        0xc zephyr/libzephyr.a(log_list.c.obj)
                0x0000000000001b9c                log_list_head_get
 .text.dummy_timestamp
                0x0000000000001ba8        0x4 zephyr/libzephyr.a(log_core.c.obj)
 .text._log_msg_std_alloc
                0x0000000000001bac       0x30 zephyr/libzephyr.a(log_core.c.obj)
 .text.timestamp_get
                0x0000000000001bdc        0x4 zephyr/libzephyr.a(log_core.c.obj)
 .text.log_core_init
                0x0000000000001be0       0x4c zephyr/libzephyr.a(log_core.c.obj)
                0x0000000000001be0                log_core_init
 .text.log_process
                0x0000000000001c2c       0xb4 zephyr/libzephyr.a(log_core.c.obj)
                0x0000000000001c2c                log_process
 .text.msg_finalize
                0x0000000000001ce0       0x78 zephyr/libzephyr.a(log_core.c.obj)
 .text.log_1    0x0000000000001d58       0x28 zephyr/libzephyr.a(log_core.c.obj)
                0x0000000000001d58                log_1
 .text.log_2    0x0000000000001d80       0x30 zephyr/libzephyr.a(log_core.c.obj)
                0x0000000000001d80                log_2
 .text.log_3    0x0000000000001db0       0x36 zephyr/libzephyr.a(log_core.c.obj)
                0x0000000000001db0                log_3
 .text.log_n    0x0000000000001de6       0x16 zephyr/libzephyr.a(log_core.c.obj)
                0x0000000000001de6                log_n
 .text.log_panic
                0x0000000000001dfc       0x44 zephyr/libzephyr.a(log_core.c.obj)
                0x0000000000001dfc                log_panic
 .text.log_source_name_get
                0x0000000000001e40       0x1c zephyr/libzephyr.a(log_core.c.obj)
                0x0000000000001e40                log_source_name_get
 .text.log_filter_set
                0x0000000000001e5c       0x84 zephyr/libzephyr.a(log_core.c.obj)
                0x0000000000001e5c                log_filter_set
 .text.log_init
                0x0000000000001ee0       0xc4 zephyr/libzephyr.a(log_core.c.obj)
                0x0000000000001ee0                log_init
 .text.log_process_thread_func
                0x0000000000001fa4       0x38 zephyr/libzephyr.a(log_core.c.obj)
 .text.log_backend_enable
                0x0000000000001fdc       0x44 zephyr/libzephyr.a(log_core.c.obj)
                0x0000000000001fdc                log_backend_enable
 .text.log_backend_disable
                0x0000000000002020       0x30 zephyr/libzephyr.a(log_core.c.obj)
                0x0000000000002020                log_backend_disable
 .text.log_filter_get
                0x0000000000002050       0x2c zephyr/libzephyr.a(log_core.c.obj)
                0x0000000000002050                log_filter_get
 .text.log_strdup
                0x000000000000207c       0x54 zephyr/libzephyr.a(log_core.c.obj)
                0x000000000000207c                log_strdup
 .text.log_is_strdup
                0x00000000000020d0       0x1c zephyr/libzephyr.a(log_core.c.obj)
                0x00000000000020d0                log_is_strdup
 .text.log_free
                0x00000000000020ec       0x34 zephyr/libzephyr.a(log_core.c.obj)
                0x00000000000020ec                log_free
 .text.log_msg_hexdump_data_op
                0x0000000000002120       0xa4 zephyr/libzephyr.a(log_msg.c.obj)
 .text.log_msg_pool_init
                0x00000000000021c4       0x14 zephyr/libzephyr.a(log_msg.c.obj)
                0x00000000000021c4                log_msg_pool_init
 .text.log_msg_get
                0x00000000000021d8       0x1a zephyr/libzephyr.a(log_msg.c.obj)
                0x00000000000021d8                log_msg_get
 *fill*         0x00000000000021f2        0x2 
 .text.log_msg_no_space_handle
                0x00000000000021f4       0x30 zephyr/libzephyr.a(log_msg.c.obj)
                0x00000000000021f4                log_msg_no_space_handle
 .text.log_msg_chunk_alloc
                0x0000000000002224       0x24 zephyr/libzephyr.a(log_msg.c.obj)
 .text.log_msg_nargs_get
                0x0000000000002248        0x6 zephyr/libzephyr.a(log_msg.c.obj)
                0x0000000000002248                log_msg_nargs_get
 .text.log_msg_arg_get
                0x000000000000224e       0x3a zephyr/libzephyr.a(log_msg.c.obj)
                0x000000000000224e                log_msg_arg_get
 .text.msg_free
                0x0000000000002288       0x68 zephyr/libzephyr.a(log_msg.c.obj)
 .text.log_msg_put
                0x00000000000022f0       0x26 zephyr/libzephyr.a(log_msg.c.obj)
                0x00000000000022f0                log_msg_put
 .text.log_msg_str_get
                0x0000000000002316        0x4 zephyr/libzephyr.a(log_msg.c.obj)
                0x0000000000002316                log_msg_str_get
 .text.log_msg_create_n
                0x000000000000231a       0xae zephyr/libzephyr.a(log_msg.c.obj)
                0x000000000000231a                log_msg_create_n
 .text.log_msg_hexdump_data_get
                0x00000000000023c8        0xe zephyr/libzephyr.a(log_msg.c.obj)
                0x00000000000023c8                log_msg_hexdump_data_get
 *fill*         0x00000000000023d6        0x2 
 .text.print_formatted
                0x00000000000023d8       0x24 zephyr/libzephyr.a(log_output.c.obj)
 .text.log_output_flush
                0x00000000000023fc       0x24 zephyr/libzephyr.a(log_output.c.obj)
                0x00000000000023fc                log_output_flush
 .text.out_func
                0x0000000000002420       0x22 zephyr/libzephyr.a(log_output.c.obj)
 *fill*         0x0000000000002442        0x2 
 .text.log_output_msg_process
                0x0000000000002444      0x5b4 zephyr/libzephyr.a(log_output.c.obj)
                0x0000000000002444                log_output_msg_process
 .text.log_output_timestamp_freq_set
                0x00000000000029f8       0x30 zephyr/libzephyr.a(log_output.c.obj)
                0x00000000000029f8                log_output_timestamp_freq_set
 .text.char_out
                0x0000000000002a28       0x20 zephyr/libzephyr.a(log_backend_uart.c.obj)
 .text.panic    0x0000000000002a48        0x2 zephyr/libzephyr.a(log_backend_uart.c.obj)
 *fill*         0x0000000000002a4a        0x2 
 .text.log_backend_uart_init
                0x0000000000002a4c       0x18 zephyr/libzephyr.a(log_backend_uart.c.obj)
 .text.put      0x0000000000002a64       0x24 zephyr/libzephyr.a(log_backend_uart.c.obj)
 .text.severity_lvl_get
                0x0000000000002a88       0x24 zephyr/libzephyr.a(log_cmds.c.obj)
 .text.log_halt
                0x0000000000002aac        0x8 zephyr/libzephyr.a(log_cmds.c.obj)
 .text.log_go   0x0000000000002ab4        0xa zephyr/libzephyr.a(log_cmds.c.obj)
 *fill*         0x0000000000002abe        0x2 
 .text.backend_name_get
                0x0000000000002ac0       0x30 zephyr/libzephyr.a(log_cmds.c.obj)
 .text.log_status
                0x0000000000002af0       0xac zephyr/libzephyr.a(log_cmds.c.obj)
 .text.module_name_get
                0x0000000000002b9c       0x20 zephyr/libzephyr.a(log_cmds.c.obj)
 .text.filters_set
                0x0000000000002bbc       0xe4 zephyr/libzephyr.a(log_cmds.c.obj)
 .text.shell_backend_cmd_execute
                0x0000000000002ca0       0x7c zephyr/libzephyr.a(log_cmds.c.obj)
 .text.cmd_log_backend_status
                0x0000000000002d1c       0x10 zephyr/libzephyr.a(log_cmds.c.obj)
 .text.cmd_log_backend_halt
                0x0000000000002d2c        0xc zephyr/libzephyr.a(log_cmds.c.obj)
 .text.cmd_log_backend_go
                0x0000000000002d38        0xc zephyr/libzephyr.a(log_cmds.c.obj)
 .text.cmd_log_backend_enable
                0x0000000000002d44        0xc zephyr/libzephyr.a(log_cmds.c.obj)
 .text.cmd_log_backend_disable
                0x0000000000002d50        0xc zephyr/libzephyr.a(log_cmds.c.obj)
 .text.cmd_log  0x0000000000002d5c       0x44 zephyr/libzephyr.a(log_cmds.c.obj)
 .text.shell_state_precheck
                0x0000000000002da0       0x20 zephyr/libzephyr.a(log_cmds.c.obj)
 .text.cmd_log_self_halt
                0x0000000000002dc0       0x18 zephyr/libzephyr.a(log_cmds.c.obj)
 .text.cmd_log_self_go
                0x0000000000002dd8       0x18 zephyr/libzephyr.a(log_cmds.c.obj)
 .text.cmd_log_self_status
                0x0000000000002df0       0x20 zephyr/libzephyr.a(log_cmds.c.obj)
 .text.cmd_log_backends_list
                0x0000000000002e10       0x74 zephyr/libzephyr.a(log_cmds.c.obj)
 .text.log_enable
                0x0000000000002e84       0x7c zephyr/libzephyr.a(log_cmds.c.obj)
 .text.cmd_log_self_enable
                0x0000000000002f00       0x22 zephyr/libzephyr.a(log_cmds.c.obj)
 .text.log_disable
                0x0000000000002f22       0x3a zephyr/libzephyr.a(log_cmds.c.obj)
 .text.cmd_log_self_disable
                0x0000000000002f5c       0x22 zephyr/libzephyr.a(log_cmds.c.obj)
 *fill*         0x0000000000002f7e        0x2 
 .text.log_backend_rtt_init
                0x0000000000002f80       0x1c zephyr/libzephyr.a(log_backend_rtt.c.obj)
 .text.panic    0x0000000000002f9c        0xc zephyr/libzephyr.a(log_backend_rtt.c.obj)
 .text.put      0x0000000000002fa8       0x24 zephyr/libzephyr.a(log_backend_rtt.c.obj)
 .text.msg_out  0x0000000000002fcc      0x12c zephyr/libzephyr.a(log_backend_rtt.c.obj)
 .text.isspace  0x00000000000030f8       0x14 zephyr/libzephyr.a(shell.c.obj)
 .text.shell_raw_fprintf
                0x000000000000310c       0x1a zephyr/libzephyr.a(shell.c.obj)
 .text.shell_strlen
                0x0000000000003126        0x8 zephyr/libzephyr.a(shell.c.obj)
 *fill*         0x000000000000312e        0x2 
 .text.cmd_get  0x0000000000003130       0x54 zephyr/libzephyr.a(shell.c.obj)
 .text.cursor_next_line_move.isra.14
                0x0000000000003184        0xc zephyr/libzephyr.a(shell.c.obj)
 .text.vt100_color_set
                0x0000000000003190       0x48 zephyr/libzephyr.a(shell.c.obj)
 .text.shell_transport_evt_handler
                0x00000000000031d8       0x14 zephyr/libzephyr.a(shell.c.obj)
 .text.shell_write
                0x00000000000031ec       0x46 zephyr/libzephyr.a(shell.c.obj)
 .text.formatted_text_print.constprop.28
                0x0000000000003232       0xd6 zephyr/libzephyr.a(shell.c.obj)
 .text.shell_init
                0x0000000000003308       0xc0 zephyr/libzephyr.a(shell.c.obj)
                0x0000000000003308                shell_init
 .text.shell_print_stream
                0x00000000000033c8        0x4 zephyr/libzephyr.a(shell.c.obj)
                0x00000000000033c8                shell_print_stream
 .text.shell_fprintf
                0x00000000000033cc       0x9c zephyr/libzephyr.a(shell.c.obj)
                0x00000000000033cc                shell_fprintf
 .text.history_handle
                0x0000000000003468       0xb0 zephyr/libzephyr.a(shell.c.obj)
 .text.help_item_print
                0x0000000000003518       0x64 zephyr/libzephyr.a(shell.c.obj)
 .text.shell_state_set.constprop.31
                0x000000000000357c       0x20 zephyr/libzephyr.a(shell.c.obj)
 .text.shell_start
                0x000000000000359c       0x38 zephyr/libzephyr.a(shell.c.obj)
                0x000000000000359c                shell_start
 .text.shell_help_print
                0x00000000000035d4      0x1b0 zephyr/libzephyr.a(shell.c.obj)
                0x00000000000035d4                shell_help_print
 .text.shell_execute
                0x0000000000003784      0x1b0 zephyr/libzephyr.a(shell.c.obj)
 .text.shell_process
                0x0000000000003934      0x6a0 zephyr/libzephyr.a(shell.c.obj)
                0x0000000000003934                shell_process
 .text.shell_thread
                0x0000000000003fd4      0x144 zephyr/libzephyr.a(shell.c.obj)
                0x0000000000003fd4                shell_thread
 .text.shell_cmd_precheck
                0x0000000000004118       0x44 zephyr/libzephyr.a(shell.c.obj)
                0x0000000000004118                shell_cmd_precheck
 .text.shell_fprintf_buffer_flush
                0x000000000000415c       0x18 zephyr/libzephyr.a(shell_fprintf.c.obj)
                0x000000000000415c                shell_fprintf_buffer_flush
 .text.shell_fprintf_fmt
                0x0000000000004174       0x28 zephyr/libzephyr.a(shell_fprintf.c.obj)
                0x0000000000004174                shell_fprintf_fmt
 .text.out_func
                0x000000000000419c       0x38 zephyr/libzephyr.a(shell_fprintf.c.obj)
 .text.isspace  0x00000000000041d4       0x14 zephyr/libzephyr.a(shell_utils.c.obj)
 .text.shell_strlen
                0x00000000000041e8        0x8 zephyr/libzephyr.a(shell_utils.c.obj)
 .text.column_span_with_buffer_offsets_get
                0x00000000000041f0       0x1e zephyr/libzephyr.a(shell_utils.c.obj)
                0x00000000000041f0                column_span_with_buffer_offsets_get
 .text.row_span_with_buffer_offsets_get
                0x000000000000420e       0x16 zephyr/libzephyr.a(shell_utils.c.obj)
                0x000000000000420e                row_span_with_buffer_offsets_get
 .text.shell_multiline_data_calc
                0x0000000000004224       0x2c zephyr/libzephyr.a(shell_utils.c.obj)
                0x0000000000004224                shell_multiline_data_calc
 .text.shell_make_argv
                0x0000000000004250      0x180 zephyr/libzephyr.a(shell_utils.c.obj)
                0x0000000000004250                shell_make_argv
 .text.shell_buffer_trim
                0x00000000000043d0       0x5c zephyr/libzephyr.a(shell_utils.c.obj)
                0x00000000000043d0                shell_buffer_trim
 .text.shell_raw_fprintf
                0x000000000000442c       0x1a zephyr/libzephyr.a(shell_ops.c.obj)
 .text.full_line_cmd
                0x0000000000004446       0x26 zephyr/libzephyr.a(shell_ops.c.obj)
 .text.shell_op_cursor_vert_move
                0x000000000000446c       0x20 zephyr/libzephyr.a(shell_ops.c.obj)
                0x000000000000446c                shell_op_cursor_vert_move
 .text.shell_op_cursor_horiz_move
                0x000000000000448c       0x20 zephyr/libzephyr.a(shell_ops.c.obj)
                0x000000000000448c                shell_op_cursor_horiz_move
 .text.shell_cursor_in_empty_line
                0x00000000000044ac       0x26 zephyr/libzephyr.a(shell_ops.c.obj)
                0x00000000000044ac                shell_cursor_in_empty_line
 *fill*         0x00000000000044d2        0x2 
 .text.shell_op_cond_next_line
                0x00000000000044d4       0x28 zephyr/libzephyr.a(shell_ops.c.obj)
                0x00000000000044d4                shell_op_cond_next_line
 .text.shell_op_cursor_position_synchronize
                0x00000000000044fc       0x4c zephyr/libzephyr.a(shell_ops.c.obj)
                0x00000000000044fc                shell_op_cursor_position_synchronize
 .text.shell_op_cursor_move
                0x0000000000004548       0x48 zephyr/libzephyr.a(shell_ops.c.obj)
                0x0000000000004548                shell_op_cursor_move
 .text.reprint_from_cursor
                0x0000000000004590       0x5c zephyr/libzephyr.a(shell_ops.c.obj)
 .text.data_insert
                0x00000000000045ec       0x64 zephyr/libzephyr.a(shell_ops.c.obj)
 .text.shell_op_word_remove
                0x0000000000004650       0xb4 zephyr/libzephyr.a(shell_ops.c.obj)
                0x0000000000004650                shell_op_word_remove
 .text.shell_op_cursor_home_move
                0x0000000000004704        0xc zephyr/libzephyr.a(shell_ops.c.obj)
                0x0000000000004704                shell_op_cursor_home_move
 .text.shell_op_cursor_end_move
                0x0000000000004710        0xe zephyr/libzephyr.a(shell_ops.c.obj)
                0x0000000000004710                shell_op_cursor_end_move
 .text.shell_op_left_arrow
                0x000000000000471e       0x10 zephyr/libzephyr.a(shell_ops.c.obj)
                0x000000000000471e                shell_op_left_arrow
 .text.shell_op_right_arrow
                0x000000000000472e       0x12 zephyr/libzephyr.a(shell_ops.c.obj)
                0x000000000000472e                shell_op_right_arrow
 .text.char_replace
                0x0000000000004740       0x3c zephyr/libzephyr.a(shell_ops.c.obj)
                0x0000000000004740                char_replace
 .text.shell_op_char_insert
                0x000000000000477c       0x32 zephyr/libzephyr.a(shell_ops.c.obj)
                0x000000000000477c                shell_op_char_insert
 .text.shell_op_char_delete
                0x00000000000047ae       0x36 zephyr/libzephyr.a(shell_ops.c.obj)
                0x00000000000047ae                shell_op_char_delete
 .text.shell_op_char_backspace
                0x00000000000047e4       0x22 zephyr/libzephyr.a(shell_ops.c.obj)
                0x00000000000047e4                shell_op_char_backspace
 .text.shell_op_completion_insert
                0x0000000000004806        0x4 zephyr/libzephyr.a(shell_ops.c.obj)
                0x0000000000004806                shell_op_completion_insert
 .text.timer_handler
                0x000000000000480a       0x26 zephyr/libzephyr.a(shell_uart.c.obj)
 .text.uninit   0x0000000000004830        0x4 zephyr/libzephyr.a(shell_uart.c.obj)
 .text.enable   0x0000000000004834        0x4 zephyr/libzephyr.a(shell_uart.c.obj)
 .text.write    0x0000000000004838       0x32 zephyr/libzephyr.a(shell_uart.c.obj)
 .text.read     0x000000000000486a       0x24 zephyr/libzephyr.a(shell_uart.c.obj)
 *fill*         0x000000000000488e        0x2 
 .text.init     0x0000000000004890       0x38 zephyr/libzephyr.a(shell_uart.c.obj)
 .text.enable_shell_uart
                0x00000000000048c8       0x20 zephyr/libzephyr.a(shell_uart.c.obj)
 .text.cmd_shell_stats_reset
                0x00000000000048e8       0x22 zephyr/libzephyr.a(shell_cmds.c.obj)
 .text.cmd_echo_on
                0x000000000000490a       0x2c zephyr/libzephyr.a(shell_cmds.c.obj)
 .text.cmd_echo_off
                0x0000000000004936       0x2c zephyr/libzephyr.a(shell_cmds.c.obj)
 .text.cmd_colors_on
                0x0000000000004962       0x2c zephyr/libzephyr.a(shell_cmds.c.obj)
 .text.cmd_colors_off
                0x000000000000498e       0x2c zephyr/libzephyr.a(shell_cmds.c.obj)
 .text.cmd_bacskpace_mode_delete
                0x00000000000049ba       0x2c zephyr/libzephyr.a(shell_cmds.c.obj)
 .text.cmd_bacskpace_mode_backspace
                0x00000000000049e6       0x2c zephyr/libzephyr.a(shell_cmds.c.obj)
 .text.shell_raw_fprintf
                0x0000000000004a12       0x1a zephyr/libzephyr.a(shell_cmds.c.obj)
 .text.cmd_help
                0x0000000000004a2c       0x14 zephyr/libzephyr.a(shell_cmds.c.obj)
 .text.cmd_clear
                0x0000000000004a40       0x3c zephyr/libzephyr.a(shell_cmds.c.obj)
 .text.cmd_resize_default
                0x0000000000004a7c       0x38 zephyr/libzephyr.a(shell_cmds.c.obj)
 .text.cmd_shell.part.6
                0x0000000000004ab4       0x28 zephyr/libzephyr.a(shell_cmds.c.obj)
 .text.cmd_shell
                0x0000000000004adc       0x2c zephyr/libzephyr.a(shell_cmds.c.obj)
 .text.cmd_shell_stats_show
                0x0000000000004b08       0x30 zephyr/libzephyr.a(shell_cmds.c.obj)
 .text.cmd_echo
                0x0000000000004b38       0x5c zephyr/libzephyr.a(shell_cmds.c.obj)
 .text.cmd_colors
                0x0000000000004b94       0x2c zephyr/libzephyr.a(shell_cmds.c.obj)
 .text.cmd_bacskpace_mode
                0x0000000000004bc0       0x2c zephyr/libzephyr.a(shell_cmds.c.obj)
 .text.cmd_shell_stats
                0x0000000000004bec       0x4c zephyr/libzephyr.a(shell_cmds.c.obj)
 .text.cmd_history
                0x0000000000004c38       0x60 zephyr/libzephyr.a(shell_cmds.c.obj)
 .text.cmd_resize
                0x0000000000004c98      0x19c zephyr/libzephyr.a(shell_cmds.c.obj)
 .text.remove_from_tail
                0x0000000000004e34       0x2e zephyr/libzephyr.a(shell_history.c.obj)
 .text.shell_history_mode_exit
                0x0000000000004e62        0x6 zephyr/libzephyr.a(shell_history.c.obj)
                0x0000000000004e62                shell_history_mode_exit
 .text.shell_history_get
                0x0000000000004e68       0x56 zephyr/libzephyr.a(shell_history.c.obj)
                0x0000000000004e68                shell_history_get
 .text.shell_history_purge
                0x0000000000004ebe       0x16 zephyr/libzephyr.a(shell_history.c.obj)
                0x0000000000004ebe                shell_history_purge
 .text.shell_history_put
                0x0000000000004ed4       0x74 zephyr/libzephyr.a(shell_history.c.obj)
                0x0000000000004ed4                shell_history_put
 .text.shell_history_init
                0x0000000000004f48        0xc zephyr/libzephyr.a(shell_history.c.obj)
                0x0000000000004f48                shell_history_init
 .text.msg_from_fifo
                0x0000000000004f54       0x28 zephyr/libzephyr.a(shell_log_backend.c.obj)
 .text.put      0x0000000000004f7c       0x7a zephyr/libzephyr.a(shell_log_backend.c.obj)
 .text.shell_log_backend_output_func
                0x0000000000004ff6       0x14 zephyr/libzephyr.a(shell_log_backend.c.obj)
                0x0000000000004ff6                shell_log_backend_output_func
 .text.shell_log_backend_enable
                0x000000000000500a       0x1e zephyr/libzephyr.a(shell_log_backend.c.obj)
                0x000000000000500a                shell_log_backend_enable
 .text.shell_log_backend_disable
                0x0000000000005028       0x20 zephyr/libzephyr.a(shell_log_backend.c.obj)
                0x0000000000005028                shell_log_backend_disable
 .text.shell_log_backend_process
                0x0000000000005048       0x26 zephyr/libzephyr.a(shell_log_backend.c.obj)
                0x0000000000005048                shell_log_backend_process
 .text.panic    0x000000000000506e       0x52 zephyr/libzephyr.a(shell_log_backend.c.obj)
 .text.sys_rand32_get
                0x00000000000050c0       0x50 zephyr/libzephyr.a(rand32_entropy_device.c.obj)
                0x00000000000050c0                sys_rand32_get
 .text.console_out
                0x0000000000005110       0x28 zephyr/libzephyr.a(uart_console.c.obj)
 .text.uart_console_hook_install
                0x0000000000005138        0xc zephyr/libzephyr.a(uart_console.c.obj)
                0x0000000000005138                uart_console_hook_install
 .text.uart_console_init
                0x0000000000005144       0x1c zephyr/libzephyr.a(uart_console.c.obj)
 .text.rtt_console_init
                0x0000000000005160       0x18 zephyr/libzephyr.a(rtt_console.c.obj)
 .text.rtt_console_out
                0x0000000000005178       0x68 zephyr/libzephyr.a(rtt_console.c.obj)
 .text._m16src_stop
                0x00000000000051e0       0x60 zephyr/libzephyr.a(nrf5_power_clock.c.obj)
 .text._clock_control_init
                0x0000000000005240       0x16 zephyr/libzephyr.a(nrf5_power_clock.c.obj)
 *fill*         0x0000000000005256        0x2 
 .text._m16src_start
                0x0000000000005258       0xb4 zephyr/libzephyr.a(nrf5_power_clock.c.obj)
 .text._k32src_start
                0x000000000000530c       0x90 zephyr/libzephyr.a(nrf5_power_clock.c.obj)
 .text._power_clock_isr
                0x000000000000539c       0xac zephyr/libzephyr.a(nrf5_power_clock.c.obj)
 .text.rtc_compare_set
                0x0000000000005448       0x30 zephyr/libzephyr.a(nrf_rtc_timer.c.obj)
 .text.rtc_announce_set_next
                0x0000000000005478       0x60 zephyr/libzephyr.a(nrf_rtc_timer.c.obj)
 .text.rtc1_nrf5_isr
                0x00000000000054d8       0x10 zephyr/libzephyr.a(nrf_rtc_timer.c.obj)
                0x00000000000054d8                rtc1_nrf5_isr
 .text.z_clock_set_timeout
                0x00000000000054e8        0x2 zephyr/libzephyr.a(nrf_rtc_timer.c.obj)
                0x00000000000054e8                z_clock_set_timeout
 .text.z_clock_elapsed
                0x00000000000054ea        0x4 zephyr/libzephyr.a(nrf_rtc_timer.c.obj)
                0x00000000000054ea                z_clock_elapsed
 *fill*         0x00000000000054ee        0x2 
 .text.z_clock_idle_exit
                0x00000000000054f0       0x2c zephyr/libzephyr.a(nrf_rtc_timer.c.obj)
                0x00000000000054f0                z_clock_idle_exit
 .text.z_clock_driver_init
                0x000000000000551c       0x80 zephyr/libzephyr.a(nrf_rtc_timer.c.obj)
                0x000000000000551c                z_clock_driver_init
 .text._timer_cycle_get_32
                0x000000000000559c       0x20 zephyr/libzephyr.a(nrf_rtc_timer.c.obj)
                0x000000000000559c                _timer_cycle_get_32
 .text._HandlerModeExit
                0x00000000000055bc       0x1c zephyr/arch/arm/core/libarch__arm__core.a(exc_exit.S.obj)
                0x00000000000055bc                _ExcExit
                0x00000000000055bc                _IntExit
 .text._IntLibInit
                0x00000000000055d8       0x18 zephyr/arch/arm/core/libarch__arm__core.a(irq_init.c.obj)
                0x00000000000055d8                _IntLibInit
 .text.__swap   0x00000000000055f0       0x30 zephyr/arch/arm/core/libarch__arm__core.a(swap.c.obj)
                0x00000000000055f0                __swap
 .text.__pendsv
                0x0000000000005620       0x44 zephyr/arch/arm/core/libarch__arm__core.a(swap_helper.S.obj)
                0x0000000000005620                __pendsv
 .text.__svc    0x0000000000005664       0x24 zephyr/arch/arm/core/libarch__arm__core.a(swap_helper.S.obj)
                0x0000000000005664                __svc
 .text._MpuFault.isra.2
                0x0000000000005688       0x88 zephyr/arch/arm/core/libarch__arm__core.a(fault.c.obj)
 .text._BusFault.isra.3
                0x0000000000005710       0x94 zephyr/arch/arm/core/libarch__arm__core.a(fault.c.obj)
 .text._UsageFault.isra.5
                0x00000000000057a4       0x88 zephyr/arch/arm/core/libarch__arm__core.a(fault.c.obj)
 .text._Fault   0x000000000000582c       0xd0 zephyr/arch/arm/core/libarch__arm__core.a(fault.c.obj)
                0x000000000000582c                _Fault
 .text._FaultInit
                0x00000000000058fc       0x10 zephyr/arch/arm/core/libarch__arm__core.a(fault.c.obj)
                0x00000000000058fc                _FaultInit
 .text._arch_irq_enable
                0x000000000000590c       0x20 zephyr/arch/arm/core/libarch__arm__core.a(irq_manage.c.obj)
                0x000000000000590c                _arch_irq_enable
 .text._arch_irq_disable
                0x000000000000592c       0x28 zephyr/arch/arm/core/libarch__arm__core.a(irq_manage.c.obj)
                0x000000000000592c                _arch_irq_disable
 .text._arch_irq_is_enabled
                0x0000000000005954       0x1c zephyr/arch/arm/core/libarch__arm__core.a(irq_manage.c.obj)
                0x0000000000005954                _arch_irq_is_enabled
 .text._irq_priority_set
                0x0000000000005970       0x30 zephyr/arch/arm/core/libarch__arm__core.a(irq_manage.c.obj)
                0x0000000000005970                _irq_priority_set
 .text._irq_spurious
                0x00000000000059a0        0x4 zephyr/arch/arm/core/libarch__arm__core.a(irq_manage.c.obj)
                0x00000000000059a0                _irq_spurious
 .text._arch_isr_direct_pm
                0x00000000000059a4       0x1c zephyr/arch/arm/core/libarch__arm__core.a(irq_manage.c.obj)
                0x00000000000059a4                _arch_isr_direct_pm
 .text._arch_isr_direct_header
                0x00000000000059c0        0x2 zephyr/arch/arm/core/libarch__arm__core.a(irq_manage.c.obj)
                0x00000000000059c0                _arch_isr_direct_header
 *fill*         0x00000000000059c2        0x2 
 .text._new_thread
                0x00000000000059c4       0x58 zephyr/arch/arm/core/libarch__arm__core.a(thread.c.obj)
                0x00000000000059c4                _new_thread
 .text._CpuIdleInit
                0x0000000000005a1c        0xc zephyr/arch/arm/core/libarch__arm__core.a(cpu_idle.S.obj)
                0x0000000000005a1c                _CpuIdleInit
 .text.k_cpu_idle
                0x0000000000005a28        0xc zephyr/arch/arm/core/libarch__arm__core.a(cpu_idle.S.obj)
                0x0000000000005a28                k_cpu_idle
 .text.__fault  0x0000000000005a34       0x28 zephyr/arch/arm/core/libarch__arm__core.a(fault_s.S.obj)
                0x0000000000005a34                __usage_fault
                0x0000000000005a34                __reserved
                0x0000000000005a34                __bus_fault
                0x0000000000005a34                __debug_monitor
                0x0000000000005a34                __mpu_fault
                0x0000000000005a34                __hard_fault
 .text._NanoFatalErrorHandler
                0x0000000000005a5c       0x68 zephyr/arch/arm/core/libarch__arm__core.a(fatal.c.obj)
                0x0000000000005a5c                _NanoFatalErrorHandler
 .text._do_kernel_oops
                0x0000000000005ac4        0x8 zephyr/arch/arm/core/libarch__arm__core.a(fatal.c.obj)
                0x0000000000005ac4                _do_kernel_oops
 .text._SysFatalErrorHandler
                0x0000000000005acc       0x58 zephyr/arch/arm/core/libarch__arm__core.a(sys_fatal_error_handler.c.obj)
                0x0000000000005acc                _SysFatalErrorHandler
 .text._impl_k_thread_abort
                0x0000000000005b24       0x48 zephyr/arch/arm/core/libarch__arm__core.a(thread_abort.c.obj)
                0x0000000000005b24                _impl_k_thread_abort
 .text._isr_wrapper
                0x0000000000005b6c       0x3c zephyr/arch/arm/core/libarch__arm__core.a(isr_wrapper.S.obj)
                0x0000000000005b6c                _isr_wrapper
 .text._reset_section
                0x0000000000005ba8       0x34 zephyr/arch/arm/core/cortex_m/libarch__arm__core__cortex_m.a(reset.S.obj)
                0x0000000000005ba8                __reset
                0x0000000000005ba8                __start
 .text._SysNmiOnReset
                0x0000000000005bdc        0x8 zephyr/arch/arm/core/cortex_m/libarch__arm__core__cortex_m.a(nmi_on_reset.S.obj)
                0x0000000000005bdc                _SysNmiOnReset
 .text._PrepC   0x0000000000005be4       0x28 zephyr/arch/arm/core/cortex_m/libarch__arm__core__cortex_m.a(prep_c.c.obj)
                0x0000000000005be4                _PrepC
 .text.__nmi    0x0000000000005c0c        0xe zephyr/arch/arm/core/cortex_m/libarch__arm__core__cortex_m.a(nmi.c.obj)
                0x0000000000005c0c                __nmi
 *fill*         0x0000000000005c1a        0x2 
 .text.arm_core_mpu_enable
                0x0000000000005c1c       0x14 zephyr/arch/arm/core/cortex_m/mpu/libarch__arm__core__cortex_m__mpu.a(arm_mpu.c.obj)
                0x0000000000005c1c                arm_core_mpu_enable
 .text.arm_mpu_init
                0x0000000000005c30       0x50 zephyr/arch/arm/core/cortex_m/mpu/libarch__arm__core__cortex_m__mpu.a(arm_mpu.c.obj)
 .text.strtol   0x0000000000005c80       0xec zephyr/lib/libc/minimal/liblib__libc__minimal.a(strtol.c.obj)
                0x0000000000005c80                strtol
 .text.strcpy   0x0000000000005d6c       0x14 zephyr/lib/libc/minimal/liblib__libc__minimal.a(string.c.obj)
                0x0000000000005d6c                strcpy
 .text.strncpy  0x0000000000005d80       0x26 zephyr/lib/libc/minimal/liblib__libc__minimal.a(string.c.obj)
                0x0000000000005d80                strncpy
 .text.strchr   0x0000000000005da6       0x1c zephyr/lib/libc/minimal/liblib__libc__minimal.a(string.c.obj)
                0x0000000000005da6                strchr
 .text.strrchr  0x0000000000005dc2       0x1a zephyr/lib/libc/minimal/liblib__libc__minimal.a(string.c.obj)
                0x0000000000005dc2                strrchr
 .text.strlen   0x0000000000005ddc       0x10 zephyr/lib/libc/minimal/liblib__libc__minimal.a(string.c.obj)
                0x0000000000005ddc                strlen
 .text.strcmp   0x0000000000005dec       0x1a zephyr/lib/libc/minimal/liblib__libc__minimal.a(string.c.obj)
                0x0000000000005dec                strcmp
 .text.strncmp  0x0000000000005e06       0x1e zephyr/lib/libc/minimal/liblib__libc__minimal.a(string.c.obj)
                0x0000000000005e06                strncmp
 .text.strcat   0x0000000000005e24       0x16 zephyr/lib/libc/minimal/liblib__libc__minimal.a(string.c.obj)
                0x0000000000005e24                strcat
 .text.memcmp   0x0000000000005e3a       0x20 zephyr/lib/libc/minimal/liblib__libc__minimal.a(string.c.obj)
                0x0000000000005e3a                memcmp
 .text.memmove  0x0000000000005e5a       0x2e zephyr/lib/libc/minimal/liblib__libc__minimal.a(string.c.obj)
                0x0000000000005e5a                memmove
 .text.memcpy   0x0000000000005e88       0x5a zephyr/lib/libc/minimal/liblib__libc__minimal.a(string.c.obj)
                0x0000000000005e88                memcpy
 .text.memset   0x0000000000005ee2       0x42 zephyr/lib/libc/minimal/liblib__libc__minimal.a(string.c.obj)
                0x0000000000005ee2                memset
 .text._to_x    0x0000000000005f24       0x50 zephyr/lib/libc/minimal/liblib__libc__minimal.a(prf.c.obj)
 .text._rlrshift
                0x0000000000005f74       0x28 zephyr/lib/libc/minimal/liblib__libc__minimal.a(prf.c.obj)
 .text._ldiv5   0x0000000000005f9c       0x62 zephyr/lib/libc/minimal/liblib__libc__minimal.a(prf.c.obj)
 .text._get_digit
                0x0000000000005ffe       0x36 zephyr/lib/libc/minimal/liblib__libc__minimal.a(prf.c.obj)
 .text._prf     0x0000000000006034      0x7cc zephyr/lib/libc/minimal/liblib__libc__minimal.a(prf.c.obj)
                0x0000000000006034                _prf
 .text._stdout_hook_default
                0x0000000000006800        0x6 zephyr/lib/libc/minimal/liblib__libc__minimal.a(stdout_console.c.obj)
 *fill*         0x0000000000006806        0x2 
 .text.__stdout_hook_install
                0x0000000000006808        0xc zephyr/lib/libc/minimal/liblib__libc__minimal.a(stdout_console.c.obj)
                0x0000000000006808                __stdout_hook_install
 .text._impl__zephyr_fputc
                0x0000000000006814       0x14 zephyr/lib/libc/minimal/liblib__libc__minimal.a(stdout_console.c.obj)
                0x0000000000006814                _impl__zephyr_fputc
 .text.fputc    0x0000000000006828        0x4 zephyr/lib/libc/minimal/liblib__libc__minimal.a(stdout_console.c.obj)
                0x0000000000006828                fputc
 .text.printf   0x000000000000682c       0x24 zephyr/lib/libc/minimal/liblib__libc__minimal.a(fprintf.c.obj)
                0x000000000000682c                printf
 .text.bt_hex_real
                0x0000000000006850       0x48 zephyr/subsys/bluetooth/common/libsubsys__bluetooth__common.a(log.c.obj)
                0x0000000000006850                bt_hex_real
 .text.bt_addr_le_str_real
                0x0000000000006898       0x7c zephyr/subsys/bluetooth/common/libsubsys__bluetooth__common.a(log.c.obj)
                0x0000000000006898                bt_addr_le_str_real
 .text.ah       0x0000000000006914       0x3a zephyr/subsys/bluetooth/common/libsubsys__bluetooth__common.a(rpa.c.obj)
 .text.bt_rpa_irk_matches
                0x000000000000694e       0x26 zephyr/subsys/bluetooth/common/libsubsys__bluetooth__common.a(rpa.c.obj)
                0x000000000000694e                bt_rpa_irk_matches
 .text.bt_rpa_create
                0x0000000000006974       0x2e zephyr/subsys/bluetooth/common/libsubsys__bluetooth__common.a(rpa.c.obj)
                0x0000000000006974                bt_rpa_create
 *fill*         0x00000000000069a2        0x2 
 .text.uuid_to_uuid128
                0x00000000000069a4       0x7c zephyr/subsys/bluetooth/host/libsubsys__bluetooth__host.a(uuid.c.obj)
 .text.bt_uuid_cmp
                0x0000000000006a20       0x54 zephyr/subsys/bluetooth/host/libsubsys__bluetooth__host.a(uuid.c.obj)
                0x0000000000006a20                bt_uuid_cmp
 .text.ver_str  0x0000000000006a74       0x38 zephyr/subsys/bluetooth/host/libsubsys__bluetooth__host.a(hci_core.c.obj)
 .text.bt_addr_le_copy
                0x0000000000006aac        0x6 zephyr/subsys/bluetooth/host/libsubsys__bluetooth__host.a(hci_core.c.obj)
 .text.atomic_or
                0x0000000000006ab2       0x1e zephyr/subsys/bluetooth/host/libsubsys__bluetooth__host.a(hci_core.c.obj)
 .text.atomic_and
                0x0000000000006ad0       0x1e zephyr/subsys/bluetooth/host/libsubsys__bluetooth__host.a(hci_core.c.obj)
 *fill*         0x0000000000006aee        0x2 
 .text.stack_analyze
                0x0000000000006af0       0x34 zephyr/subsys/bluetooth/host/libsubsys__bluetooth__host.a(hci_core.c.obj)
 .text.hci_stack_dump
                0x0000000000006b24        0xc zephyr/subsys/bluetooth/host/libsubsys__bluetooth__host.a(hci_core.c.obj)
 .text.update_sec_level
                0x0000000000006b30       0x80 zephyr/subsys/bluetooth/host/libsubsys__bluetooth__host.a(hci_core.c.obj)
 .text.find_pending_connect
                0x0000000000006bb0       0x1a zephyr/subsys/bluetooth/host/libsubsys__bluetooth__host.a(hci_core.c.obj)
 *fill*         0x0000000000006bca        0x2 
 .text.hci_cmd_done
                0x0000000000006bcc      0x100 zephyr/subsys/bluetooth/host/libsubsys__bluetooth__host.a(hci_core.c.obj)
 .text.id_find  0x0000000000006ccc       0x34 zephyr/subsys/bluetooth/host/libsubsys__bluetooth__host.a(hci_core.c.obj)
 .text.atomic_test_bit
                0x0000000000006d00       0x12 zephyr/subsys/bluetooth/host/libsubsys__bluetooth__host.a(hci_core.c.obj)
 *fill*         0x0000000000006d12        0x2 
 .text.slave_update_conn_param
                0x0000000000006d14       0x28 zephyr/subsys/bluetooth/host/libsubsys__bluetooth__host.a(hci_core.c.obj)
 .text.sys_put_le64
                0x0000000000006d3c       0x20 zephyr/subsys/bluetooth/host/libsubsys__bluetooth__host.a(hci_core.c.obj)
 .text.bt_hci_cmd_create
                0x0000000000006d5c       0x60 zephyr/subsys/bluetooth/host/libsubsys__bluetooth__host.a(hci_core.c.obj)
                0x0000000000006d5c                bt_hci_cmd_create
 .text.bt_hci_cmd_send_sync
                0x0000000000006dbc       0x7c zephyr/subsys/bluetooth/host/libsubsys__bluetooth__host.a(hci_core.c.obj)
                0x0000000000006dbc                bt_hci_cmd_send_sync
 .text.hci_id_add
                0x0000000000006e38       0x50 zephyr/subsys/bluetooth/host/libsubsys__bluetooth__host.a(hci_core.c.obj)
 .text.keys_add_id
                0x0000000000006e88        0xa zephyr/subsys/bluetooth/host/libsubsys__bluetooth__host.a(hci_core.c.obj)
 .text.addr_res_enable
                0x0000000000006e92       0x30 zephyr/subsys/bluetooth/host/libsubsys__bluetooth__host.a(hci_core.c.obj)
 *fill*         0x0000000000006ec2        0x2 
 .text.set_le_scan_enable
                0x0000000000006ec4       0x6c zephyr/subsys/bluetooth/host/libsubsys__bluetooth__host.a(hci_core.c.obj)
 .text.set_advertise_enable
                0x0000000000006f30       0x54 zephyr/subsys/bluetooth/host/libsubsys__bluetooth__host.a(hci_core.c.obj)
 .text.set_random_address
                0x0000000000006f84       0x5c zephyr/subsys/bluetooth/host/libsubsys__bluetooth__host.a(hci_core.c.obj)
 .text.le_set_private_addr.isra.26
                0x0000000000006fe0       0x24 zephyr/subsys/bluetooth/host/libsubsys__bluetooth__host.a(hci_core.c.obj)
 .text.set_ad   0x0000000000007004       0xf0 zephyr/subsys/bluetooth/host/libsubsys__bluetooth__host.a(hci_core.c.obj)
 .text.le_adv_update
                0x00000000000070f4       0x94 zephyr/subsys/bluetooth/host/libsubsys__bluetooth__host.a(hci_core.c.obj)
 .text.bt_le_conn_params_valid
                0x0000000000007188       0x40 zephyr/subsys/bluetooth/host/libsubsys__bluetooth__host.a(hci_core.c.obj)
                0x0000000000007188                bt_le_conn_params_valid
 .text.bt_id_add
                0x00000000000071c8      0x250 zephyr/subsys/bluetooth/host/libsubsys__bluetooth__host.a(hci_core.c.obj)
                0x00000000000071c8                bt_id_add
 .text.bt_id_del
                0x0000000000007418      0x180 zephyr/subsys/bluetooth/host/libsubsys__bluetooth__host.a(hci_core.c.obj)
                0x0000000000007418                bt_id_del
 .text.update_pending_id
                0x0000000000007598       0x20 zephyr/subsys/bluetooth/host/libsubsys__bluetooth__host.a(hci_core.c.obj)
 .text.bt_addr_le_create_static
                0x00000000000075b8       0x1c zephyr/subsys/bluetooth/host/libsubsys__bluetooth__host.a(hci_core.c.obj)
                0x00000000000075b8                bt_addr_le_create_static
 .text.id_create.isra.30
                0x00000000000075d4       0x58 zephyr/subsys/bluetooth/host/libsubsys__bluetooth__host.a(hci_core.c.obj)
 .text.bt_dev_show_info
                0x000000000000762c      0x154 zephyr/subsys/bluetooth/host/libsubsys__bluetooth__host.a(hci_core.c.obj)
                0x000000000000762c                bt_dev_show_info
 .text.bt_send  0x0000000000007780       0x10 zephyr/subsys/bluetooth/host/libsubsys__bluetooth__host.a(hci_core.c.obj)
                0x0000000000007780                bt_send
 .text.bt_hci_cmd_send
                0x0000000000007790       0x84 zephyr/subsys/bluetooth/host/libsubsys__bluetooth__host.a(hci_core.c.obj)
                0x0000000000007790                bt_hci_cmd_send
 .text.start_le_scan
                0x0000000000007814       0xb4 zephyr/subsys/bluetooth/host/libsubsys__bluetooth__host.a(hci_core.c.obj)
 .text.bt_le_scan_update
                0x00000000000078c8       0x64 zephyr/subsys/bluetooth/host/libsubsys__bluetooth__host.a(hci_core.c.obj)
                0x00000000000078c8                bt_le_scan_update
 .text.hci_le_set_phy.isra.35
                0x000000000000792c       0x40 zephyr/subsys/bluetooth/host/libsubsys__bluetooth__host.a(hci_core.c.obj)
 .text.hci_le_set_data_len.isra.36
                0x000000000000796c       0x54 zephyr/subsys/bluetooth/host/libsubsys__bluetooth__host.a(hci_core.c.obj)
 .text.le_enh_conn_complete
                0x00000000000079c0      0x220 zephyr/subsys/bluetooth/host/libsubsys__bluetooth__host.a(hci_core.c.obj)
 .text.le_conn_param_neg_reply
                0x0000000000007be0       0x34 zephyr/subsys/bluetooth/host/libsubsys__bluetooth__host.a(hci_core.c.obj)
 .text.hci_tx_thread
                0x0000000000007c14      0x1f4 zephyr/subsys/bluetooth/host/libsubsys__bluetooth__host.a(hci_core.c.obj)
 .text.bt_recv  0x0000000000007e08      0xb8c zephyr/subsys/bluetooth/host/libsubsys__bluetooth__host.a(hci_core.c.obj)
                0x0000000000007e08                bt_recv
 .text.bt_recv_prio
                0x0000000000008994      0x264 zephyr/subsys/bluetooth/host/libsubsys__bluetooth__host.a(hci_core.c.obj)
                0x0000000000008994                bt_recv_prio
 .text.bt_hci_driver_register
                0x0000000000008bf8       0x28 zephyr/subsys/bluetooth/host/libsubsys__bluetooth__host.a(hci_core.c.obj)
                0x0000000000008bf8                bt_hci_driver_register
 .text.bt_get_name
                0x0000000000008c20        0x8 zephyr/subsys/bluetooth/host/libsubsys__bluetooth__host.a(hci_core.c.obj)
                0x0000000000008c20                bt_get_name
 .text.bt_id_create
                0x0000000000008c28       0xc4 zephyr/subsys/bluetooth/host/libsubsys__bluetooth__host.a(hci_core.c.obj)
                0x0000000000008c28                bt_id_create
 .text.bt_setup_id_addr
                0x0000000000008cec      0x14c zephyr/subsys/bluetooth/host/libsubsys__bluetooth__host.a(hci_core.c.obj)
                0x0000000000008cec                bt_setup_id_addr
 .text.bt_init  0x0000000000008e38      0x68c zephyr/subsys/bluetooth/host/libsubsys__bluetooth__host.a(hci_core.c.obj)
 .text.init_work
                0x00000000000094c4       0x18 zephyr/subsys/bluetooth/host/libsubsys__bluetooth__host.a(hci_core.c.obj)
 .text.bt_enable
                0x00000000000094dc      0x10c zephyr/subsys/bluetooth/host/libsubsys__bluetooth__host.a(hci_core.c.obj)
                0x00000000000094dc                bt_enable
 .text.bt_addr_le_is_bonded
                0x00000000000095e8       0x12 zephyr/subsys/bluetooth/host/libsubsys__bluetooth__host.a(hci_core.c.obj)
                0x00000000000095e8                bt_addr_le_is_bonded
 *fill*         0x00000000000095fa        0x2 
 .text.bt_le_adv_start_internal
                0x00000000000095fc      0x1dc zephyr/subsys/bluetooth/host/libsubsys__bluetooth__host.a(hci_core.c.obj)
                0x00000000000095fc                bt_le_adv_start_internal
 .text.bt_le_adv_start
                0x00000000000097d8       0x1e zephyr/subsys/bluetooth/host/libsubsys__bluetooth__host.a(hci_core.c.obj)
                0x00000000000097d8                bt_le_adv_start
 *fill*         0x00000000000097f6        0x2 
 .text.bt_le_adv_stop
                0x00000000000097f8       0x4c zephyr/subsys/bluetooth/host/libsubsys__bluetooth__host.a(hci_core.c.obj)
                0x00000000000097f8                bt_le_adv_stop
 .text.bt_buf_get_rx
                0x0000000000009844       0x20 zephyr/subsys/bluetooth/host/libsubsys__bluetooth__host.a(hci_core.c.obj)
                0x0000000000009844                bt_buf_get_rx
 .text.bt_buf_get_cmd_complete
                0x0000000000009864       0x44 zephyr/subsys/bluetooth/host/libsubsys__bluetooth__host.a(hci_core.c.obj)
                0x0000000000009864                bt_buf_get_cmd_complete
 .text.bt_pub_key_gen
                0x00000000000098a8       0xf8 zephyr/subsys/bluetooth/host/libsubsys__bluetooth__host.a(hci_core.c.obj)
                0x00000000000098a8                bt_pub_key_gen
 .text.bt_dh_key_gen
                0x00000000000099a0       0x74 zephyr/subsys/bluetooth/host/libsubsys__bluetooth__host.a(hci_core.c.obj)
                0x00000000000099a0                bt_dh_key_gen
 .text.notify_connected
                0x0000000000009a14       0x20 zephyr/subsys/bluetooth/host/libsubsys__bluetooth__host.a(conn.c.obj)
 .text.atomic_get
                0x0000000000009a34        0xc zephyr/subsys/bluetooth/host/libsubsys__bluetooth__host.a(conn.c.obj)
 .text.bt_conn_reset_rx_state
                0x0000000000009a40       0x16 zephyr/subsys/bluetooth/host/libsubsys__bluetooth__host.a(conn.c.obj)
 .text.atomic_dec
                0x0000000000009a56       0x1a zephyr/subsys/bluetooth/host/libsubsys__bluetooth__host.a(conn.c.obj)
 .text.atomic_inc
                0x0000000000009a70       0x1a zephyr/subsys/bluetooth/host/libsubsys__bluetooth__host.a(conn.c.obj)
 *fill*         0x0000000000009a8a        0x2 
 .text.bt_conn_get_pkts
                0x0000000000009a8c        0x8 zephyr/subsys/bluetooth/host/libsubsys__bluetooth__host.a(conn.c.obj)
                0x0000000000009a8c                bt_conn_get_pkts
 .text.notify_le_param_updated
                0x0000000000009a94       0x28 zephyr/subsys/bluetooth/host/libsubsys__bluetooth__host.a(conn.c.obj)
                0x0000000000009a94                notify_le_param_updated
 .text.le_param_req
                0x0000000000009abc       0x40 zephyr/subsys/bluetooth/host/libsubsys__bluetooth__host.a(conn.c.obj)
                0x0000000000009abc                le_param_req
 .text.bt_conn_identity_resolved
                0x0000000000009afc       0x34 zephyr/subsys/bluetooth/host/libsubsys__bluetooth__host.a(conn.c.obj)
                0x0000000000009afc                bt_conn_identity_resolved
 .text.bt_conn_le_start_encryption
                0x0000000000009b30       0x76 zephyr/subsys/bluetooth/host/libsubsys__bluetooth__host.a(conn.c.obj)
                0x0000000000009b30                bt_conn_le_start_encryption
 *fill*         0x0000000000009ba6        0x2 
 .text.bt_conn_security_changed
                0x0000000000009ba8       0x20 zephyr/subsys/bluetooth/host/libsubsys__bluetooth__host.a(conn.c.obj)
                0x0000000000009ba8                bt_conn_security_changed
 .text.bt_conn_security
                0x0000000000009bc8       0x9e zephyr/subsys/bluetooth/host/libsubsys__bluetooth__host.a(conn.c.obj)
                0x0000000000009bc8                bt_conn_security
 *fill*         0x0000000000009c66        0x2 
 .text.bt_conn_cb_register
                0x0000000000009c68       0x10 zephyr/subsys/bluetooth/host/libsubsys__bluetooth__host.a(conn.c.obj)
                0x0000000000009c68                bt_conn_cb_register
 .text.bt_conn_recv
                0x0000000000009c78      0x1c0 zephyr/subsys/bluetooth/host/libsubsys__bluetooth__host.a(conn.c.obj)
                0x0000000000009c78                bt_conn_recv
 .text.bt_conn_send_cb
                0x0000000000009e38       0x60 zephyr/subsys/bluetooth/host/libsubsys__bluetooth__host.a(conn.c.obj)
                0x0000000000009e38                bt_conn_send_cb
 .text.bt_conn_notify_tx
                0x0000000000009e98       0x40 zephyr/subsys/bluetooth/host/libsubsys__bluetooth__host.a(conn.c.obj)
                0x0000000000009e98                bt_conn_notify_tx
 .text.send_frag
                0x0000000000009ed8      0x150 zephyr/subsys/bluetooth/host/libsubsys__bluetooth__host.a(conn.c.obj)
 .text.conn_cleanup
                0x000000000000a028       0x30 zephyr/subsys/bluetooth/host/libsubsys__bluetooth__host.a(conn.c.obj)
 .text.bt_conn_prepare_events
                0x000000000000a058       0x90 zephyr/subsys/bluetooth/host/libsubsys__bluetooth__host.a(conn.c.obj)
                0x000000000000a058                bt_conn_prepare_events
 .text.bt_conn_add_le
                0x000000000000a0e8       0x6c zephyr/subsys/bluetooth/host/libsubsys__bluetooth__host.a(conn.c.obj)
                0x000000000000a0e8                bt_conn_add_le
 .text.bt_conn_set_state
                0x000000000000a154      0x1e0 zephyr/subsys/bluetooth/host/libsubsys__bluetooth__host.a(conn.c.obj)
                0x000000000000a154                bt_conn_set_state
 .text.bt_conn_lookup_handle
                0x000000000000a334       0x34 zephyr/subsys/bluetooth/host/libsubsys__bluetooth__host.a(conn.c.obj)
                0x000000000000a334                bt_conn_lookup_handle
 .text.bt_conn_addr_le_cmp
                0x000000000000a368       0x30 zephyr/subsys/bluetooth/host/libsubsys__bluetooth__host.a(conn.c.obj)
                0x000000000000a368                bt_conn_addr_le_cmp
 .text.bt_conn_lookup_addr_le
                0x000000000000a398       0x3c zephyr/subsys/bluetooth/host/libsubsys__bluetooth__host.a(conn.c.obj)
                0x000000000000a398                bt_conn_lookup_addr_le
 .text.bt_conn_lookup_state_le
                0x000000000000a3d4       0x44 zephyr/subsys/bluetooth/host/libsubsys__bluetooth__host.a(conn.c.obj)
                0x000000000000a3d4                bt_conn_lookup_state_le
 .text.bt_conn_unref
                0x000000000000a418        0x6 zephyr/subsys/bluetooth/host/libsubsys__bluetooth__host.a(conn.c.obj)
                0x000000000000a418                bt_conn_unref
 .text.bt_conn_get_info
                0x000000000000a41e       0x40 zephyr/subsys/bluetooth/host/libsubsys__bluetooth__host.a(conn.c.obj)
                0x000000000000a41e                bt_conn_get_info
 *fill*         0x000000000000a45e        0x2 
 .text.bt_le_set_auto_conn
                0x000000000000a460       0xd8 zephyr/subsys/bluetooth/host/libsubsys__bluetooth__host.a(conn.c.obj)
                0x000000000000a460                bt_le_set_auto_conn
 .text.bt_conn_disconnect
                0x000000000000a538       0xa2 zephyr/subsys/bluetooth/host/libsubsys__bluetooth__host.a(conn.c.obj)
                0x000000000000a538                bt_conn_disconnect
 .text.bt_conn_le_conn_update
                0x000000000000a5da       0x4e zephyr/subsys/bluetooth/host/libsubsys__bluetooth__host.a(conn.c.obj)
                0x000000000000a5da                bt_conn_le_conn_update
 .text.send_conn_le_param_update
                0x000000000000a628       0x24 zephyr/subsys/bluetooth/host/libsubsys__bluetooth__host.a(conn.c.obj)
 .text.conn_le_update_timeout
                0x000000000000a64c       0x90 zephyr/subsys/bluetooth/host/libsubsys__bluetooth__host.a(conn.c.obj)
 .text.bt_conn_create_pdu
                0x000000000000a6dc       0x28 zephyr/subsys/bluetooth/host/libsubsys__bluetooth__host.a(conn.c.obj)
                0x000000000000a6dc                bt_conn_create_pdu
 .text.create_frag.isra.9
                0x000000000000a704       0x6c zephyr/subsys/bluetooth/host/libsubsys__bluetooth__host.a(conn.c.obj)
 .text.bt_conn_process_tx
                0x000000000000a770       0xf4 zephyr/subsys/bluetooth/host/libsubsys__bluetooth__host.a(conn.c.obj)
                0x000000000000a770                bt_conn_process_tx
 .text.bt_conn_get_id
                0x000000000000a864       0x18 zephyr/subsys/bluetooth/host/libsubsys__bluetooth__host.a(conn.c.obj)
                0x000000000000a864                bt_conn_get_id
 .text.bt_conn_init
                0x000000000000a87c       0x68 zephyr/subsys/bluetooth/host/libsubsys__bluetooth__host.a(conn.c.obj)
                0x000000000000a87c                bt_conn_init
 .text.sys_slist_append
                0x000000000000a8e4       0x14 zephyr/subsys/bluetooth/host/libsubsys__bluetooth__host.a(l2cap.c.obj)
 .text.sys_slist_remove
                0x000000000000a8f8       0x20 zephyr/subsys/bluetooth/host/libsubsys__bluetooth__host.a(l2cap.c.obj)
 .text.net_buf_frags_len
                0x000000000000a918       0x10 zephyr/subsys/bluetooth/host/libsubsys__bluetooth__host.a(l2cap.c.obj)
 .text.get_ident
                0x000000000000a928       0x18 zephyr/subsys/bluetooth/host/libsubsys__bluetooth__host.a(l2cap.c.obj)
 .text.__l2cap_lookup_ident
                0x000000000000a940       0x38 zephyr/subsys/bluetooth/host/libsubsys__bluetooth__host.a(l2cap.c.obj)
 .text.l2cap_server_lookup_psm
                0x000000000000a978       0x1c zephyr/subsys/bluetooth/host/libsubsys__bluetooth__host.a(l2cap.c.obj)
 .text.l2cap_remove_tx_cid
                0x000000000000a994       0x3a zephyr/subsys/bluetooth/host/libsubsys__bluetooth__host.a(l2cap.c.obj)
 .text.l2cap_alloc_frag
                0x000000000000a9ce        0x8 zephyr/subsys/bluetooth/host/libsubsys__bluetooth__host.a(l2cap.c.obj)
 .text.l2cap_connected
                0x000000000000a9d6        0x2 zephyr/subsys/bluetooth/host/libsubsys__bluetooth__host.a(l2cap.c.obj)
 .text.l2cap_chan_destroy
                0x000000000000a9d8       0x34 zephyr/subsys/bluetooth/host/libsubsys__bluetooth__host.a(l2cap.c.obj)
 .text.l2cap_chan_rx_init
                0x000000000000aa0c       0x42 zephyr/subsys/bluetooth/host/libsubsys__bluetooth__host.a(l2cap.c.obj)
 .text.l2cap_chan_tx_init
                0x000000000000aa4e       0x28 zephyr/subsys/bluetooth/host/libsubsys__bluetooth__host.a(l2cap.c.obj)
 *fill*         0x000000000000aa76        0x2 
 .text.l2cap_accept
                0x000000000000aa78       0x60 zephyr/subsys/bluetooth/host/libsubsys__bluetooth__host.a(l2cap.c.obj)
 .text.l2cap_create_le_sig_pdu.isra.10
                0x000000000000aad8       0x24 zephyr/subsys/bluetooth/host/libsubsys__bluetooth__host.a(l2cap.c.obj)
 .text.l2cap_disconnected
                0x000000000000aafc        0x2 zephyr/subsys/bluetooth/host/libsubsys__bluetooth__host.a(l2cap.c.obj)
 *fill*         0x000000000000aafe        0x2 
 .text.bt_l2cap_le_fixed_chan_register
                0x000000000000ab00       0x10 zephyr/subsys/bluetooth/host/libsubsys__bluetooth__host.a(l2cap.c.obj)
                0x000000000000ab00                bt_l2cap_le_fixed_chan_register
 .text.bt_l2cap_chan_remove
                0x000000000000ab10       0x2e zephyr/subsys/bluetooth/host/libsubsys__bluetooth__host.a(l2cap.c.obj)
                0x000000000000ab10                bt_l2cap_chan_remove
 .text.bt_l2cap_chan_del
                0x000000000000ab3e       0x2a zephyr/subsys/bluetooth/host/libsubsys__bluetooth__host.a(l2cap.c.obj)
                0x000000000000ab3e                bt_l2cap_chan_del
 .text.l2cap_rtx_timeout
                0x000000000000ab68       0x60 zephyr/subsys/bluetooth/host/libsubsys__bluetooth__host.a(l2cap.c.obj)
 .text.bt_l2cap_disconnected
                0x000000000000abc8       0x2e zephyr/subsys/bluetooth/host/libsubsys__bluetooth__host.a(l2cap.c.obj)
                0x000000000000abc8                bt_l2cap_disconnected
 .text.bt_l2cap_create_pdu
                0x000000000000abf6        0x6 zephyr/subsys/bluetooth/host/libsubsys__bluetooth__host.a(l2cap.c.obj)
                0x000000000000abf6                bt_l2cap_create_pdu
 .text.bt_l2cap_send_cb
                0x000000000000abfc       0x2a zephyr/subsys/bluetooth/host/libsubsys__bluetooth__host.a(l2cap.c.obj)
                0x000000000000abfc                bt_l2cap_send_cb
 *fill*         0x000000000000ac26        0x2 
 .text.l2cap_le_conn_req
                0x000000000000ac28       0x58 zephyr/subsys/bluetooth/host/libsubsys__bluetooth__host.a(l2cap.c.obj)
 .text.bt_l2cap_encrypt_change
                0x000000000000ac80       0x44 zephyr/subsys/bluetooth/host/libsubsys__bluetooth__host.a(l2cap.c.obj)
                0x000000000000ac80                bt_l2cap_encrypt_change
 .text.l2cap_send_reject
                0x000000000000acc4       0x44 zephyr/subsys/bluetooth/host/libsubsys__bluetooth__host.a(l2cap.c.obj)
 .text.l2cap_chan_le_send
                0x000000000000ad08       0xf0 zephyr/subsys/bluetooth/host/libsubsys__bluetooth__host.a(l2cap.c.obj)
 .text.l2cap_chan_le_send_sdu
                0x000000000000adf8       0x94 zephyr/subsys/bluetooth/host/libsubsys__bluetooth__host.a(l2cap.c.obj)
 .text.l2cap_chan_send_credits.isra.13
                0x000000000000ae8c       0x56 zephyr/subsys/bluetooth/host/libsubsys__bluetooth__host.a(l2cap.c.obj)
 .text.bt_l2cap_le_lookup_tx_cid
                0x000000000000aee2       0x16 zephyr/subsys/bluetooth/host/libsubsys__bluetooth__host.a(l2cap.c.obj)
                0x000000000000aee2                bt_l2cap_le_lookup_tx_cid
 .text.bt_l2cap_le_lookup_rx_cid
                0x000000000000aef8       0x14 zephyr/subsys/bluetooth/host/libsubsys__bluetooth__host.a(l2cap.c.obj)
                0x000000000000aef8                bt_l2cap_le_lookup_rx_cid
 .text.l2cap_chan_add
                0x000000000000af0c       0x9c zephyr/subsys/bluetooth/host/libsubsys__bluetooth__host.a(l2cap.c.obj)
 .text.bt_l2cap_connected
                0x000000000000afa8       0x48 zephyr/subsys/bluetooth/host/libsubsys__bluetooth__host.a(l2cap.c.obj)
                0x000000000000afa8                bt_l2cap_connected
 .text.bt_l2cap_server_register
                0x000000000000aff0       0xa0 zephyr/subsys/bluetooth/host/libsubsys__bluetooth__host.a(l2cap.c.obj)
                0x000000000000aff0                bt_l2cap_server_register
 .text.bt_l2cap_update_conn_param
                0x000000000000b090       0x3e zephyr/subsys/bluetooth/host/libsubsys__bluetooth__host.a(l2cap.c.obj)
                0x000000000000b090                bt_l2cap_update_conn_param
 *fill*         0x000000000000b0ce        0x2 
 .text.bt_l2cap_init
                0x000000000000b0d0        0xc zephyr/subsys/bluetooth/host/libsubsys__bluetooth__host.a(l2cap.c.obj)
                0x000000000000b0d0                bt_l2cap_init
 .text.bt_l2cap_chan_connect
                0x000000000000b0dc       0x64 zephyr/subsys/bluetooth/host/libsubsys__bluetooth__host.a(l2cap.c.obj)
                0x000000000000b0dc                bt_l2cap_chan_connect
 .text.bt_l2cap_chan_disconnect
                0x000000000000b140       0x5c zephyr/subsys/bluetooth/host/libsubsys__bluetooth__host.a(l2cap.c.obj)
                0x000000000000b140                bt_l2cap_chan_disconnect
 .text.l2cap_chan_le_recv_seg
                0x000000000000b19c      0x194 zephyr/subsys/bluetooth/host/libsubsys__bluetooth__host.a(l2cap.c.obj)
 .text.bt_l2cap_recv
                0x000000000000b330      0x1d8 zephyr/subsys/bluetooth/host/libsubsys__bluetooth__host.a(l2cap.c.obj)
                0x000000000000b330                bt_l2cap_recv
 .text.l2cap_recv
                0x000000000000b508      0x74c zephyr/subsys/bluetooth/host/libsubsys__bluetooth__host.a(l2cap.c.obj)
 .text.bt_l2cap_chan_send
                0x000000000000bc54       0x88 zephyr/subsys/bluetooth/host/libsubsys__bluetooth__host.a(l2cap.c.obj)
                0x000000000000bc54                bt_l2cap_chan_send
 .text.att_prepare_write_req
                0x000000000000bcdc        0x4 zephyr/subsys/bluetooth/host/libsubsys__bluetooth__host.a(att.c.obj)
 .text.att_op_get_type
                0x000000000000bce0       0x30 zephyr/subsys/bluetooth/host/libsubsys__bluetooth__host.a(att.c.obj)
 .text.att_req_destroy
                0x000000000000bd10       0x22 zephyr/subsys/bluetooth/host/libsubsys__bluetooth__host.a(att.c.obj)
 .text.att_notify
                0x000000000000bd32        0xe zephyr/subsys/bluetooth/host/libsubsys__bluetooth__host.a(att.c.obj)
 .text.read_group_cb
                0x000000000000bd40       0xce zephyr/subsys/bluetooth/host/libsubsys__bluetooth__host.a(att.c.obj)
 .text.find_info_cb
                0x000000000000be0e       0x9a zephyr/subsys/bluetooth/host/libsubsys__bluetooth__host.a(att.c.obj)
 .text.find_type_cb
                0x000000000000bea8       0xa6 zephyr/subsys/bluetooth/host/libsubsys__bluetooth__host.a(att.c.obj)
 *fill*         0x000000000000bf4e        0x2 
 .text.bt_att_connected
                0x000000000000bf50       0x28 zephyr/subsys/bluetooth/host/libsubsys__bluetooth__host.a(att.c.obj)
 .text.check_perm
                0x000000000000bf78       0x50 zephyr/subsys/bluetooth/host/libsubsys__bluetooth__host.a(att.c.obj)
 .text.read_type_cb
                0x000000000000bfc8       0xba zephyr/subsys/bluetooth/host/libsubsys__bluetooth__host.a(att.c.obj)
 *fill*         0x000000000000c082        0x2 
 .text.att_cb.isra.6
                0x000000000000c084       0x24 zephyr/subsys/bluetooth/host/libsubsys__bluetooth__host.a(att.c.obj)
 .text.bt_att_accept
                0x000000000000c0a8       0x78 zephyr/subsys/bluetooth/host/libsubsys__bluetooth__host.a(att.c.obj)
 .text.uuid_create
                0x000000000000c120       0x32 zephyr/subsys/bluetooth/host/libsubsys__bluetooth__host.a(att.c.obj)
 *fill*         0x000000000000c152        0x2 
 .text.att_req_sent
                0x000000000000c154       0x30 zephyr/subsys/bluetooth/host/libsubsys__bluetooth__host.a(att.c.obj)
 .text.att_chan_get
                0x000000000000c184       0xcc zephyr/subsys/bluetooth/host/libsubsys__bluetooth__host.a(att.c.obj)
 .text.att_exec_write_req
                0x000000000000c250        0x4 zephyr/subsys/bluetooth/host/libsubsys__bluetooth__host.a(att.c.obj)
 .text.att_pdu_sent
                0x000000000000c254       0x12 zephyr/subsys/bluetooth/host/libsubsys__bluetooth__host.a(att.c.obj)
 .text.att_rsp_sent
                0x000000000000c266       0x2e zephyr/subsys/bluetooth/host/libsubsys__bluetooth__host.a(att.c.obj)
 .text.att_cfm_sent
                0x000000000000c294       0x2e zephyr/subsys/bluetooth/host/libsubsys__bluetooth__host.a(att.c.obj)
 .text.att_is_connected
                0x000000000000c2c2       0x22 zephyr/subsys/bluetooth/host/libsubsys__bluetooth__host.a(att.c.obj)
 .text.att_send_req
                0x000000000000c2e4       0xa0 zephyr/subsys/bluetooth/host/libsubsys__bluetooth__host.a(att.c.obj)
 .text.att_handle_rsp
                0x000000000000c384       0xbc zephyr/subsys/bluetooth/host/libsubsys__bluetooth__host.a(att.c.obj)
 .text.att_handle_find_info_rsp
                0x000000000000c440        0xa zephyr/subsys/bluetooth/host/libsubsys__bluetooth__host.a(att.c.obj)
 .text.att_handle_find_type_rsp
                0x000000000000c44a        0x4 zephyr/subsys/bluetooth/host/libsubsys__bluetooth__host.a(att.c.obj)
 .text.att_handle_read_type_rsp
                0x000000000000c44e        0x4 zephyr/subsys/bluetooth/host/libsubsys__bluetooth__host.a(att.c.obj)
 .text.att_handle_read_rsp
                0x000000000000c452        0x4 zephyr/subsys/bluetooth/host/libsubsys__bluetooth__host.a(att.c.obj)
 .text.att_handle_read_blob_rsp
                0x000000000000c456        0x4 zephyr/subsys/bluetooth/host/libsubsys__bluetooth__host.a(att.c.obj)
 .text.att_handle_read_mult_rsp
                0x000000000000c45a        0x4 zephyr/subsys/bluetooth/host/libsubsys__bluetooth__host.a(att.c.obj)
 .text.att_handle_read_group_rsp
                0x000000000000c45e        0x4 zephyr/subsys/bluetooth/host/libsubsys__bluetooth__host.a(att.c.obj)
 .text.att_handle_write_rsp
                0x000000000000c462        0x4 zephyr/subsys/bluetooth/host/libsubsys__bluetooth__host.a(att.c.obj)
 .text.att_handle_prepare_write_rsp
                0x000000000000c466        0x4 zephyr/subsys/bluetooth/host/libsubsys__bluetooth__host.a(att.c.obj)
 .text.att_handle_exec_write_rsp
                0x000000000000c46a        0x4 zephyr/subsys/bluetooth/host/libsubsys__bluetooth__host.a(att.c.obj)
 .text.att_confirm
                0x000000000000c46e        0x4 zephyr/subsys/bluetooth/host/libsubsys__bluetooth__host.a(att.c.obj)
 .text.att_mtu_rsp
                0x000000000000c472       0x30 zephyr/subsys/bluetooth/host/libsubsys__bluetooth__host.a(att.c.obj)
 .text.att_error_rsp
                0x000000000000c4a2       0x6c zephyr/subsys/bluetooth/host/libsubsys__bluetooth__host.a(att.c.obj)
 .text.att_reset
                0x000000000000c50e       0x76 zephyr/subsys/bluetooth/host/libsubsys__bluetooth__host.a(att.c.obj)
 .text.bt_att_disconnected
                0x000000000000c584       0x12 zephyr/subsys/bluetooth/host/libsubsys__bluetooth__host.a(att.c.obj)
 *fill*         0x000000000000c596        0x2 
 .text.att_timeout
                0x000000000000c598       0x5c zephyr/subsys/bluetooth/host/libsubsys__bluetooth__host.a(att.c.obj)
 .text.bt_att_encrypt_change
                0x000000000000c5f4       0xb0 zephyr/subsys/bluetooth/host/libsubsys__bluetooth__host.a(att.c.obj)
 .text.write_cb
                0x000000000000c6a4       0x58 zephyr/subsys/bluetooth/host/libsubsys__bluetooth__host.a(att.c.obj)
 .text.read_cb  0x000000000000c6fc       0x76 zephyr/subsys/bluetooth/host/libsubsys__bluetooth__host.a(att.c.obj)
 *fill*         0x000000000000c772        0x2 
 .text.bt_att_create_pdu
                0x000000000000c774       0x7c zephyr/subsys/bluetooth/host/libsubsys__bluetooth__host.a(att.c.obj)
                0x000000000000c774                bt_att_create_pdu
 .text.att_indicate
                0x000000000000c7f0       0x2c zephyr/subsys/bluetooth/host/libsubsys__bluetooth__host.a(att.c.obj)
 .text.att_mtu_req
                0x000000000000c81c       0x5c zephyr/subsys/bluetooth/host/libsubsys__bluetooth__host.a(att.c.obj)
 .text.send_err_rsp.part.12
                0x000000000000c878       0x44 zephyr/subsys/bluetooth/host/libsubsys__bluetooth__host.a(att.c.obj)
 .text.bt_att_recv
                0x000000000000c8bc      0x1e8 zephyr/subsys/bluetooth/host/libsubsys__bluetooth__host.a(att.c.obj)
 .text.att_read_group_req
                0x000000000000caa4      0x104 zephyr/subsys/bluetooth/host/libsubsys__bluetooth__host.a(att.c.obj)
 .text.att_read_mult_req
                0x000000000000cba8       0x8c zephyr/subsys/bluetooth/host/libsubsys__bluetooth__host.a(att.c.obj)
 .text.att_read_rsp
                0x000000000000cc34       0x88 zephyr/subsys/bluetooth/host/libsubsys__bluetooth__host.a(att.c.obj)
 .text.att_read_blob_req
                0x000000000000ccbc       0x18 zephyr/subsys/bluetooth/host/libsubsys__bluetooth__host.a(att.c.obj)
 .text.att_read_req
                0x000000000000ccd4       0x18 zephyr/subsys/bluetooth/host/libsubsys__bluetooth__host.a(att.c.obj)
 .text.att_read_type_req
                0x000000000000ccec       0xcc zephyr/subsys/bluetooth/host/libsubsys__bluetooth__host.a(att.c.obj)
 .text.att_find_type_req
                0x000000000000cdb8       0xe4 zephyr/subsys/bluetooth/host/libsubsys__bluetooth__host.a(att.c.obj)
 .text.att_find_info_req
                0x000000000000ce9c       0x78 zephyr/subsys/bluetooth/host/libsubsys__bluetooth__host.a(att.c.obj)
 .text.att_write_rsp.part.13.constprop.19
                0x000000000000cf14       0xa8 zephyr/subsys/bluetooth/host/libsubsys__bluetooth__host.a(att.c.obj)
 .text.att_signed_write_cmd
                0x000000000000cfbc       0xa4 zephyr/subsys/bluetooth/host/libsubsys__bluetooth__host.a(att.c.obj)
 .text.att_write_cmd
                0x000000000000d060       0x2c zephyr/subsys/bluetooth/host/libsubsys__bluetooth__host.a(att.c.obj)
 .text.att_write_req
                0x000000000000d08c       0x2c zephyr/subsys/bluetooth/host/libsubsys__bluetooth__host.a(att.c.obj)
 .text.bt_att_init
                0x000000000000d0b8       0x14 zephyr/subsys/bluetooth/host/libsubsys__bluetooth__host.a(att.c.obj)
                0x000000000000d0b8                bt_att_init
 .text.bt_att_req_send
                0x000000000000d0cc       0x46 zephyr/subsys/bluetooth/host/libsubsys__bluetooth__host.a(att.c.obj)
                0x000000000000d0cc                bt_att_req_send
 .text.sc_ccc_cfg_changed
                0x000000000000d112        0x2 zephyr/subsys/bluetooth/host/libsubsys__bluetooth__host.a(gatt.c.obj)
 .text.find_next
                0x000000000000d114        0x6 zephyr/subsys/bluetooth/host/libsubsys__bluetooth__host.a(gatt.c.obj)
 .text.gatt_ccc_changed
                0x000000000000d11a       0x34 zephyr/subsys/bluetooth/host/libsubsys__bluetooth__host.a(gatt.c.obj)
 .text.gatt_indicate_rsp
                0x000000000000d14e       0x10 zephyr/subsys/bluetooth/host/libsubsys__bluetooth__host.a(gatt.c.obj)
 *fill*         0x000000000000d15e        0x2 
 .text.gatt_notify
                0x000000000000d160       0x98 zephyr/subsys/bluetooth/host/libsubsys__bluetooth__host.a(gatt.c.obj)
 .text.gatt_register
                0x000000000000d1f8       0xa8 zephyr/subsys/bluetooth/host/libsubsys__bluetooth__host.a(gatt.c.obj)
 .text.gatt_indicate
                0x000000000000d2a0      0x110 zephyr/subsys/bluetooth/host/libsubsys__bluetooth__host.a(gatt.c.obj)
 .text.sc_indicate.constprop.15
                0x000000000000d3b0       0x68 zephyr/subsys/bluetooth/host/libsubsys__bluetooth__host.a(gatt.c.obj)
 .text.connected_cb
                0x000000000000d418       0x70 zephyr/subsys/bluetooth/host/libsubsys__bluetooth__host.a(gatt.c.obj)
 .text.sc_indicate_rsp
                0x000000000000d488       0x40 zephyr/subsys/bluetooth/host/libsubsys__bluetooth__host.a(gatt.c.obj)
 .text.read_appearance
                0x000000000000d4c8       0x36 zephyr/subsys/bluetooth/host/libsubsys__bluetooth__host.a(gatt.c.obj)
 *fill*         0x000000000000d4fe        0x2 
 .text.read_ppcp
                0x000000000000d500       0x38 zephyr/subsys/bluetooth/host/libsubsys__bluetooth__host.a(gatt.c.obj)
 .text.read_name
                0x000000000000d538       0x3e zephyr/subsys/bluetooth/host/libsubsys__bluetooth__host.a(gatt.c.obj)
 .text.bt_gatt_attr_read_ccc
                0x000000000000d576       0x6e zephyr/subsys/bluetooth/host/libsubsys__bluetooth__host.a(gatt.c.obj)
                0x000000000000d576                bt_gatt_attr_read_ccc
 .text.bt_gatt_attr_read_service
                0x000000000000d5e4       0x52 zephyr/subsys/bluetooth/host/libsubsys__bluetooth__host.a(gatt.c.obj)
                0x000000000000d5e4                bt_gatt_attr_read_service
 *fill*         0x000000000000d636        0x2 
 .text.bt_gatt_attr_write_ccc
                0x000000000000d638      0x11c zephyr/subsys/bluetooth/host/libsubsys__bluetooth__host.a(gatt.c.obj)
                0x000000000000d638                bt_gatt_attr_write_ccc
 .text.disconnected_cb
                0x000000000000d754       0xc8 zephyr/subsys/bluetooth/host/libsubsys__bluetooth__host.a(gatt.c.obj)
 .text.notify_cb
                0x000000000000d81c      0x100 zephyr/subsys/bluetooth/host/libsubsys__bluetooth__host.a(gatt.c.obj)
 .text.bt_gatt_init
                0x000000000000d91c       0x50 zephyr/subsys/bluetooth/host/libsubsys__bluetooth__host.a(gatt.c.obj)
                0x000000000000d91c                bt_gatt_init
 .text.bt_gatt_service_register
                0x000000000000d96c       0x66 zephyr/subsys/bluetooth/host/libsubsys__bluetooth__host.a(gatt.c.obj)
                0x000000000000d96c                bt_gatt_service_register
 *fill*         0x000000000000d9d2        0x2 
 .text.bt_gatt_foreach_attr
                0x000000000000d9d4       0x54 zephyr/subsys/bluetooth/host/libsubsys__bluetooth__host.a(gatt.c.obj)
                0x000000000000d9d4                bt_gatt_foreach_attr
 .text.bt_gatt_indicate.part.10
                0x000000000000da28       0x30 zephyr/subsys/bluetooth/host/libsubsys__bluetooth__host.a(gatt.c.obj)
 .text.sc_process
                0x000000000000da58       0x80 zephyr/subsys/bluetooth/host/libsubsys__bluetooth__host.a(gatt.c.obj)
 .text.bt_gatt_attr_next
                0x000000000000dad8       0x24 zephyr/subsys/bluetooth/host/libsubsys__bluetooth__host.a(gatt.c.obj)
                0x000000000000dad8                bt_gatt_attr_next
 .text.bt_gatt_attr_read_chrc
                0x000000000000dafc       0xc0 zephyr/subsys/bluetooth/host/libsubsys__bluetooth__host.a(gatt.c.obj)
                0x000000000000dafc                bt_gatt_attr_read_chrc
 .text.bt_gatt_connected
                0x000000000000dbbc       0x14 zephyr/subsys/bluetooth/host/libsubsys__bluetooth__host.a(gatt.c.obj)
                0x000000000000dbbc                bt_gatt_connected
 .text.bt_gatt_disconnected
                0x000000000000dbd0       0x14 zephyr/subsys/bluetooth/host/libsubsys__bluetooth__host.a(gatt.c.obj)
                0x000000000000dbd0                bt_gatt_disconnected
 .text.sys_memcpy_swap
                0x000000000000dbe4       0x1a zephyr/subsys/bluetooth/host/libsubsys__bluetooth__host.a(smp.c.obj)
 .text.sys_mem_swap
                0x000000000000dbfe       0x1c zephyr/subsys/bluetooth/host/libsubsys__bluetooth__host.a(smp.c.obj)
 *fill*         0x000000000000dc1a        0x2 
 .text.get_io_capa
                0x000000000000dc1c       0x4c zephyr/subsys/bluetooth/host/libsubsys__bluetooth__host.a(smp.c.obj)
 .text.get_auth
                0x000000000000dc68       0x3c zephyr/subsys/bluetooth/host/libsubsys__bluetooth__host.a(smp.c.obj)
 .text.atomic_test_bit
                0x000000000000dca4       0x12 zephyr/subsys/bluetooth/host/libsubsys__bluetooth__host.a(smp.c.obj)
 .text.bt_smp_aes_cmac
                0x000000000000dcb6       0x3c zephyr/subsys/bluetooth/host/libsubsys__bluetooth__host.a(smp.c.obj)
 *fill*         0x000000000000dcf2        0x2 
 .text.smp_sign_buf
                0x000000000000dcf4       0xa0 zephyr/subsys/bluetooth/host/libsubsys__bluetooth__host.a(smp.c.obj)
 .text.smp_f4   0x000000000000dd94       0x4a zephyr/subsys/bluetooth/host/libsubsys__bluetooth__host.a(smp.c.obj)
 *fill*         0x000000000000ddde        0x2 
 .text.sc_smp_check_confirm
                0x000000000000dde0       0x64 zephyr/subsys/bluetooth/host/libsubsys__bluetooth__host.a(smp.c.obj)
 .text.smp_f5   0x000000000000de44       0xd4 zephyr/subsys/bluetooth/host/libsubsys__bluetooth__host.a(smp.c.obj)
 .text.smp_f6   0x000000000000df18       0x98 zephyr/subsys/bluetooth/host/libsubsys__bluetooth__host.a(smp.c.obj)
 .text.smp_g2   0x000000000000dfb0       0x68 zephyr/subsys/bluetooth/host/libsubsys__bluetooth__host.a(smp.c.obj)
 .text.atomic_clear_bit
                0x000000000000e018       0x20 zephyr/subsys/bluetooth/host/libsubsys__bluetooth__host.a(smp.c.obj)
 .text.bt_smp_disconnected
                0x000000000000e038       0x32 zephyr/subsys/bluetooth/host/libsubsys__bluetooth__host.a(smp.c.obj)
 *fill*         0x000000000000e06a        0x2 
 .text.legacy_get_pair_method
                0x000000000000e06c       0x44 zephyr/subsys/bluetooth/host/libsubsys__bluetooth__host.a(smp.c.obj)
 .text.sec_level_reachable.isra.3
                0x000000000000e0b0       0x3c zephyr/subsys/bluetooth/host/libsubsys__bluetooth__host.a(smp.c.obj)
 .text.smp_chan_get
                0x000000000000e0ec       0x50 zephyr/subsys/bluetooth/host/libsubsys__bluetooth__host.a(smp.c.obj)
 .text.smp_create_pdu.isra.6
                0x000000000000e13c       0x1c zephyr/subsys/bluetooth/host/libsubsys__bluetooth__host.a(smp.c.obj)
 .text.bt_smp_accept
                0x000000000000e158       0x60 zephyr/subsys/bluetooth/host/libsubsys__bluetooth__host.a(smp.c.obj)
 .text.smp_send
                0x000000000000e1b8       0x28 zephyr/subsys/bluetooth/host/libsubsys__bluetooth__host.a(smp.c.obj)
 .text.sc_smp_send_dhkey_check
                0x000000000000e1e0       0x32 zephyr/subsys/bluetooth/host/libsubsys__bluetooth__host.a(smp.c.obj)
 *fill*         0x000000000000e212        0x2 
 .text.sc_send_public_key
                0x000000000000e214       0x44 zephyr/subsys/bluetooth/host/libsubsys__bluetooth__host.a(smp.c.obj)
 .text.send_pairing_rsp
                0x000000000000e258       0x32 zephyr/subsys/bluetooth/host/libsubsys__bluetooth__host.a(smp.c.obj)
 .text.smp_send_pairing_random
                0x000000000000e28a       0x32 zephyr/subsys/bluetooth/host/libsubsys__bluetooth__host.a(smp.c.obj)
 .text.smp_send_pairing_confirm
                0x000000000000e2bc       0x7c zephyr/subsys/bluetooth/host/libsubsys__bluetooth__host.a(smp.c.obj)
 .text.bt_smp_distribute_keys
                0x000000000000e338      0x22c zephyr/subsys/bluetooth/host/libsubsys__bluetooth__host.a(smp.c.obj)
 .text.atomic_test_and_clear_bit
                0x000000000000e564       0x30 zephyr/subsys/bluetooth/host/libsubsys__bluetooth__host.a(smp.c.obj)
 .text.atomic_set_bit
                0x000000000000e594       0x1e zephyr/subsys/bluetooth/host/libsubsys__bluetooth__host.a(smp.c.obj)
 .text._smp_init
                0x000000000000e5b2       0x30 zephyr/subsys/bluetooth/host/libsubsys__bluetooth__host.a(smp.c.obj)
 *fill*         0x000000000000e5e2        0x2 
 .text.display_passkey
                0x000000000000e5e4       0x58 zephyr/subsys/bluetooth/host/libsubsys__bluetooth__host.a(smp.c.obj)
 .text.compute_and_send_master_dhcheck
                0x000000000000e63c       0xa0 zephyr/subsys/bluetooth/host/libsubsys__bluetooth__host.a(smp.c.obj)
 .text.compute_and_check_and_send_slave_dhcheck
                0x000000000000e6dc       0xdc zephyr/subsys/bluetooth/host/libsubsys__bluetooth__host.a(smp.c.obj)
 .text.smp_dhkey_check
                0x000000000000e7b8      0x10c zephyr/subsys/bluetooth/host/libsubsys__bluetooth__host.a(smp.c.obj)
 .text.smp_ident_info
                0x000000000000e8c4       0x8c zephyr/subsys/bluetooth/host/libsubsys__bluetooth__host.a(smp.c.obj)
 .text.smp_encrypt_info
                0x000000000000e950       0x8c zephyr/subsys/bluetooth/host/libsubsys__bluetooth__host.a(smp.c.obj)
 .text.legacy_request_tk
                0x000000000000e9dc      0x118 zephyr/subsys/bluetooth/host/libsubsys__bluetooth__host.a(smp.c.obj)
 .text.smp_pairing_req
                0x000000000000eaf4      0x1d8 zephyr/subsys/bluetooth/host/libsubsys__bluetooth__host.a(smp.c.obj)
 .text.smp_reset
                0x000000000000eccc       0x5e zephyr/subsys/bluetooth/host/libsubsys__bluetooth__host.a(smp.c.obj)
 *fill*         0x000000000000ed2a        0x2 
 .text.smp_pairing_complete
                0x000000000000ed2c       0x44 zephyr/subsys/bluetooth/host/libsubsys__bluetooth__host.a(smp.c.obj)
 .text.smp_error
                0x000000000000ed70       0x34 zephyr/subsys/bluetooth/host/libsubsys__bluetooth__host.a(smp.c.obj)
 .text.bt_smp_dhkey_ready
                0x000000000000eda4       0x80 zephyr/subsys/bluetooth/host/libsubsys__bluetooth__host.a(smp.c.obj)
 .text.bt_smp_recv
                0x000000000000ee24      0x194 zephyr/subsys/bluetooth/host/libsubsys__bluetooth__host.a(smp.c.obj)
 .text.smp_pairing_failed
                0x000000000000efb8       0x9c zephyr/subsys/bluetooth/host/libsubsys__bluetooth__host.a(smp.c.obj)
 .text.smp_timeout
                0x000000000000f054       0x70 zephyr/subsys/bluetooth/host/libsubsys__bluetooth__host.a(smp.c.obj)
 .text.smp_signing_info
                0x000000000000f0c4       0xb0 zephyr/subsys/bluetooth/host/libsubsys__bluetooth__host.a(smp.c.obj)
 .text.smp_master_ident
                0x000000000000f174       0xe4 zephyr/subsys/bluetooth/host/libsubsys__bluetooth__host.a(smp.c.obj)
 .text.smp_check_complete.part.13
                0x000000000000f258       0x2e zephyr/subsys/bluetooth/host/libsubsys__bluetooth__host.a(smp.c.obj)
 .text.sign_info_sent
                0x000000000000f286        0xc zephyr/subsys/bluetooth/host/libsubsys__bluetooth__host.a(smp.c.obj)
 .text.bt_smp_encrypt_change
                0x000000000000f292       0xbc zephyr/subsys/bluetooth/host/libsubsys__bluetooth__host.a(smp.c.obj)
 *fill*         0x000000000000f34e        0x2 
 .text.bt_smp_connected
                0x000000000000f350       0x1c zephyr/subsys/bluetooth/host/libsubsys__bluetooth__host.a(smp.c.obj)
 .text.ident_sent
                0x000000000000f36c        0xc zephyr/subsys/bluetooth/host/libsubsys__bluetooth__host.a(smp.c.obj)
 .text.smp_c1   0x000000000000f378       0xa8 zephyr/subsys/bluetooth/host/libsubsys__bluetooth__host.a(smp.c.obj)
 .text.legacy_send_pairing_confirm
                0x000000000000f420       0x60 zephyr/subsys/bluetooth/host/libsubsys__bluetooth__host.a(smp.c.obj)
 .text.legacy_pairing_confirm
                0x000000000000f480       0x3c zephyr/subsys/bluetooth/host/libsubsys__bluetooth__host.a(smp.c.obj)
 .text.smp_pairing_confirm
                0x000000000000f4bc       0x88 zephyr/subsys/bluetooth/host/libsubsys__bluetooth__host.a(smp.c.obj)
 .text.smp_public_key_slave.part.11