Archive member included to satisfy reference by file (symbol)

libapp.a(main.c.obj)          (--whole-archive)
zephyr/libzephyr.a(isr_tables.c.obj)
                              (--whole-archive)
zephyr/libzephyr.a(thread_entry.c.obj)
                              (--whole-archive)
zephyr/libzephyr.a(crc32_sw.c.obj)
                              (--whole-archive)
zephyr/libzephyr.a(crc16_sw.c.obj)
                              (--whole-archive)
zephyr/libzephyr.a(crc8_sw.c.obj)
                              (--whole-archive)
zephyr/libzephyr.a(mempool.c.obj)
                              (--whole-archive)
zephyr/libzephyr.a(rb.c.obj)  (--whole-archive)
zephyr/libzephyr.a(printk.c.obj)
                              (--whole-archive)
zephyr/libzephyr.a(configs.c.obj)
                              (--whole-archive)
zephyr/libzephyr.a(power.c.obj)
                              (--whole-archive)
zephyr/libzephyr.a(soc.c.obj)
                              (--whole-archive)
zephyr/libzephyr.a(mpu_regions.c.obj)
                              (--whole-archive)
zephyr/libzephyr.a(system_nrf52.c.obj)
                              (--whole-archive)
zephyr/libzephyr.a(nrfx_glue.c.obj)
                              (--whole-archive)
zephyr/libzephyr.a(SEGGER_RTT.c.obj)
                              (--whole-archive)
zephyr/libzephyr.a(SEGGER_RTT_zephyr.c.obj)
                              (--whole-archive)
zephyr/libzephyr.a(log_list.c.obj)
                              (--whole-archive)
zephyr/libzephyr.a(log_core.c.obj)
                              (--whole-archive)
zephyr/libzephyr.a(log_msg.c.obj)
                              (--whole-archive)
zephyr/libzephyr.a(log_output.c.obj)
                              (--whole-archive)
zephyr/libzephyr.a(log_backend_rtt.c.obj)
                              (--whole-archive)
zephyr/libzephyr.a(rtt_console.c.obj)
                              (--whole-archive)
zephyr/libzephyr.a(nrf5_power_clock.c.obj)
                              (--whole-archive)
zephyr/libzephyr.a(sys_clock_init.c.obj)
                              (--whole-archive)
zephyr/libzephyr.a(nrf_rtc_timer.c.obj)
                              (--whole-archive)
zephyr/arch/arm/core/libarch__arm__core.a(exc_exit.S.obj)
                              (--whole-archive)
zephyr/arch/arm/core/libarch__arm__core.a(irq_init.c.obj)
                              (--whole-archive)
zephyr/arch/arm/core/libarch__arm__core.a(swap.c.obj)
                              (--whole-archive)
zephyr/arch/arm/core/libarch__arm__core.a(swap_helper.S.obj)
                              (--whole-archive)
zephyr/arch/arm/core/libarch__arm__core.a(fault.c.obj)
                              (--whole-archive)
zephyr/arch/arm/core/libarch__arm__core.a(irq_manage.c.obj)
                              (--whole-archive)
zephyr/arch/arm/core/libarch__arm__core.a(thread.c.obj)
                              (--whole-archive)
zephyr/arch/arm/core/libarch__arm__core.a(cpu_idle.S.obj)
                              (--whole-archive)
zephyr/arch/arm/core/libarch__arm__core.a(fault_s.S.obj)
                              (--whole-archive)
zephyr/arch/arm/core/libarch__arm__core.a(fatal.c.obj)
                              (--whole-archive)
zephyr/arch/arm/core/libarch__arm__core.a(sys_fatal_error_handler.c.obj)
                              (--whole-archive)
zephyr/arch/arm/core/libarch__arm__core.a(thread_abort.c.obj)
                              (--whole-archive)
zephyr/arch/arm/core/libarch__arm__core.a(isr_wrapper.S.obj)
                              (--whole-archive)
zephyr/arch/arm/core/cortex_m/libarch__arm__core__cortex_m.a(vector_table.S.obj)
                              (--whole-archive)
zephyr/arch/arm/core/cortex_m/libarch__arm__core__cortex_m.a(reset.S.obj)
                              (--whole-archive)
zephyr/arch/arm/core/cortex_m/libarch__arm__core__cortex_m.a(nmi_on_reset.S.obj)
                              (--whole-archive)
zephyr/arch/arm/core/cortex_m/libarch__arm__core__cortex_m.a(prep_c.c.obj)
                              (--whole-archive)
zephyr/arch/arm/core/cortex_m/libarch__arm__core__cortex_m.a(scb.c.obj)
                              (--whole-archive)
zephyr/arch/arm/core/cortex_m/libarch__arm__core__cortex_m.a(nmi.c.obj)
                              (--whole-archive)
zephyr/arch/arm/core/cortex_m/libarch__arm__core__cortex_m.a(exc_manage.c.obj)
                              (--whole-archive)
zephyr/arch/arm/core/cortex_m/mpu/libarch__arm__core__cortex_m__mpu.a(arm_core_mpu.c.obj)
                              (--whole-archive)
zephyr/arch/arm/core/cortex_m/mpu/libarch__arm__core__cortex_m__mpu.a(arm_mpu.c.obj)
                              (--whole-archive)
zephyr/lib/libc/minimal/liblib__libc__minimal.a(atoi.c.obj)
                              (--whole-archive)
zephyr/lib/libc/minimal/liblib__libc__minimal.a(strtol.c.obj)
                              (--whole-archive)
[...]
Memory Configuration

Name             Origin             Length             Attributes
FLASH            0x0000000000000000 0x0000000000080000 xr
SRAM             0x0000000020000000 0x0000000000010000 xw
IDT_LIST         0x0000000020010000 0x0000000000000800 xw
*default*        0x0000000000000000 0xffffffffffffffff

Linker script and memory map

LOAD zephyr/CMakeFiles/kernel_elf.dir/misc/empty_file.c.obj
LOAD zephyr/CMakeFiles/kernel_elf.dir/isr_tables.c.obj
LOAD libapp.a
LOAD zephyr/libzephyr.a
LOAD zephyr/arch/arm/core/libarch__arm__core.a
LOAD zephyr/arch/arm/core/cortex_m/libarch__arm__core__cortex_m.a
LOAD zephyr/arch/arm/core/cortex_m/mpu/libarch__arm__core__cortex_m__mpu.a
LOAD zephyr/lib/libc/minimal/liblib__libc__minimal.a
LOAD zephyr/drivers/adc/libdrivers__adc.a
LOAD zephyr/drivers/gpio/libdrivers__gpio.a
LOAD zephyr/drivers/pwm/libdrivers__pwm.a
LOAD zephyr/kernel/libkernel.a
LOAD zephyr/CMakeFiles/offsets.dir/arch/arm/core/offsets/offsets.c.obj
LOAD /home/darragh/CS7NS2/gcc-arm-none-eabi/bin/../lib/gcc/arm-none-eabi/7.3.1/thumb/v7e-m/libgcc.a

.rel.plt        0x0000000000000000        0x0
 *(.rel.plt)
                [!provide]                        PROVIDE (__rel_iplt_start = .)
 *(.rel.iplt)
 .rel.iplt      0x0000000000000000        0x0 zephyr/CMakeFiles/kernel_elf.dir/isr_tables.c.obj
                [!provide]                        PROVIDE (__rel_iplt_end = .)

.rela.plt       0x0000000000000000        0x0
 *(.rela.plt)
                [!provide]                        PROVIDE (__rela_iplt_start = .)
 *(.rela.iplt)
                [!provide]                        PROVIDE (__rela_iplt_end = .)

.rel.dyn
 *(.rel.*)

.rela.dyn
 *(.rela.*)

.plt
 *(.plt)

.iplt           0x0000000000000000        0x0
 *(.iplt)
 .iplt          0x0000000000000000        0x0 zephyr/CMakeFiles/kernel_elf.dir/isr_tables.c.obj
                0x0000000000000000                _image_rom_start = 0x0

text            0x0000000000000000     0x5038
                0x0000000000000000                . = 0x0
                0x0000000000000000                _vector_start = .
 *(.exc_vector_table)
 *(.exc_vector_table.*)
 .exc_vector_table._vector_table_section
                0x0000000000000000       0x40 zephyr/arch/arm/core/cortex_m/libarch__arm__core__cortex_m.a(vector_table.S.obj)
                0x0000000000000000                _vector_table
 *(.gnu.linkonce.irq_vector_table)
 .gnu.linkonce.irq_vector_table
                0x0000000000000040       0x9c zephyr/CMakeFiles/kernel_elf.dir/isr_tables.c.obj
                0x0000000000000040                _irq_vector_table
 *(.vectors)
 *(.openocd_dbg)
 *(.openocd_dbg.*)
 *(.kinetis_flash_config)
 *(.kinetis_flash_config.*)
 *(.gnu.linkonce.sw_isr_table)
 .gnu.linkonce.sw_isr_table
                0x00000000000000dc      0x138 zephyr/CMakeFiles/kernel_elf.dir/isr_tables.c.obj
                0x00000000000000dc                _sw_isr_table
                0x0000000000000214                _vector_end = .
                0x0000000000000214                _image_text_start = .
 *(.text)
 .text          0x0000000000000214       0xa0 /home/darragh/CS7NS2/gcc-arm-none-eabi/bin/../lib/gcc/arm-none-eabi/7.3.1/thumb/v7e-m/libgcc.a(_aeabi_ldivmod.o)
                0x0000000000000214                __aeabi_ldivmod
 .text          0x00000000000002b4       0x30 /home/darragh/CS7NS2/gcc-arm-none-eabi/bin/../lib/gcc/arm-none-eabi/7.3.1/thumb/v7e-m/libgcc.a(_aeabi_uldivmod.o)
                0x00000000000002b4                __aeabi_uldivmod
 .text          0x00000000000002e4      0x2cc /home/darragh/CS7NS2/gcc-arm-none-eabi/bin/../lib/gcc/arm-none-eabi/7.3.1/thumb/v7e-m/libgcc.a(_udivmoddi4.o)
                0x00000000000002e4                __udivmoddi4
 .text          0x00000000000005b0        0x4 /home/darragh/CS7NS2/gcc-arm-none-eabi/bin/../lib/gcc/arm-none-eabi/7.3.1/thumb/v7e-m/libgcc.a(_dvmd_tls.o)
                0x00000000000005b0                __aeabi_ldiv0
                0x00000000000005b0                __aeabi_idiv0
 *(.text.*)
 .text.k_sleep  0x00000000000005b4        0x4 libapp.a(main.c.obj)
 .text.pwm_pin_set_usec.constprop.4
                0x00000000000005b8       0x78 libapp.a(main.c.obj)
 .text.sample_sensor
                0x0000000000000630       0xa4 libapp.a(main.c.obj)
                0x0000000000000630                sample_sensor
 .text.turn_clockwise
                0x00000000000006d4       0x50 libapp.a(main.c.obj)
                0x00000000000006d4                turn_clockwise
 .text.turn_anticlockwise
                0x0000000000000724       0x50 libapp.a(main.c.obj)
                0x0000000000000724                turn_anticlockwise
 .text.fill_up  0x0000000000000774       0x2e libapp.a(main.c.obj)
                0x0000000000000774                fill_up
 .text.get_time_to
                0x00000000000007a2       0x44 libapp.a(main.c.obj)
                0x00000000000007a2                get_time_to
 *fill*         0x00000000000007e6        0x2 
 .text.main     0x00000000000007e8      0x11c libapp.a(main.c.obj)
                0x00000000000007e8                main
 .text._thread_entry
                0x0000000000000904       0x14 zephyr/libzephyr.a(thread_entry.c.obj)
                0x0000000000000904                _thread_entry
 .text._nop_char_out
                0x0000000000000918        0x4 zephyr/libzephyr.a(printk.c.obj)
 .text.char_out
                0x000000000000091c       0x10 zephyr/libzephyr.a(printk.c.obj)
 .text._printk_dec_ulong
                0x000000000000092c       0xa0 zephyr/libzephyr.a(printk.c.obj)
 .text.__printk_hook_install
                0x00000000000009cc        0xc zephyr/libzephyr.a(printk.c.obj)
                0x00000000000009cc                __printk_hook_install
 .text._vprintk
                0x00000000000009d8      0x262 zephyr/libzephyr.a(printk.c.obj)
                0x00000000000009d8                _vprintk
 *fill*         0x0000000000000c3a        0x2 
 .text.vprintk  0x0000000000000c3c       0x20 zephyr/libzephyr.a(printk.c.obj)
                0x0000000000000c3c                vprintk
 .text.printk   0x0000000000000c5c       0x1a zephyr/libzephyr.a(printk.c.obj)
                0x0000000000000c5c                printk
 .text._ConfigAbsSyms
                0x0000000000000c76        0x2 zephyr/libzephyr.a(configs.c.obj)
                0x0000000000000c76                _ConfigAbsSyms
 .text.nordicsemi_nrf52_init
                0x0000000000000c78       0x3c zephyr/libzephyr.a(soc.c.obj)
 .text.errata_12
                0x0000000000000cb4       0x40 zephyr/libzephyr.a(system_nrf52.c.obj)
 .text.errata_16
                0x0000000000000cf4       0x34 zephyr/libzephyr.a(system_nrf52.c.obj)
 .text.SystemInit
                0x0000000000000d28      0x248 zephyr/libzephyr.a(system_nrf52.c.obj)
                0x0000000000000d28                SystemInit
 .text._GetAvailWriteSpace
                0x0000000000000f70       0x1c zephyr/libzephyr.a(SEGGER_RTT.c.obj)
 .text._WriteNoCheck
                0x0000000000000f8c       0x3a zephyr/libzephyr.a(SEGGER_RTT.c.obj)
 .text._WriteBlocking
                0x0000000000000fc6       0x52 zephyr/libzephyr.a(SEGGER_RTT.c.obj)
 .text._DoInit  0x0000000000001018       0x60 zephyr/libzephyr.a(SEGGER_RTT.c.obj)
 .text.SEGGER_RTT_WriteSkipNoLock
                0x0000000000001078       0x90 zephyr/libzephyr.a(SEGGER_RTT.c.obj)
                0x0000000000001078                SEGGER_RTT_WriteSkipNoLock
 .text.SEGGER_RTT_WriteNoLock
                0x0000000000001108       0x68 zephyr/libzephyr.a(SEGGER_RTT.c.obj)
                0x0000000000001108                SEGGER_RTT_WriteNoLock
 .text.SEGGER_RTT_HasDataUp
                0x0000000000001170       0x14 zephyr/libzephyr.a(SEGGER_RTT.c.obj)
                0x0000000000001170                SEGGER_RTT_HasDataUp
 .text.SEGGER_RTT_Init
                0x0000000000001184        0x4 zephyr/libzephyr.a(SEGGER_RTT.c.obj)
                0x0000000000001184                SEGGER_RTT_Init
 .text.rtt_init
                0x0000000000001188        0x8 zephyr/libzephyr.a(SEGGER_RTT_zephyr.c.obj)
 .text.log_list_init
                0x0000000000001190        0x8 zephyr/libzephyr.a(log_list.c.obj)
                0x0000000000001190                log_list_init
 .text.log_list_add_tail
                0x0000000000001198       0x14 zephyr/libzephyr.a(log_list.c.obj)
                0x0000000000001198                log_list_add_tail
 .text.log_list_head_peek
                0x00000000000011ac        0x4 zephyr/libzephyr.a(log_list.c.obj)
                0x00000000000011ac                log_list_head_peek
 .text.log_list_head_get
                0x00000000000011b0        0xc zephyr/libzephyr.a(log_list.c.obj)
                0x00000000000011b0                log_list_head_get
 .text.dummy_timestamp
                0x00000000000011bc        0x4 zephyr/libzephyr.a(log_core.c.obj)
 .text._log_msg_std_alloc
                0x00000000000011c0       0x30 zephyr/libzephyr.a(log_core.c.obj)
 .text.timestamp_get
                0x00000000000011f0        0x4 zephyr/libzephyr.a(log_core.c.obj)
 .text.log_core_init
                0x00000000000011f4       0x14 zephyr/libzephyr.a(log_core.c.obj)
                0x00000000000011f4                log_core_init
 .text.log_init
                0x0000000000001208       0x98 zephyr/libzephyr.a(log_core.c.obj)
                0x0000000000001208                log_init
 .text.log_process
                0x00000000000012a0       0xa8 zephyr/libzephyr.a(log_core.c.obj)
                0x00000000000012a0                log_process
 .text.msg_finalize
                0x0000000000001348       0x78 zephyr/libzephyr.a(log_core.c.obj)
 .text.log_1    0x00000000000013c0       0x28 zephyr/libzephyr.a(log_core.c.obj)
                0x00000000000013c0                log_1
 .text.log_2    0x00000000000013e8       0x30 zephyr/libzephyr.a(log_core.c.obj)
                0x00000000000013e8                log_2
 .text.log_3    0x0000000000001418       0x36 zephyr/libzephyr.a(log_core.c.obj)
                0x0000000000001418                log_3
 *fill*         0x000000000000144e        0x2 
 .text.log_panic
                0x0000000000001450       0x44 zephyr/libzephyr.a(log_core.c.obj)
                0x0000000000001450                log_panic
 .text.log_process_thread_func
                0x0000000000001494       0x38 zephyr/libzephyr.a(log_core.c.obj)
 .text.log_source_name_get
                0x00000000000014cc       0x1c zephyr/libzephyr.a(log_core.c.obj)
                0x00000000000014cc                log_source_name_get
 .text.log_is_strdup
                0x00000000000014e8       0x1c zephyr/libzephyr.a(log_core.c.obj)
                0x00000000000014e8                log_is_strdup
 .text.log_free
                0x0000000000001504       0x34 zephyr/libzephyr.a(log_core.c.obj)
                0x0000000000001504                log_free
 .text.log_msg_hexdump_data_op
                0x0000000000001538       0xa4 zephyr/libzephyr.a(log_msg.c.obj)
 .text.log_msg_pool_init
                0x00000000000015dc       0x14 zephyr/libzephyr.a(log_msg.c.obj)
                0x00000000000015dc                log_msg_pool_init
 .text.log_msg_get
                0x00000000000015f0       0x1a zephyr/libzephyr.a(log_msg.c.obj)
                0x00000000000015f0                log_msg_get
 *fill*         0x000000000000160a        0x2 
 .text.log_msg_no_space_handle
                0x000000000000160c       0x30 zephyr/libzephyr.a(log_msg.c.obj)
                0x000000000000160c                log_msg_no_space_handle
 .text.log_msg_nargs_get
                0x000000000000163c        0x6 zephyr/libzephyr.a(log_msg.c.obj)
                0x000000000000163c                log_msg_nargs_get
 .text.log_msg_arg_get
                0x0000000000001642       0x3a zephyr/libzephyr.a(log_msg.c.obj)
                0x0000000000001642                log_msg_arg_get
 .text.msg_free
                0x000000000000167c       0x68 zephyr/libzephyr.a(log_msg.c.obj)
 .text.log_msg_put
                0x00000000000016e4       0x26 zephyr/libzephyr.a(log_msg.c.obj)
                0x00000000000016e4                log_msg_put
 .text.log_msg_str_get
                0x000000000000170a        0x4 zephyr/libzephyr.a(log_msg.c.obj)
                0x000000000000170a                log_msg_str_get
 .text.log_msg_hexdump_data_get
                0x000000000000170e        0xe zephyr/libzephyr.a(log_msg.c.obj)
                0x000000000000170e                log_msg_hexdump_data_get
 .text.print_formatted
                0x000000000000171c       0x24 zephyr/libzephyr.a(log_output.c.obj)
 .text.log_output_flush
                0x0000000000001740       0x24 zephyr/libzephyr.a(log_output.c.obj)
                0x0000000000001740                log_output_flush
 .text.out_func
                0x0000000000001764       0x22 zephyr/libzephyr.a(log_output.c.obj)
 *fill*         0x0000000000001786        0x2 
 .text.log_output_msg_process
                0x0000000000001788      0x5b4 zephyr/libzephyr.a(log_output.c.obj)
                0x0000000000001788                log_output_msg_process
 .text.log_output_timestamp_freq_set
                0x0000000000001d3c       0x30 zephyr/libzephyr.a(log_output.c.obj)
                0x0000000000001d3c                log_output_timestamp_freq_set
 .text.log_backend_rtt_init
                0x0000000000001d6c       0x1c zephyr/libzephyr.a(log_backend_rtt.c.obj)
 .text.panic    0x0000000000001d88        0xc zephyr/libzephyr.a(log_backend_rtt.c.obj)
 .text.put      0x0000000000001d94       0x24 zephyr/libzephyr.a(log_backend_rtt.c.obj)
 .text.msg_out  0x0000000000001db8      0x12c zephyr/libzephyr.a(log_backend_rtt.c.obj)
 .text.rtt_console_init
                0x0000000000001ee4       0x18 zephyr/libzephyr.a(rtt_console.c.obj)
 .text.rtt_console_out
                0x0000000000001efc       0x68 zephyr/libzephyr.a(rtt_console.c.obj)
 .text._m16src_stop
                0x0000000000001f64       0x60 zephyr/libzephyr.a(nrf5_power_clock.c.obj)
 .text._clock_control_init
                0x0000000000001fc4       0x16 zephyr/libzephyr.a(nrf5_power_clock.c.obj)
 *fill*         0x0000000000001fda        0x2 
 .text._m16src_start
                0x0000000000001fdc       0xb4 zephyr/libzephyr.a(nrf5_power_clock.c.obj)
 .text._k32src_start
                0x0000000000002090       0x90 zephyr/libzephyr.a(nrf5_power_clock.c.obj)
 .text._power_clock_isr
                0x0000000000002120       0xac zephyr/libzephyr.a(nrf5_power_clock.c.obj)
 .text.rtc_compare_set
                0x00000000000021cc       0x30 zephyr/libzephyr.a(nrf_rtc_timer.c.obj)
 .text.rtc_announce_set_next
                0x00000000000021fc       0x60 zephyr/libzephyr.a(nrf_rtc_timer.c.obj)
 .text.rtc1_nrf5_isr
                0x000000000000225c       0x10 zephyr/libzephyr.a(nrf_rtc_timer.c.obj)
                0x000000000000225c                rtc1_nrf5_isr
 .text.z_clock_set_timeout
                0x000000000000226c        0x2 zephyr/libzephyr.a(nrf_rtc_timer.c.obj)
                0x000000000000226c                z_clock_set_timeout
 .text.z_clock_elapsed
                0x000000000000226e        0x4 zephyr/libzephyr.a(nrf_rtc_timer.c.obj)
                0x000000000000226e                z_clock_elapsed
 *fill*         0x0000000000002272        0x2 
 .text.z_clock_idle_exit
                0x0000000000002274       0x2c zephyr/libzephyr.a(nrf_rtc_timer.c.obj)
                0x0000000000002274                z_clock_idle_exit
 .text.z_clock_driver_init
                0x00000000000022a0       0x80 zephyr/libzephyr.a(nrf_rtc_timer.c.obj)
                0x00000000000022a0                z_clock_driver_init
 .text._timer_cycle_get_32
                0x0000000000002320       0x20 zephyr/libzephyr.a(nrf_rtc_timer.c.obj)
                0x0000000000002320                _timer_cycle_get_32
 .text._HandlerModeExit
                0x0000000000002340       0x1c zephyr/arch/arm/core/libarch__arm__core.a(exc_exit.S.obj)
                0x0000000000002340                _ExcExit
                0x0000000000002340                _IntExit
 .text._IntLibInit
                0x000000000000235c       0x18 zephyr/arch/arm/core/libarch__arm__core.a(irq_init.c.obj)
                0x000000000000235c                _IntLibInit
 .text.__swap   0x0000000000002374       0x30 zephyr/arch/arm/core/libarch__arm__core.a(swap.c.obj)
                0x0000000000002374                __swap
 .text.__pendsv
                0x00000000000023a4       0x44 zephyr/arch/arm/core/libarch__arm__core.a(swap_helper.S.obj)
                0x00000000000023a4                __pendsv
 .text.__svc    0x00000000000023e8       0x24 zephyr/arch/arm/core/libarch__arm__core.a(swap_helper.S.obj)
                0x00000000000023e8                __svc
 .text._MpuFault.isra.2
                0x000000000000240c       0x88 zephyr/arch/arm/core/libarch__arm__core.a(fault.c.obj)
 .text._BusFault.isra.3
                0x0000000000002494       0x94 zephyr/arch/arm/core/libarch__arm__core.a(fault.c.obj)
 .text._UsageFault.isra.5
                0x0000000000002528       0x88 zephyr/arch/arm/core/libarch__arm__core.a(fault.c.obj)
 .text._Fault   0x00000000000025b0       0xd0 zephyr/arch/arm/core/libarch__arm__core.a(fault.c.obj)
                0x00000000000025b0                _Fault
 .text._FaultInit
                0x0000000000002680       0x10 zephyr/arch/arm/core/libarch__arm__core.a(fault.c.obj)
                0x0000000000002680                _FaultInit
 .text._arch_irq_enable
                0x0000000000002690       0x20 zephyr/arch/arm/core/libarch__arm__core.a(irq_manage.c.obj)
                0x0000000000002690                _arch_irq_enable
 .text._arch_irq_disable
                0x00000000000026b0       0x28 zephyr/arch/arm/core/libarch__arm__core.a(irq_manage.c.obj)
                0x00000000000026b0                _arch_irq_disable
 .text._irq_priority_set
                0x00000000000026d8       0x30 zephyr/arch/arm/core/libarch__arm__core.a(irq_manage.c.obj)
                0x00000000000026d8                _irq_priority_set
 .text._irq_spurious
                0x0000000000002708        0x4 zephyr/arch/arm/core/libarch__arm__core.a(irq_manage.c.obj)
                0x0000000000002708                _irq_spurious
 .text._new_thread
                0x000000000000270c       0x50 zephyr/arch/arm/core/libarch__arm__core.a(thread.c.obj)
                0x000000000000270c                _new_thread
 .text._CpuIdleInit
                0x000000000000275c        0xc zephyr/arch/arm/core/libarch__arm__core.a(cpu_idle.S.obj)
                0x000000000000275c                _CpuIdleInit
 .text.k_cpu_idle
                0x0000000000002768        0xc zephyr/arch/arm/core/libarch__arm__core.a(cpu_idle.S.obj)
                0x0000000000002768                k_cpu_idle
 .text.__fault  0x0000000000002774       0x28 zephyr/arch/arm/core/libarch__arm__core.a(fault_s.S.obj)
                0x0000000000002774                __usage_fault
                0x0000000000002774                __reserved
                0x0000000000002774                __bus_fault
                0x0000000000002774                __debug_monitor
                0x0000000000002774                __mpu_fault
                0x0000000000002774                __hard_fault
 .text._NanoFatalErrorHandler
                0x000000000000279c       0x68 zephyr/arch/arm/core/libarch__arm__core.a(fatal.c.obj)
                0x000000000000279c                _NanoFatalErrorHandler
 .text._do_kernel_oops
                0x0000000000002804        0x8 zephyr/arch/arm/core/libarch__arm__core.a(fatal.c.obj)
                0x0000000000002804                _do_kernel_oops
 .text._SysFatalErrorHandler
                0x000000000000280c       0x58 zephyr/arch/arm/core/libarch__arm__core.a(sys_fatal_error_handler.c.obj)
                0x000000000000280c                _SysFatalErrorHandler
 .text._impl_k_thread_abort
                0x0000000000002864       0x48 zephyr/arch/arm/core/libarch__arm__core.a(thread_abort.c.obj)
                0x0000000000002864                _impl_k_thread_abort
 .text._isr_wrapper
                0x00000000000028ac       0x3c zephyr/arch/arm/core/libarch__arm__core.a(isr_wrapper.S.obj)
                0x00000000000028ac                _isr_wrapper
 .text._reset_section
                0x00000000000028e8       0x24 zephyr/arch/arm/core/cortex_m/libarch__arm__core__cortex_m.a(reset.S.obj)
                0x00000000000028e8                __reset
                0x00000000000028e8                __start
 .text._SysNmiOnReset
                0x000000000000290c        0x8 zephyr/arch/arm/core/cortex_m/libarch__arm__core__cortex_m.a(nmi_on_reset.S.obj)
                0x000000000000290c                _SysNmiOnReset
 .text._PrepC   0x0000000000002914       0x28 zephyr/arch/arm/core/cortex_m/libarch__arm__core__cortex_m.a(prep_c.c.obj)
                0x0000000000002914                _PrepC
 .text.__nmi    0x000000000000293c        0xe zephyr/arch/arm/core/cortex_m/libarch__arm__core__cortex_m.a(nmi.c.obj)
                0x000000000000293c                __nmi
 *fill*         0x000000000000294a        0x2 
 .text.arm_core_mpu_enable
                0x000000000000294c       0x14 zephyr/arch/arm/core/cortex_m/mpu/libarch__arm__core__cortex_m__mpu.a(arm_mpu.c.obj)
                0x000000000000294c                arm_core_mpu_enable
 .text.arm_mpu_init
                0x0000000000002960       0x50 zephyr/arch/arm/core/cortex_m/mpu/libarch__arm__core__cortex_m__mpu.a(arm_mpu.c.obj)
 .text.strcpy   0x00000000000029b0       0x14 zephyr/lib/libc/minimal/liblib__libc__minimal.a(string.c.obj)
                0x00000000000029b0                strcpy
 .text.strchr   0x00000000000029c4       0x1c zephyr/lib/libc/minimal/liblib__libc__minimal.a(string.c.obj)
                0x00000000000029c4                strchr
 .text.strcmp   0x00000000000029e0       0x1a zephyr/lib/libc/minimal/liblib__libc__minimal.a(string.c.obj)
                0x00000000000029e0                strcmp
 .text.memmove  0x00000000000029fa       0x2e zephyr/lib/libc/minimal/liblib__libc__minimal.a(string.c.obj)
                0x00000000000029fa                memmove
 .text.memcpy   0x0000000000002a28       0x5a zephyr/lib/libc/minimal/liblib__libc__minimal.a(string.c.obj)
                0x0000000000002a28                memcpy
 .text.memset   0x0000000000002a82       0x42 zephyr/lib/libc/minimal/liblib__libc__minimal.a(string.c.obj)
                0x0000000000002a82                memset
 .text._to_x    0x0000000000002ac4       0x50 zephyr/lib/libc/minimal/liblib__libc__minimal.a(prf.c.obj)
 .text._rlrshift
                0x0000000000002b14       0x28 zephyr/lib/libc/minimal/liblib__libc__minimal.a(prf.c.obj)
 .text._ldiv5   0x0000000000002b3c       0x62 zephyr/lib/libc/minimal/liblib__libc__minimal.a(prf.c.obj)
 .text._get_digit
                0x0000000000002b9e       0x36 zephyr/lib/libc/minimal/liblib__libc__minimal.a(prf.c.obj)
 .text._prf     0x0000000000002bd4      0x7cc zephyr/lib/libc/minimal/liblib__libc__minimal.a(prf.c.obj)
                0x0000000000002bd4                _prf
 .text._stdout_hook_default
                0x00000000000033a0        0x6 zephyr/lib/libc/minimal/liblib__libc__minimal.a(stdout_console.c.obj)
 *fill*         0x00000000000033a6        0x2 
 .text.__stdout_hook_install
                0x00000000000033a8        0xc zephyr/lib/libc/minimal/liblib__libc__minimal.a(stdout_console.c.obj)
                0x00000000000033a8                __stdout_hook_install
 .text._impl__zephyr_fputc
                0x00000000000033b4       0x14 zephyr/lib/libc/minimal/liblib__libc__minimal.a(stdout_console.c.obj)
                0x00000000000033b4                _impl__zephyr_fputc
 .text.fputc    0x00000000000033c8        0x4 zephyr/lib/libc/minimal/liblib__libc__minimal.a(stdout_console.c.obj)
                0x00000000000033c8                fputc
 .text.printf   0x00000000000033cc       0x24 zephyr/lib/libc/minimal/liblib__libc__minimal.a(fprintf.c.obj)
                0x00000000000033cc                printf
 .text.adc_nrfx_channel_setup
                0x00000000000033f0      0x158 zephyr/drivers/adc/libdrivers__adc.a(adc_nrfx_saadc.c.obj)
 .text.adc_context_start_sampling.isra.1
                0x0000000000003548       0x14 zephyr/drivers/adc/libdrivers__adc.a(adc_nrfx_saadc.c.obj)
 .text.init_saadc
                0x000000000000355c       0x44 zephyr/drivers/adc/libdrivers__adc.a(adc_nrfx_saadc.c.obj)
 .text.start_read.isra.5
                0x00000000000035a0      0x274 zephyr/drivers/adc/libdrivers__adc.a(adc_nrfx_saadc.c.obj)
 .text.adc_context_on_timer_expired
                0x0000000000003814       0x28 zephyr/drivers/adc/libdrivers__adc.a(adc_nrfx_saadc.c.obj)
 .text.adc_nrfx_read
                0x000000000000383c       0x28 zephyr/drivers/adc/libdrivers__adc.a(adc_nrfx_saadc.c.obj)
 .text.adc_nrfx_read_async
                0x0000000000003864       0x2c zephyr/drivers/adc/libdrivers__adc.a(adc_nrfx_saadc.c.obj)
 .text.saadc_irq_handler
                0x0000000000003890       0xdc zephyr/drivers/adc/libdrivers__adc.a(adc_nrfx_saadc.c.obj)
 .text.gpio_nrfx_write
                0x000000000000396c       0x3c zephyr/drivers/gpio/libdrivers__gpio.a(gpio_nrfx.c.obj)
 .text.gpio_nrfx_read
                0x00000000000039a8       0x24 zephyr/drivers/gpio/libdrivers__gpio.a(gpio_nrfx.c.obj)
 .text.gpio_nrfx_manage_callback
                0x00000000000039cc       0x42 zephyr/drivers/gpio/libdrivers__gpio.a(gpio_nrfx.c.obj)
 *fill*         0x0000000000003a0e        0x2 
 .text.gpio_nrfx_init
                0x0000000000003a10       0x30 zephyr/drivers/gpio/libdrivers__gpio.a(gpio_nrfx.c.obj)
 .text.check_level_trigger_pins.constprop.11
                0x0000000000003a40       0x34 zephyr/drivers/gpio/libdrivers__gpio.a(gpio_nrfx.c.obj)
 .text.gpiote_event_handler
                0x0000000000003a74       0x9c zephyr/drivers/gpio/libdrivers__gpio.a(gpio_nrfx.c.obj)
 .text.gpiote_pin_int_cfg
                0x0000000000003b10      0x16c zephyr/drivers/gpio/libdrivers__gpio.a(gpio_nrfx.c.obj)
 .text.gpio_nrfx_config
                0x0000000000003c7c      0x126 zephyr/drivers/gpio/libdrivers__gpio.a(gpio_nrfx.c.obj)
 .text.gpio_nrfx_pin_disable_callback
                0x0000000000003da2       0x42 zephyr/drivers/gpio/libdrivers__gpio.a(gpio_nrfx.c.obj)
 .text.gpio_nrfx_pin_enable_callback
                0x0000000000003de4       0x40 zephyr/drivers/gpio/libdrivers__gpio.a(gpio_nrfx.c.obj)
 .text.pwm_nrf5_sw_get_cycles_per_sec
                0x0000000000003e24       0x18 zephyr/drivers/pwm/libdrivers__pwm.a(pwm_nrf5_sw.c.obj)
 .text.pwm_nrf5_sw_init
                0x0000000000003e3c       0x1e zephyr/drivers/pwm/libdrivers__pwm.a(pwm_nrf5_sw.c.obj)
 *fill*         0x0000000000003e5a        0x2 
 .text.pwm_nrf5_sw_pin_set
                0x0000000000003e5c      0x1fc zephyr/drivers/pwm/libdrivers__pwm.a(pwm_nrf5_sw.c.obj)
 .text._sys_device_do_config_level
                0x0000000000004058       0x28 zephyr/kernel/libkernel.a(device.c.obj)
                0x0000000000004058                _sys_device_do_config_level
 .text.device_get_binding
                0x0000000000004080       0x4c zephyr/kernel/libkernel.a(device.c.obj)
                0x0000000000004080                device_get_binding
 .text._sys_power_save_idle_exit
                0x00000000000040cc        0x4 zephyr/kernel/libkernel.a(idle.c.obj)
                0x00000000000040cc                _sys_power_save_idle_exit
 .text.idle     0x00000000000040d0       0x30 zephyr/kernel/libkernel.a(idle.c.obj)
                0x00000000000040d0                idle
 .text._bss_zero
                0x0000000000004100       0x14 zephyr/kernel/libkernel.a(init.c.obj)
                0x0000000000004100                _bss_zero
 .text._data_copy
                0x0000000000004114       0x18 zephyr/kernel/libkernel.a(init.c.obj)
                0x0000000000004114                _data_copy
 .text.bg_thread_main
                0x000000000000412c       0x30 zephyr/kernel/libkernel.a(init.c.obj)
 .text._Cstart  0x000000000000415c      0x10c zephyr/kernel/libkernel.a(init.c.obj)
                0x000000000000415c                _Cstart
 .text.init_mem_slab_module
                0x0000000000004268       0x38 zephyr/kernel/libkernel.a(mem_slab.c.obj)
 .text.k_mem_slab_init
                0x00000000000042a0       0x24 zephyr/kernel/libkernel.a(mem_slab.c.obj)
                0x00000000000042a0                k_mem_slab_init
 .text.k_mem_slab_alloc
                0x00000000000042c4       0x50 zephyr/kernel/libkernel.a(mem_slab.c.obj)
                0x00000000000042c4                k_mem_slab_alloc
 .text.k_mem_slab_free
                0x0000000000004314       0x50 zephyr/kernel/libkernel.a(mem_slab.c.obj)
                0x0000000000004314                k_mem_slab_free
 .text._impl_k_mutex_lock
                0x0000000000004364       0xc4 zephyr/kernel/libkernel.a(mutex.c.obj)
                0x0000000000004364                _impl_k_mutex_lock
 .text._impl_k_mutex_unlock
                0x0000000000004428       0x74 zephyr/kernel/libkernel.a(mutex.c.obj)
                0x0000000000004428                _impl_k_mutex_unlock
 .text.sys_dlist_remove
                0x000000000000449c        0xc zephyr/kernel/libkernel.a(sched.c.obj)
 .text.reset_time_slice
                0x00000000000044a8       0x34 zephyr/kernel/libkernel.a(sched.c.obj)
 .text.k_spin_lock.isra.10
                0x00000000000044dc        0xe zephyr/kernel/libkernel.a(sched.c.obj)
 *fill*         0x00000000000044ea        0x2 
 .text.update_cache
                0x00000000000044ec       0x4c zephyr/kernel/libkernel.a(sched.c.obj)
 .text._remove_thread_from_ready_q
                0x0000000000004538       0x38 zephyr/kernel/libkernel.a(sched.c.obj)
                0x0000000000004538                _remove_thread_from_ready_q
 .text._find_first_thread_to_unpend
                0x0000000000004570       0x18 zephyr/kernel/libkernel.a(sched.c.obj)
                0x0000000000004570                _find_first_thread_to_unpend
 .text._unpend_thread_no_timeout
                0x0000000000004588       0x22 zephyr/kernel/libkernel.a(sched.c.obj)
                0x0000000000004588                _unpend_thread_no_timeout
 .text._unpend_first_thread
                0x00000000000045aa       0x1c zephyr/kernel/libkernel.a(sched.c.obj)
                0x00000000000045aa                _unpend_first_thread
 .text._unpend_thread
                0x00000000000045c6       0x14 zephyr/kernel/libkernel.a(sched.c.obj)
                0x00000000000045c6                _unpend_thread
 *fill*         0x00000000000045da        0x2 
 .text._reschedule
                0x00000000000045dc       0x30 zephyr/kernel/libkernel.a(sched.c.obj)
                0x00000000000045dc                _reschedule
 .text.k_sched_unlock
                0x000000000000460c       0x34 zephyr/kernel/libkernel.a(sched.c.obj)
                0x000000000000460c                k_sched_unlock
 .text._priq_dumb_add
                0x0000000000004640       0x3e zephyr/kernel/libkernel.a(sched.c.obj)
                0x0000000000004640                _priq_dumb_add
 *fill*         0x000000000000467e        0x2 
 .text._add_thread_to_ready_q
                0x0000000000004680       0x2c zephyr/kernel/libkernel.a(sched.c.obj)
                0x0000000000004680                _add_thread_to_ready_q
 .text._ready_thread
                0x00000000000046ac       0x12 zephyr/kernel/libkernel.a(sched.c.obj)
 .text.z_thread_timeout
                0x00000000000046be       0x2a zephyr/kernel/libkernel.a(sched.c.obj)
                0x00000000000046be                z_thread_timeout
 .text._move_thread_to_end_of_prio_q
                0x00000000000046e8       0x3c zephyr/kernel/libkernel.a(sched.c.obj)
                0x00000000000046e8                _move_thread_to_end_of_prio_q
 .text.z_time_slice
                0x0000000000004724       0x58 zephyr/kernel/libkernel.a(sched.c.obj)
                0x0000000000004724                z_time_slice
 .text.pend     0x000000000000477c       0x54 zephyr/kernel/libkernel.a(sched.c.obj)
 .text._pend_current_thread
                0x00000000000047d0       0x1c zephyr/kernel/libkernel.a(sched.c.obj)
                0x00000000000047d0                _pend_current_thread
 .text._thread_priority_set
                0x00000000000047ec       0x58 zephyr/kernel/libkernel.a(sched.c.obj)
                0x00000000000047ec                _thread_priority_set
 .text._sched_init
                0x0000000000004844       0x24 zephyr/kernel/libkernel.a(sched.c.obj)
                0x0000000000004844                _sched_init
 .text._impl_k_yield
                0x0000000000004868       0x54 zephyr/kernel/libkernel.a(sched.c.obj)
                0x0000000000004868                _impl_k_yield
 .text._impl_k_sleep
                0x00000000000048bc       0x80 zephyr/kernel/libkernel.a(sched.c.obj)
                0x00000000000048bc                _impl_k_sleep
 .text._impl_k_wakeup
                0x000000000000493c       0x4c zephyr/kernel/libkernel.a(sched.c.obj)
                0x000000000000493c                _impl_k_wakeup
 .text._impl_k_current_get
                0x0000000000004988        0xc zephyr/kernel/libkernel.a(sched.c.obj)
                0x0000000000004988                _impl_k_current_get
 .text._impl_k_sem_give
                0x0000000000004994       0x4e zephyr/kernel/libkernel.a(sem.c.obj)
                0x0000000000004994                _impl_k_sem_give
 .text._impl_k_sem_take
                0x00000000000049e2       0x38 zephyr/kernel/libkernel.a(sem.c.obj)
                0x00000000000049e2                _impl_k_sem_take
 *fill*         0x0000000000004a1a        0x2 
 .text.schedule_new_thread.part.8
                0x0000000000004a1c       0x44 zephyr/kernel/libkernel.a(thread.c.obj)
 .text._ready_thread
                0x0000000000004a60       0x12 zephyr/kernel/libkernel.a(thread.c.obj)
 *fill*         0x0000000000004a72        0x2 
 .text.k_is_in_isr
                0x0000000000004a74       0x20 zephyr/kernel/libkernel.a(thread.c.obj)
                0x0000000000004a74                k_is_in_isr
 .text._is_thread_essential
                0x0000000000004a94       0x10 zephyr/kernel/libkernel.a(thread.c.obj)
                0x0000000000004a94                _is_thread_essential
 .text._impl_k_thread_start
                0x0000000000004aa4       0x2e zephyr/kernel/libkernel.a(thread.c.obj)
                0x0000000000004aa4                _impl_k_thread_start
 *fill*         0x0000000000004ad2        0x2 
 .text._setup_new_thread
                0x0000000000004ad4       0x34 zephyr/kernel/libkernel.a(thread.c.obj)
                0x0000000000004ad4                _setup_new_thread
 .text._k_thread_single_abort
                0x0000000000004b08       0x40 zephyr/kernel/libkernel.a(thread.c.obj)
                0x0000000000004b08                _k_thread_single_abort
 .text._init_static_threads
                0x0000000000004b48       0x9c zephyr/kernel/libkernel.a(thread.c.obj)
                0x0000000000004b48                _init_static_threads
 .text._init_thread_base
                0x0000000000004be4       0x12 zephyr/kernel/libkernel.a(thread.c.obj)
                0x0000000000004be4                _init_thread_base
 *fill*         0x0000000000004bf6        0x2 
 .text.elapsed  0x0000000000004bf8       0x14 zephyr/kernel/libkernel.a(timeout.c.obj)
 .text.k_spin_lock.isra.1
                0x0000000000004c0c        0xe zephyr/kernel/libkernel.a(timeout.c.obj)
 *fill*         0x0000000000004c1a        0x2 
 .text.remove_timeout
                0x0000000000004c1c       0x2c zephyr/kernel/libkernel.a(timeout.c.obj)
 .text._abort_timeout
                0x0000000000004c48       0x1e zephyr/kernel/libkernel.a(timeout.c.obj)
                0x0000000000004c48                _abort_timeout
 *fill*         0x0000000000004c66        0x2 
 .text._get_next_timeout_expiry
                0x0000000000004c68       0x5c zephyr/kernel/libkernel.a(timeout.c.obj)
                0x0000000000004c68                _get_next_timeout_expiry
 .text._add_timeout
                0x0000000000004cc4       0x70 zephyr/kernel/libkernel.a(timeout.c.obj)
                0x0000000000004cc4                _add_timeout
 .text.z_clock_announce
                0x0000000000004d34       0x98 zephyr/kernel/libkernel.a(timeout.c.obj)
                0x0000000000004d34                z_clock_announce
 .text.z_tick_get
                0x0000000000004dcc       0x2c zephyr/kernel/libkernel.a(timeout.c.obj)
                0x0000000000004dcc                z_tick_get
 .text.z_tick_get_32
                0x0000000000004df8        0xc zephyr/kernel/libkernel.a(timeout.c.obj)
                0x0000000000004df8                z_tick_get_32
 .text._impl_k_uptime_get_32
                0x0000000000004e04       0x2c zephyr/kernel/libkernel.a(timeout.c.obj)
                0x0000000000004e04                _impl_k_uptime_get_32
 .text._ready_thread
                0x0000000000004e30       0x12 zephyr/kernel/libkernel.a(timer.c.obj)
 *fill*         0x0000000000004e42        0x2 
 .text._timer_expiration_handler
                0x0000000000004e44       0x60 zephyr/kernel/libkernel.a(timer.c.obj)
                0x0000000000004e44                _timer_expiration_handler
 .text._impl_k_timer_start
                0x0000000000004ea4       0x70 zephyr/kernel/libkernel.a(timer.c.obj)
                0x0000000000004ea4                _impl_k_timer_start
 .text._impl_k_timer_stop
                0x0000000000004f14       0x70 zephyr/kernel/libkernel.a(timer.c.obj)
                0x0000000000004f14                _impl_k_timer_stop
 .text.signal_poll_event
                0x0000000000004f84       0x5a zephyr/kernel/libkernel.a(poll.c.obj)
 .text._handle_obj_poll_events
                0x0000000000004fde       0x18 zephyr/kernel/libkernel.a(poll.c.obj)
                0x0000000000004fde                _handle_obj_poll_events
 .text._impl_k_poll_signal
                0x0000000000004ff6       0x40 zephyr/kernel/libkernel.a(poll.c.obj)
                0x0000000000004ff6                _impl_k_poll_signal
 .text._OffsetAbsSyms
                0x0000000000005036        0x2 zephyr/CMakeFiles/offsets.dir/arch/arm/core/offsets/offsets.c.obj
                0x0000000000005036                _OffsetAbsSyms
 *(.gnu.linkonce.t.*)
 *(.glue_7t)
 .glue_7t       0x0000000000005038        0x0 linker stubs
 *(.glue_7)
 .glue_7        0x0000000000005038        0x0 linker stubs
 *(.vfp11_veneer)
 .vfp11_veneer  0x0000000000005038        0x0 linker stubs
 *(.v4_bx)
 .v4_bx         0x0000000000005038        0x0 linker stubs
                0x0000000000005038                _image_text_end = .

.ARM.exidx      0x0000000000005038        0x8
                0x0000000000005038                __exidx_start = .
 *(.ARM.exidx* gnu.linkonce.armexidx.*)
 .ARM.exidx     0x0000000000005038        0x8 /home/darragh/CS7NS2/gcc-arm-none-eabi/bin/../lib/gcc/arm-none-eabi/7.3.1/thumb/v7e-m/libgcc.a(_udivmoddi4.o)
                0x0000000000005040                __exidx_end = .
                0x0000000000005040                _image_rodata_start = .

devconfig       0x0000000000005040       0x84
                0x0000000000005040                __devconfig_start = .
 *(.devconfig.*)
 .devconfig.init
                0x0000000000005040        0xc zephyr/libzephyr.a(soc.c.obj)
 .devconfig.init
                0x000000000000504c        0xc zephyr/libzephyr.a(SEGGER_RTT_zephyr.c.obj)
 .devconfig.init
                0x0000000000005058        0xc zephyr/libzephyr.a(rtt_console.c.obj)
 .devconfig.init
                0x0000000000005064       0x18 zephyr/libzephyr.a(nrf5_power_clock.c.obj)
 .devconfig.init
                0x000000000000507c        0xc zephyr/libzephyr.a(sys_clock_init.c.obj)
 .devconfig.init
                0x0000000000005088        0xc zephyr/arch/arm/core/cortex_m/mpu/libarch__arm__core__cortex_m__mpu.a(arm_mpu.c.obj)
 .devconfig.init
                0x0000000000005094        0xc zephyr/drivers/adc/libdrivers__adc.a(adc_nrfx_saadc.c.obj)
 .devconfig.init
                0x00000000000050a0        0xc zephyr/drivers/gpio/libdrivers__gpio.a(gpio_nrfx.c.obj)
 .devconfig.init
                0x00000000000050ac        0xc zephyr/drivers/pwm/libdrivers__pwm.a(pwm_nrf5_sw.c.obj)
 .devconfig.init
                0x00000000000050b8        0xc zephyr/kernel/libkernel.a(mem_slab.c.obj)
 *(SORT_BY_NAME(.devconfig*))
                0x00000000000050c4                __devconfig_end = .

net_l2          0x00000000000050c4        0x0
                0x00000000000050c4                __net_l2_start = .
 *(.net_l2.init)
 *(SORT_BY_NAME(.net_l2.init*))
                0x00000000000050c4                __net_l2_end = .

log_const_sections
                0x00000000000050c4       0x28
                0x00000000000050c4                __log_const_start = .
 *(SORT_BY_NAME(.log_const_*))
 .log_const_adc_nrfx_saadc
                0x00000000000050c4        0x8 zephyr/drivers/adc/libdrivers__adc.a(adc_nrfx_saadc.c.obj)
                0x00000000000050c4                log_const_adc_nrfx_saadc
 .log_const_kernel
                0x00000000000050cc        0x8 zephyr/kernel/libkernel.a(init.c.obj)
                0x00000000000050cc                log_const_kernel
 .log_const_mpu
                0x00000000000050d4        0x8 zephyr/arch/arm/core/cortex_m/mpu/libarch__arm__core__cortex_m__mpu.a(arm_core_mpu.c.obj)
                0x00000000000050d4                log_const_mpu
 .log_const_pwm_nrf5_sw
                0x00000000000050dc        0x8 zephyr/drivers/pwm/libdrivers__pwm.a(pwm_nrf5_sw.c.obj)
                0x00000000000050dc                log_const_pwm_nrf5_sw
 .log_const_soc
                0x00000000000050e4        0x8 zephyr/libzephyr.a(soc.c.obj)
                0x00000000000050e4                log_const_soc
                0x00000000000050ec                __log_const_end = .

log_backends_sections
                0x00000000000050ec       0x10
                0x00000000000050ec                __log_backends_start = .
 *(.log_backends)
 .log_backends  0x00000000000050ec       0x10 zephyr/libzephyr.a(log_backend_rtt.c.obj)
                0x00000000000050fc                __log_backends_end = .

shell_root_cmds_sections
                0x00000000000050fc        0x0
                0x00000000000050fc                __shell_root_cmds_start = .
 *(SORT_BY_NAME(.shell_root_cmd_*))
                0x00000000000050fc                __shell_root_cmds_end = .

font_entry_sections
                0x00000000000050fc        0x0
                0x00000000000050fc                __font_entry_start = .
 *(SORT_BY_NAME(.font_entry.*))
                0x00000000000050fc                __font_entry_end = .

rodata          0x00000000000050fc      0x9d0
 *(.rodata)
 *(.rodata.*)
 .rodata.m_1st_channel_cfg
                0x00000000000050fc        0x8 libapp.a(main.c.obj)
 .rodata.m_2nd_channel_cfg
                0x0000000000005104        0x8 libapp.a(main.c.obj)
 .rodata.main.str1.1
                0x000000000000510c       0xe2 libapp.a(main.c.obj)
 .rodata.sample_sensor.str1.1
                0x00000000000051ee       0xa5 libapp.a(main.c.obj)
 .rodata.turn_clockwise.str1.1
                0x0000000000005293       0x13 libapp.a(main.c.obj)
 .rodata.str1.1
                0x00000000000052a6        0x4 zephyr/libzephyr.a(soc.c.obj)
                                          0x5 (size before relaxing)
 .rodata.str1.1
                0x00000000000052aa        0xf zephyr/libzephyr.a(mpu_regions.c.obj)
 .rodata._DoInit.str1.1
                0x00000000000052b9       0x14 zephyr/libzephyr.a(SEGGER_RTT.c.obj)
 .rodata.str1.1
                0x00000000000052cd        0x1 zephyr/libzephyr.a(SEGGER_RTT_zephyr.c.obj)
 .rodata.str1.1
                0x00000000000052cd        0x8 zephyr/libzephyr.a(log_core.c.obj)
 *fill*         0x00000000000052d5        0x3 
 .rodata.colors
                0x00000000000052d8       0x14 zephyr/libzephyr.a(log_output.c.obj)
 .rodata.log_output_msg_process.str1.1
                0x00000000000052ec       0x49 zephyr/libzephyr.a(log_output.c.obj)
                                         0x4f (size before relaxing)
 *fill*         0x0000000000005335        0x3 
 .rodata.severity
                0x0000000000005338       0x14 zephyr/libzephyr.a(log_output.c.obj)
 .rodata.str1.1
                0x000000000000534c       0x20 zephyr/libzephyr.a(log_output.c.obj)
 .rodata.log_backend_rtt_api
                0x000000000000536c        0xc zephyr/libzephyr.a(log_backend_rtt.c.obj)
                0x000000000000536c                log_backend_rtt_api
 .rodata.log_output
                0x0000000000005378       0x10 zephyr/libzephyr.a(log_backend_rtt.c.obj)
 .rodata.msg_out.str1.1
                0x0000000000005388       0x18 zephyr/libzephyr.a(log_backend_rtt.c.obj)
 .rodata.str1.1
                0x00000000000053a0       0x10 zephyr/libzephyr.a(log_backend_rtt.c.obj)
 .rodata.str1.1
                0x00000000000053b0        0x1 zephyr/libzephyr.a(rtt_console.c.obj)
 .rodata._k32src_clock_control_api
                0x00000000000053b0        0xc zephyr/libzephyr.a(nrf5_power_clock.c.obj)
 .rodata._m16src_clock_control_api
                0x00000000000053bc        0xc zephyr/libzephyr.a(nrf5_power_clock.c.obj)
 .rodata.str1.1
                0x00000000000053c8       0x16 zephyr/libzephyr.a(nrf5_power_clock.c.obj)
 .rodata.str1.1
                0x00000000000053de        0xa zephyr/libzephyr.a(sys_clock_init.c.obj)
 .rodata.z_clock_driver_init.str1.1
                0x00000000000053e8        0xb zephyr/libzephyr.a(nrf_rtc_timer.c.obj)
 .rodata._BusFault.isra.3.str1.1
                0x00000000000053e8       0x7c zephyr/arch/arm/core/libarch__arm__core.a(fault.c.obj)
 .rodata._Fault.str1.1
                0x0000000000005464       0xd3 zephyr/arch/arm/core/libarch__arm__core.a(fault.c.obj)
 .rodata._MpuFault.isra.2.str1.1
                0x0000000000005537       0xbd zephyr/arch/arm/core/libarch__arm__core.a(fault.c.obj)
 .rodata._UsageFault.isra.5.str1.1
                0x00000000000055f4       0xd4 zephyr/arch/arm/core/libarch__arm__core.a(fault.c.obj)
 .rodata._NanoFatalErrorHandler.str1.1
                0x00000000000056c8       0xda zephyr/arch/arm/core/libarch__arm__core.a(fatal.c.obj)
 .rodata._SysFatalErrorHandler.str1.1
                0x00000000000057a2       0x5a zephyr/arch/arm/core/libarch__arm__core.a(sys_fatal_error_handler.c.obj)
 .rodata.str1.1
                0x00000000000057fc        0x4 zephyr/arch/arm/core/cortex_m/mpu/libarch__arm__core__cortex_m__mpu.a(arm_core_mpu.c.obj)
 .rodata.str1.1
                0x0000000000005800        0x1 zephyr/arch/arm/core/cortex_m/mpu/libarch__arm__core__cortex_m__mpu.a(arm_mpu.c.obj)
 .rodata._prf.str1.1
                0x0000000000005800        0xb zephyr/lib/libc/minimal/liblib__libc__minimal.a(prf.c.obj)
 .rodata.__func__.9701
                0x000000000000580b       0x17 zephyr/drivers/adc/libdrivers__adc.a(adc_nrfx_saadc.c.obj)
 .rodata.__func__.9735
                0x0000000000005822        0xf zephyr/drivers/adc/libdrivers__adc.a(adc_nrfx_saadc.c.obj)
 .rodata.__func__.9742
                0x0000000000005831       0x11 zephyr/drivers/adc/libdrivers__adc.a(adc_nrfx_saadc.c.obj)
 .rodata.__func__.9761
                0x0000000000005842       0x12 zephyr/drivers/adc/libdrivers__adc.a(adc_nrfx_saadc.c.obj)
 .rodata.__func__.9771
                0x0000000000005854        0xb zephyr/drivers/adc/libdrivers__adc.a(adc_nrfx_saadc.c.obj)
 .rodata.adc_nrfx_channel_setup.str1.1
                0x000000000000585f       0x7a zephyr/drivers/adc/libdrivers__adc.a(adc_nrfx_saadc.c.obj)
 *fill*         0x00000000000058d9        0x3 
 .rodata.adc_nrfx_driver_api
                0x00000000000058dc        0xc zephyr/drivers/adc/libdrivers__adc.a(adc_nrfx_saadc.c.obj)
 .rodata.start_read.isra.5.str1.1
                0x00000000000058e8       0xef zephyr/drivers/adc/libdrivers__adc.a(adc_nrfx_saadc.c.obj)
 .rodata.str1.1
                0x00000000000059d7        0xf zephyr/drivers/adc/libdrivers__adc.a(adc_nrfx_saadc.c.obj)
                                         0x15 (size before relaxing)
 *fill*         0x00000000000059e6        0x2 
 .rodata.gpio_nrfx_drv_api_funcs
                0x00000000000059e8       0x1c zephyr/drivers/gpio/libdrivers__gpio.a(gpio_nrfx.c.obj)
 .rodata.gpio_nrfx_p0_cfg
                0x0000000000005a04        0x8 zephyr/drivers/gpio/libdrivers__gpio.a(gpio_nrfx.c.obj)
 .rodata.str1.1
                0x0000000000005a0c        0x7 zephyr/drivers/gpio/libdrivers__gpio.a(gpio_nrfx.c.obj)
 .rodata.__func__.9364
                0x0000000000005a0c       0x14 zephyr/drivers/pwm/libdrivers__pwm.a(pwm_nrf5_sw.c.obj)
 .rodata.pwm_nrf5_sw_0_config
                0x0000000000005a20        0x8 zephyr/drivers/pwm/libdrivers__pwm.a(pwm_nrf5_sw.c.obj)
 .rodata.pwm_nrf5_sw_drv_api_funcs
                0x0000000000005a28        0x8 zephyr/drivers/pwm/libdrivers__pwm.a(pwm_nrf5_sw.c.obj)
 .rodata.pwm_nrf5_sw_pin_set.str1.1
                0x0000000000005a30       0x37 zephyr/drivers/pwm/libdrivers__pwm.a(pwm_nrf5_sw.c.obj)
 .rodata.str1.1
                0x0000000000005a67        0xc zephyr/drivers/pwm/libdrivers__pwm.a(pwm_nrf5_sw.c.obj)
                                         0x12 (size before relaxing)
 *fill*         0x0000000000005a73        0x1 
 .rodata.config_levels
                0x0000000000005a74       0x14 zephyr/kernel/libkernel.a(device.c.obj)
 .rodata._k_neg_eagain
                0x0000000000005a88        0x4 zephyr/kernel/libkernel.a(errno.c.obj)
                0x0000000000005a88                _k_neg_eagain
 .rodata._Cstart.str1.1
                0x0000000000005a8c        0xa zephyr/kernel/libkernel.a(init.c.obj)
 *fill*         0x0000000000005a96        0x2 
 .rodata._idle_thread
                0x0000000000005a98        0x4 zephyr/kernel/libkernel.a(init.c.obj)
                0x0000000000005a98                _idle_thread
 .rodata.bg_thread_main.str1.1
                0x0000000000005a9c       0x27 zephyr/kernel/libkernel.a(init.c.obj)
 .rodata.str1.1
                0x0000000000005ac3        0x7 zephyr/kernel/libkernel.a(init.c.obj)
 .rodata.str1.1
                0x0000000000005aca        0x1 zephyr/kernel/libkernel.a(mem_slab.c.obj)
 *(.gnu.linkonce.r.*)
                0x0000000000005acc                . = ALIGN (0x4)
 *fill*         0x0000000000005aca        0x2 
                0x0000000000005acc                _image_rodata_end = .
                0x0000000000005acc                _image_rom_end = .

.got            0x0000000020000000        0x0
 *(.got.plt)
 *(.igot.plt)
 .igot.plt      0x0000000020000000        0x0 zephyr/CMakeFiles/kernel_elf.dir/isr_tables.c.obj
 *(.got)
 *(.igot)
                0x0000000000000020                _app_data_align = 0x20
                0x0000000020000000                . = ALIGN (0x20)

bss             0x0000000020000000      0x7bc
                0x0000000020000000                . = ALIGN (0x4)
                0x0000000020000000                __bss_start = .
                0x0000000020000000                __kernel_ram_start = .
 *(.bss)
 *(.bss.*)
 .bss.m_sample_buffer
                0x0000000020000000        0xc libapp.a(main.c.obj)
 .bss._acDownBuffer
                0x000000002000000c       0x10 zephyr/libzephyr.a(SEGGER_RTT.c.obj)
 .bss._acUpBuffer
                0x000000002000001c      0x400 zephyr/libzephyr.a(SEGGER_RTT.c.obj)
 .bss.backend_attached
                0x000000002000041c        0x1 zephyr/libzephyr.a(log_core.c.obj)
 *fill*         0x000000002000041d        0x3 
 .bss.buffered_cnt
                0x0000000020000420        0x4 zephyr/libzephyr.a(log_core.c.obj)
 .bss.initialized
                0x0000000020000424        0x4 zephyr/libzephyr.a(log_core.c.obj)
 .bss.list      0x0000000020000428        0x8 zephyr/libzephyr.a(log_core.c.obj)
 .bss.panic_mode
                0x0000000020000430        0x1 zephyr/libzephyr.a(log_core.c.obj)
 *fill*         0x0000000020000431        0x3 
 .bss.proc_tid  0x0000000020000434        0x4 zephyr/libzephyr.a(log_core.c.obj)
 .bss.freq      0x0000000020000438        0x4 zephyr/libzephyr.a(log_output.c.obj)
 .bss.timestamp_div
                0x000000002000043c        0x4 zephyr/libzephyr.a(log_output.c.obj)
 .bss.backend_cb_log_backend_rtt
                0x0000000020000440        0x8 zephyr/libzephyr.a(log_backend_rtt.c.obj)
 .bss.char_buf  0x0000000020000448        0x1 zephyr/libzephyr.a(log_backend_rtt.c.obj)
 *fill*         0x0000000020000449        0x3 
 .bss.drop_cnt  0x000000002000044c        0x4 zephyr/libzephyr.a(log_backend_rtt.c.obj)
 .bss.drop_warn
                0x0000000020000450        0x4 zephyr/libzephyr.a(log_backend_rtt.c.obj)
 .bss.line_buf  0x0000000020000454       0x97 zephyr/libzephyr.a(log_backend_rtt.c.obj)
 *fill*         0x00000000200004eb        0x1 
 .bss.line_pos  0x00000000200004ec        0x4 zephyr/libzephyr.a(log_backend_rtt.c.obj)
 .bss.log_output_control_block
                0x00000000200004f0        0x8 zephyr/libzephyr.a(log_backend_rtt.c.obj)
 .bss.panic_mode
                0x00000000200004f8        0x4 zephyr/libzephyr.a(log_backend_rtt.c.obj)
 .bss.host_present
                0x00000000200004fc        0x1 zephyr/libzephyr.a(rtt_console.c.obj)
 .bss.k32src_initialized
                0x00000000200004fd        0x1 zephyr/libzephyr.a(nrf5_power_clock.c.obj)
 .bss.m16src_grd
                0x00000000200004fe        0x1 zephyr/libzephyr.a(nrf5_power_clock.c.obj)
 .bss.m16src_ref
                0x00000000200004ff        0x1 zephyr/libzephyr.a(nrf5_power_clock.c.obj)
 .bss.driver_uptime
                0x0000000020000500        0x4 zephyr/libzephyr.a(nrf_rtc_timer.c.obj)
 .bss.expected_sys_ticks
                0x0000000020000504        0x4 zephyr/libzephyr.a(nrf_rtc_timer.c.obj)
 .bss.rtc_past  0x0000000020000508        0x4 zephyr/libzephyr.a(nrf_rtc_timer.c.obj)
 .bss.gpio_initialized.9870
                0x000000002000050c        0x1 zephyr/drivers/gpio/libdrivers__gpio.a(gpio_nrfx.c.obj)
 *fill*         0x000000002000050d        0x3 
 .bss.gpio_nrfx_p0_data
                0x0000000020000510       0x20 zephyr/drivers/gpio/libdrivers__gpio.a(gpio_nrfx.c.obj)
 .bss.pwm_nrf5_sw_0_data
                0x0000000020000530       0x1c zephyr/drivers/pwm/libdrivers__pwm.a(pwm_nrf5_sw.c.obj)
 .bss._idle_thread_s
                0x000000002000054c       0x6c zephyr/kernel/libkernel.a(init.c.obj)
 .bss._main_thread_s
                0x00000000200005b8       0x6c zephyr/kernel/libkernel.a(init.c.obj)
 .bss.slice_max_prio
                0x0000000020000624        0x4 zephyr/kernel/libkernel.a(sched.c.obj)
 .bss.slice_time
                0x0000000020000628        0x4 zephyr/kernel/libkernel.a(sched.c.obj)
 .bss.announce_remaining
                0x000000002000062c        0x4 zephyr/kernel/libkernel.a(timeout.c.obj)
 .bss.can_wait_forever
                0x0000000020000630        0x1 zephyr/kernel/libkernel.a(timeout.c.obj)
 *fill*         0x0000000020000631        0x7 
 .bss.curr_tick
                0x0000000020000638        0x8 zephyr/kernel/libkernel.a(timeout.c.obj)
 *(COMMON)
 COMMON         0x0000000020000640       0xa8 zephyr/libzephyr.a(SEGGER_RTT.c.obj)
                0x0000000020000640                _SEGGER_RTT
 COMMON         0x00000000200006e8       0x88 zephyr/libzephyr.a(log_core.c.obj)
                0x00000000200006e8                _k_thread_obj_logging
                0x0000000020000754                log_strdup_pool
 COMMON         0x0000000020000770       0x1c zephyr/libzephyr.a(log_msg.c.obj)
                0x0000000020000770                log_msg_pool
 COMMON         0x000000002000078c       0x30 zephyr/kernel/libkernel.a(sched.c.obj)
                0x000000002000078c                _kernel
 *(.kernel_bss.*)
                0x00000000200007bc                __bss_end = ALIGN (0x4)

noinit          0x00000000200007c0     0x14e0
 *(.noinit)
 *(.noinit.*)
 .noinit."/home/darragh/CS7NS2/zephyr/subsys/logging/log_core.c".0
                0x00000000200007c0       0xa0 zephyr/libzephyr.a(log_core.c.obj)
 .noinit."/home/darragh/CS7NS2/zephyr/subsys/logging/log_core.c".1
                0x0000000020000860      0x300 zephyr/libzephyr.a(log_core.c.obj)
                0x0000000020000860                _k_thread_stack_logging
 .noinit."/home/darragh/CS7NS2/zephyr/subsys/logging/log_msg.c".0
                0x0000000020000b60      0x400 zephyr/libzephyr.a(log_msg.c.obj)
 .noinit."/home/darragh/CS7NS2/zephyr/kernel/init.c".1
                0x0000000020000f60      0x400 zephyr/kernel/libkernel.a(init.c.obj)
                0x0000000020000f60                _main_stack
 .noinit."/home/darragh/CS7NS2/zephyr/kernel/init.c".2
                0x0000000020001360      0x140 zephyr/kernel/libkernel.a(init.c.obj)
                0x0000000020001360                _idle_stack
 .noinit."/home/darragh/CS7NS2/zephyr/kernel/init.c".3
                0x00000000200014a0      0x800 zephyr/kernel/libkernel.a(init.c.obj)
                0x00000000200014a0                _interrupt_stack
 *(.kernel_noinit.*)

datas           0x0000000020001ca0       0xb4 load address 0x0000000000005acc
                0x0000000020001ca0                __data_ram_start = .
 *(.data)
 *(.data.*)
 .data._char_out
                0x0000000020001ca0        0x4 zephyr/libzephyr.a(printk.c.obj)
 .data.mpu_config
                0x0000000020001ca4        0x8 zephyr/libzephyr.a(mpu_regions.c.obj)
                0x0000000020001ca4                mpu_config
 .data.mpu_regions
                0x0000000020001cac       0x18 zephyr/libzephyr.a(mpu_regions.c.obj)
 .data.SystemCoreClock
                0x0000000020001cc4        0x4 zephyr/libzephyr.a(system_nrf52.c.obj)
                0x0000000020001cc4                SystemCoreClock
 .data.timestamp_func
                0x0000000020001cc8        0x4 zephyr/libzephyr.a(log_core.c.obj)
 .data._stdout_hook
                0x0000000020001ccc        0x4 zephyr/lib/libc/minimal/liblib__libc__minimal.a(stdout_console.c.obj)
 .data.m_data   0x0000000020001cd0       0x7c zephyr/drivers/adc/libdrivers__adc.a(adc_nrfx_saadc.c.obj)
 .data.timeout_list
                0x0000000020001d4c        0x8 zephyr/kernel/libkernel.a(timeout.c.obj)
 *(.kernel.*)
                0x0000000000005acc                __data_rom_start = LOADADDR (datas)

initlevel       0x0000000020001d54       0x84 load address 0x0000000000005b80
                0x0000000020001d54                __device_init_start = .
                0x0000000020001d54                __device_PRE_KERNEL_1_start = .
 *(SORT_BY_NAME(.init_PRE_KERNEL_1[0-9]))
 .init_PRE_KERNEL_10
                0x0000000020001d54        0xc zephyr/libzephyr.a(soc.c.obj)
 *(SORT_BY_NAME(.init_PRE_KERNEL_1[1-9][0-9]))
 .init_PRE_KERNEL_130
                0x0000000020001d60        0xc zephyr/libzephyr.a(SEGGER_RTT_zephyr.c.obj)
 .init_PRE_KERNEL_130
                0x0000000020001d6c        0xc zephyr/kernel/libkernel.a(mem_slab.c.obj)
 .init_PRE_KERNEL_140
                0x0000000020001d78        0xc zephyr/libzephyr.a(rtt_console.c.obj)
 .init_PRE_KERNEL_140
                0x0000000020001d84        0xc zephyr/arch/arm/core/cortex_m/mpu/libarch__arm__core__cortex_m__mpu.a(arm_mpu.c.obj)
 .init_PRE_KERNEL_150
                0x0000000020001d90       0x18 zephyr/libzephyr.a(nrf5_power_clock.c.obj)
                0x0000000020001da8                __device_PRE_KERNEL_2_start = .
 *(SORT_BY_NAME(.init_PRE_KERNEL_2[0-9]))
 .init_PRE_KERNEL_20
                0x0000000020001da8        0xc zephyr/libzephyr.a(sys_clock_init.c.obj)
 *(SORT_BY_NAME(.init_PRE_KERNEL_2[1-9][0-9]))
                0x0000000020001db4                __device_POST_KERNEL_start = .
 *(SORT_BY_NAME(.init_POST_KERNEL[0-9]))
 *(SORT_BY_NAME(.init_POST_KERNEL[1-9][0-9]))
 .init_POST_KERNEL40
                0x0000000020001db4        0xc zephyr/drivers/gpio/libdrivers__gpio.a(gpio_nrfx.c.obj)
 .init_POST_KERNEL50
                0x0000000020001dc0        0xc zephyr/drivers/adc/libdrivers__adc.a(adc_nrfx_saadc.c.obj)
 .init_POST_KERNEL50
                0x0000000020001dcc        0xc zephyr/drivers/pwm/libdrivers__pwm.a(pwm_nrf5_sw.c.obj)
                0x0000000020001dd8                __device_APPLICATION_start = .
 *(SORT_BY_NAME(.init_APPLICATION[0-9]))
 *(SORT_BY_NAME(.init_APPLICATION[1-9][0-9]))
                0x0000000020001dd8                __device_init_end = .

initlevel_error
                0x0000000020001d54        0x0
 *(SORT_BY_NAME(.init_[_A-Z0-9]*))
                0x0000000000000001                ASSERT ((SIZEOF (initlevel_error) == 0x0), Undefined initialization levels used.)

initshell       0x0000000020001dd8        0x0 load address 0x0000000000005c04
                0x0000000020001dd8                __shell_module_start = .
 *(.shell_module_*)
                0x0000000020001dd8                __shell_module_end = .
                0x0000000020001dd8                __shell_cmd_start = .
 *(.shell_cmd_*)
                0x0000000020001dd8                __shell_cmd_end = .

log_dynamic_sections
                0x0000000020001dd8        0x0 load address 0x0000000000005c04
                0x0000000020001dd8                __log_dynamic_start = .
 *(SORT_BY_NAME(.log_dynamic_*))
                0x0000000020001dd8                __log_dynamic_end = .

_static_thread_area
                0x0000000020001dd8       0x30 load address 0x0000000000005c04
                0x0000000020001dd8                _static_thread_data_list_start = .
 *(SORT_BY_NAME(._static_thread_data.static.*))
 ._static_thread_data.static.logging
                0x0000000020001dd8       0x30 zephyr/libzephyr.a(log_core.c.obj)
                0x0000000020001dd8                _k_thread_data_logging
                0x0000000020001e08                _static_thread_data_list_end = .

_k_timer_area   0x0000000020001e08        0x0 load address 0x0000000000005c34
                0x0000000020001e08                _k_timer_list_start = .
 *(SORT_BY_NAME(._k_timer.static.*))
                0x0000000020001e08                _k_timer_list_end = .

_k_mem_slab_area
                0x0000000020001e08        0x0 load address 0x0000000000005c34
                0x0000000020001e08                _k_mem_slab_list_start = .
 *(SORT_BY_NAME(._k_mem_slab.static.*))
                0x0000000020001e08                _k_mem_slab_list_end = .

_k_mem_pool_area
                0x0000000020001e08        0x0 load address 0x0000000000005c34
 *(SORT_BY_NAME(._k_memory_pool.struct*))
                0x0000000020001e08                _k_mem_pool_list_start = .
 *(SORT_BY_NAME(._k_mem_pool.static.*))
                0x0000000020001e08                _k_mem_pool_list_end = .

_k_sem_area     0x0000000020001e08        0x0 load address 0x0000000000005c34
                0x0000000020001e08                _k_sem_list_start = .
 *(SORT_BY_NAME(._k_sem.static.*))
                0x0000000020001e08                _k_sem_list_end = .

_k_mutex_area   0x0000000020001e08       0x14 load address 0x0000000000005c34
                0x0000000020001e08                _k_mutex_list_start = .
 *(SORT_BY_NAME(._k_mutex.static.*))
 ._k_mutex.static.rtt_term_mutex
                0x0000000020001e08       0x14 zephyr/libzephyr.a(SEGGER_RTT_zephyr.c.obj)
                0x0000000020001e08                rtt_term_mutex
                0x0000000020001e1c                _k_mutex_list_end = .

_k_alert_area   0x0000000020001e1c        0x0 load address 0x0000000000005c48
                0x0000000020001e1c                _k_alert_list_start = .
 *(SORT_BY_NAME(._k_alert.static.*))
                0x0000000020001e1c                _k_alert_list_end = .

_k_queue_area   0x0000000020001e1c        0x0 load address 0x0000000000005c48
                0x0000000020001e1c                _k_queue_list_start = .
 *(SORT_BY_NAME(._k_queue.static.*))
                0x0000000020001e1c                _k_queue_list_end = .

_k_stack_area   0x0000000020001e1c        0x0 load address 0x0000000000005c48
                0x0000000020001e1c                _k_stack_list_start = .
 *(SORT_BY_NAME(._k_stack.static.*))
                0x0000000020001e1c                _k_stack_list_end = .

_k_msgq_area    0x0000000020001e1c        0x0 load address 0x0000000000005c48
                0x0000000020001e1c                _k_msgq_list_start = .
 *(SORT_BY_NAME(._k_msgq.static.*))
                0x0000000020001e1c                _k_msgq_list_end = .

_k_mbox_area    0x0000000020001e1c        0x0 load address 0x0000000000005c48
                0x0000000020001e1c                _k_mbox_list_start = .
 *(SORT_BY_NAME(._k_mbox.static.*))
                0x0000000020001e1c                _k_mbox_list_end = .

_k_pipe_area    0x0000000020001e1c        0x0 load address 0x0000000000005c48
                0x0000000020001e1c                _k_pipe_list_start = .
 *(SORT_BY_NAME(._k_pipe.static.*))
                0x0000000020001e1c                _k_pipe_list_end = .

_k_work_area    0x0000000020001e1c        0x0 load address 0x0000000000005c48
                0x0000000020001e1c                _k_work_list_start = .
 *(SORT_BY_NAME(._k_work.static.*))
                0x0000000020001e1c                _k_work_list_end = .

_k_task_list    0x0000000020001e1c        0x0 load address 0x0000000000005c48
                0x0000000020001e1c                _k_task_list_start = .
 *(._k_task_list.public.*)
 *(._k_task_list.private.*)
                0x0000000020001e1c                _k_task_list_idle_start = .
 *(._k_task_list.idle.*)
 *(SORT_BY_NAME(._k_task_list*))
                0x0000000020001e1c                _k_task_list_end = .

_k_event_list   0x0000000020001e1c        0x0 load address 0x0000000000005c48
                0x0000000020001e1c                _k_event_list_start = .
 *(._k_event_list.event.*)
 *(SORT_BY_NAME(._k_event_list*))
                0x0000000020001e1c                _k_event_list_end = .

_k_memory_pool  0x0000000020001e1c        0x0 load address 0x0000000000005c48
 *(._k_memory_pool.struct*)
 *(SORT_BY_NAME(._k_memory_pool.struct*))
                0x0000000020001e1c                _k_mem_pool_start = .
 *(._k_memory_pool.*)
 *(SORT_BY_NAME(._k_memory_pool*))
                0x0000000020001e1c                _k_mem_pool_end = .

_net_buf_pool_area
                0x0000000020001e1c        0x0 load address 0x0000000000005c48
                0x0000000020001e1c                _net_buf_pool_list = .
 *(SORT_BY_NAME(._net_buf_pool.static.*))

net_if          0x0000000020001e1c        0x0 load address 0x0000000000005c48
                0x0000000020001e1c                __net_if_start = .
 *(.net_if.*)
 *(SORT_BY_NAME(.net_if.*))
                0x0000000020001e1c                __net_if_end = .

net_if_dev      0x0000000020001e1c        0x0 load address 0x0000000000005c48
                0x0000000020001e1c                __net_if_dev_start = .
 *(.net_if_dev.*)
 *(SORT_BY_NAME(.net_if_dev.*))
                0x0000000020001e1c                __net_if_dev_end = .

net_l2_data     0x0000000020001e1c        0x0 load address 0x0000000000005c48
                0x0000000020001e1c                __net_l2_data_start = .
 *(.net_l2.data)
 *(SORT_BY_NAME(.net_l2.data*))
                0x0000000020001e1c                __net_l2_data_end = .

priv_stacks_noinit
 *(.priv_stacks.noinit)
                0x0000000020001e1c                __data_ram_end = .
                0x0000000020001e1c                _image_ram_end = .
                0x0000000020001e1c                _end = .
                0x0000000020010000                __kernel_ram_end = 0x20010000
                0x0000000000010000                __kernel_ram_size = (__kernel_ram_end - __kernel_ram_start)

/DISCARD/
 *(.irq_info)
 *(.intList)

.stab
 *(.stab)

.stabstr
 *(.stabstr)

.stab.excl
 *(.stab.excl)

.stab.exclstr
 *(.stab.exclstr)

.stab.index
 *(.stab.index)

.stab.indexstr
 *(.stab.indexstr)

.comment        0x0000000000000000       0x7f
 *(.comment)
 .comment       0x0000000000000000       0x7f zephyr/CMakeFiles/kernel_elf.dir/isr_tables.c.obj
                                         0x80 (size before relaxing)
 .comment       0x000000000000007f       0x80 libapp.a(main.c.obj)
 .comment       0x000000000000007f       0x80 zephyr/libzephyr.a(isr_tables.c.obj)
 .comment       0x000000000000007f       0x80 zephyr/libzephyr.a(thread_entry.c.obj)
 .comment       0x000000000000007f       0x80 zephyr/libzephyr.a(printk.c.obj)
 .comment       0x000000000000007f       0x80 zephyr/libzephyr.a(configs.c.obj)
 .comment       0x000000000000007f       0x80 zephyr/libzephyr.a(soc.c.obj)
 .comment       0x000000000000007f       0x80 zephyr/libzephyr.a(mpu_regions.c.obj)
 .comment       0x000000000000007f       0x80 zephyr/libzephyr.a(system_nrf52.c.obj)
 .comment       0x000000000000007f       0x80 zephyr/libzephyr.a(SEGGER_RTT.c.obj)
 .comment       0x000000000000007f       0x80 zephyr/libzephyr.a(SEGGER_RTT_zephyr.c.obj)
 .comment       0x000000000000007f       0x80 zephyr/libzephyr.a(log_list.c.obj)
 .comment       0x000000000000007f       0x80 zephyr/libzephyr.a(log_core.c.obj)
 .comment       0x000000000000007f       0x80 zephyr/libzephyr.a(log_msg.c.obj)
 .comment       0x000000000000007f       0x80 zephyr/libzephyr.a(log_output.c.obj)
 .comment       0x000000000000007f       0x80 zephyr/libzephyr.a(log_backend_rtt.c.obj)
 .comment       0x000000000000007f       0x80 zephyr/libzephyr.a(rtt_console.c.obj)
 .comment       0x000000000000007f       0x80 zephyr/libzephyr.a(nrf5_power_clock.c.obj)
 .comment       0x000000000000007f       0x80 zephyr/libzephyr.a(sys_clock_init.c.obj)
 .comment       0x000000000000007f       0x80 zephyr/libzephyr.a(nrf_rtc_timer.c.obj)
 .comment       0x000000000000007f       0x80 zephyr/arch/arm/core/libarch__arm__core.a(irq_init.c.obj)
 .comment       0x000000000000007f       0x80 zephyr/arch/arm/core/libarch__arm__core.a(swap.c.obj)
 .comment       0x000000000000007f       0x80 zephyr/arch/arm/core/libarch__arm__core.a(fault.c.obj)
 .comment       0x000000000000007f       0x80 zephyr/arch/arm/core/libarch__arm__core.a(irq_manage.c.obj)
 .comment       0x000000000000007f       0x80 zephyr/arch/arm/core/libarch__arm__core.a(thread.c.obj)
 .comment       0x000000000000007f       0x80 zephyr/arch/arm/core/libarch__arm__core.a(fatal.c.obj)
 .comment       0x000000000000007f       0x80 zephyr/arch/arm/core/libarch__arm__core.a(sys_fatal_error_handler.c.obj)
 .comment       0x000000000000007f       0x80 zephyr/arch/arm/core/libarch__arm__core.a(thread_abort.c.obj)
 .comment       0x000000000000007f       0x80 zephyr/arch/arm/core/cortex_m/libarch__arm__core__cortex_m.a(prep_c.c.obj)
 .comment       0x000000000000007f       0x80 zephyr/arch/arm/core/cortex_m/libarch__arm__core__cortex_m.a(nmi.c.obj)
 .comment       0x000000000000007f       0x80 zephyr/arch/arm/core/cortex_m/mpu/libarch__arm__core__cortex_m__mpu.a(arm_core_mpu.c.obj)
 .comment       0x000000000000007f       0x80 zephyr/arch/arm/core/cortex_m/mpu/libarch__arm__core__cortex_m__mpu.a(arm_mpu.c.obj)
 .comment       0x000000000000007f       0x80 zephyr/lib/libc/minimal/liblib__libc__minimal.a(string.c.obj)
 .comment       0x000000000000007f       0x80 zephyr/lib/libc/minimal/liblib__libc__minimal.a(prf.c.obj)
 .comment       0x000000000000007f       0x80 zephyr/lib/libc/minimal/liblib__libc__minimal.a(stdout_console.c.obj)
 .comment       0x000000000000007f       0x80 zephyr/lib/libc/minimal/liblib__libc__minimal.a(fprintf.c.obj)
 .comment       0x000000000000007f       0x80 zephyr/drivers/adc/libdrivers__adc.a(adc_nrfx_saadc.c.obj)
 .comment       0x000000000000007f       0x80 zephyr/drivers/gpio/libdrivers__gpio.a(gpio_nrfx.c.obj)
 .comment       0x000000000000007f       0x80 zephyr/drivers/pwm/libdrivers__pwm.a(pwm_nrf5_sw.c.obj)
 .comment       0x000000000000007f       0x80 zephyr/kernel/libkernel.a(device.c.obj)
 .comment       0x000000000000007f       0x80 zephyr/kernel/libkernel.a(errno.c.obj)
 .comment       0x000000000000007f       0x80 zephyr/kernel/libkernel.a(idle.c.obj)
 .comment       0x000000000000007f       0x80 zephyr/kernel/libkernel.a(init.c.obj)
 .comment       0x000000000000007f       0x80 zephyr/kernel/libkernel.a(mem_slab.c.obj)
 .comment       0x000000000000007f       0x80 zephyr/kernel/libkernel.a(mutex.c.obj)
 .comment       0x000000000000007f       0x80 zephyr/kernel/libkernel.a(sched.c.obj)
 .comment       0x000000000000007f       0x80 zephyr/kernel/libkernel.a(sem.c.obj)
 .comment       0x000000000000007f       0x80 zephyr/kernel/libkernel.a(thread.c.obj)
 .comment       0x000000000000007f       0x80 zephyr/kernel/libkernel.a(timeout.c.obj)
 .comment       0x000000000000007f       0x80 zephyr/kernel/libkernel.a(timer.c.obj)
 .comment       0x000000000000007f       0x80 zephyr/kernel/libkernel.a(poll.c.obj)
 .comment       0x000000000000007f       0x80 zephyr/CMakeFiles/offsets.dir/arch/arm/core/offsets/offsets.c.obj

.debug
 *(.debug)

.line
 *(.line)

.debug_srcinfo
 *(.debug_srcinfo)

.debug_sfnames
 *(.debug_sfnames)

.debug_aranges  0x0000000000000000     0x1030
 *(.debug_aranges)
 .debug_aranges
                0x0000000000000000       0x18 zephyr/CMakeFiles/kernel_elf.dir/isr_tables.c.obj
 .debug_aranges
                0x0000000000000018       0x58 libapp.a(main.c.obj)
 .debug_aranges
                0x0000000000000070       0x18 zephyr/libzephyr.a(isr_tables.c.obj)
 .debug_aranges
                0x0000000000000088       0x20 zephyr/libzephyr.a(thread_entry.c.obj)
 .debug_aranges
                0x00000000000000a8       0x78 zephyr/libzephyr.a(printk.c.obj)
 .debug_aranges
                0x0000000000000120       0x20 zephyr/libzephyr.a(configs.c.obj)
 .debug_aranges
                0x0000000000000140       0x20 zephyr/libzephyr.a(soc.c.obj)
 .debug_aranges
                0x0000000000000160       0x18 zephyr/libzephyr.a(mpu_regions.c.obj)
 .debug_aranges
                0x0000000000000178       0x38 zephyr/libzephyr.a(system_nrf52.c.obj)
 .debug_aranges
                0x00000000000001b0      0x118 zephyr/libzephyr.a(SEGGER_RTT.c.obj)
 .debug_aranges
                0x00000000000002c8       0x20 zephyr/libzephyr.a(SEGGER_RTT_zephyr.c.obj)
 .debug_aranges
                0x00000000000002e8       0x38 zephyr/libzephyr.a(log_list.c.obj)
 .debug_aranges
                0x0000000000000320      0x100 zephyr/libzephyr.a(log_core.c.obj)
 .debug_aranges
                0x0000000000000420       0x88 zephyr/libzephyr.a(log_msg.c.obj)
 .debug_aranges
                0x00000000000004a8       0x40 zephyr/libzephyr.a(log_output.c.obj)
 .debug_aranges
                0x00000000000004e8       0x38 zephyr/libzephyr.a(log_backend_rtt.c.obj)
 .debug_aranges
                0x0000000000000520       0x28 zephyr/libzephyr.a(rtt_console.c.obj)
 .debug_aranges
                0x0000000000000548       0x40 zephyr/libzephyr.a(nrf5_power_clock.c.obj)
 .debug_aranges
                0x0000000000000588       0x30 zephyr/libzephyr.a(sys_clock_init.c.obj)
 .debug_aranges
                0x00000000000005b8       0x60 zephyr/libzephyr.a(nrf_rtc_timer.c.obj)
 .debug_aranges
                0x0000000000000618       0x20 zephyr/arch/arm/core/libarch__arm__core.a(exc_exit.S.obj)
 .debug_aranges
                0x0000000000000638       0x20 zephyr/arch/arm/core/libarch__arm__core.a(irq_init.c.obj)
 .debug_aranges
                0x0000000000000658       0x20 zephyr/arch/arm/core/libarch__arm__core.a(swap.c.obj)
 .debug_aranges
                0x0000000000000678       0x28 zephyr/arch/arm/core/libarch__arm__core.a(swap_helper.S.obj)
 .debug_aranges
                0x00000000000006a0       0x40 zephyr/arch/arm/core/libarch__arm__core.a(fault.c.obj)
 .debug_aranges
                0x00000000000006e0       0x50 zephyr/arch/arm/core/libarch__arm__core.a(irq_manage.c.obj)
 .debug_aranges
                0x0000000000000730       0x20 zephyr/arch/arm/core/libarch__arm__core.a(thread.c.obj)
 .debug_aranges
                0x0000000000000750       0x40 zephyr/arch/arm/core/libarch__arm__core.a(cpu_idle.S.obj)
 .debug_aranges
                0x0000000000000790       0x20 zephyr/arch/arm/core/libarch__arm__core.a(fault_s.S.obj)
 .debug_aranges
                0x00000000000007b0       0x30 zephyr/arch/arm/core/libarch__arm__core.a(fatal.c.obj)
 .debug_aranges
                0x00000000000007e0       0x20 zephyr/arch/arm/core/libarch__arm__core.a(sys_fatal_error_handler.c.obj)
 .debug_aranges
                0x0000000000000800       0x20 zephyr/arch/arm/core/libarch__arm__core.a(thread_abort.c.obj)
 .debug_aranges
                0x0000000000000820       0x20 zephyr/arch/arm/core/libarch__arm__core.a(isr_wrapper.S.obj)
 .debug_aranges
                0x0000000000000840       0x20 zephyr/arch/arm/core/cortex_m/libarch__arm__core__cortex_m.a(reset.S.obj)
 .debug_aranges
                0x0000000000000860       0x20 zephyr/arch/arm/core/cortex_m/libarch__arm__core__cortex_m.a(nmi_on_reset.S.obj)
 .debug_aranges
                0x0000000000000880       0x20 zephyr/arch/arm/core/cortex_m/libarch__arm__core__cortex_m.a(prep_c.c.obj)
 .debug_aranges
                0x00000000000008a0       0x20 zephyr/arch/arm/core/cortex_m/libarch__arm__core__cortex_m.a(nmi.c.obj)
 .debug_aranges
                0x00000000000008c0       0x18 zephyr/arch/arm/core/cortex_m/mpu/libarch__arm__core__cortex_m__mpu.a(arm_core_mpu.c.obj)
 .debug_aranges
                0x00000000000008d8       0x30 zephyr/arch/arm/core/cortex_m/mpu/libarch__arm__core__cortex_m__mpu.a(arm_mpu.c.obj)
 .debug_aranges
                0x0000000000000908       0x88 zephyr/lib/libc/minimal/liblib__libc__minimal.a(string.c.obj)
 .debug_aranges
                0x0000000000000990       0x40 zephyr/lib/libc/minimal/liblib__libc__minimal.a(prf.c.obj)
 .debug_aranges
                0x00000000000009d0       0x58 zephyr/lib/libc/minimal/liblib__libc__minimal.a(stdout_console.c.obj)
 .debug_aranges
                0x0000000000000a28       0x38 zephyr/lib/libc/minimal/liblib__libc__minimal.a(fprintf.c.obj)
 .debug_aranges
                0x0000000000000a60       0x58 zephyr/drivers/adc/libdrivers__adc.a(adc_nrfx_saadc.c.obj)
 .debug_aranges
                0x0000000000000ab8       0x68 zephyr/drivers/gpio/libdrivers__gpio.a(gpio_nrfx.c.obj)
 .debug_aranges
                0x0000000000000b20       0x30 zephyr/drivers/pwm/libdrivers__pwm.a(pwm_nrf5_sw.c.obj)
 .debug_aranges
                0x0000000000000b50       0x30 zephyr/kernel/libkernel.a(device.c.obj)
 .debug_aranges
                0x0000000000000b80       0x20 zephyr/kernel/libkernel.a(errno.c.obj)
 .debug_aranges
                0x0000000000000ba0       0x28 zephyr/kernel/libkernel.a(idle.c.obj)
 .debug_aranges
                0x0000000000000bc8       0x48 zephyr/kernel/libkernel.a(init.c.obj)
 .debug_aranges
                0x0000000000000c10       0x38 zephyr/kernel/libkernel.a(mem_slab.c.obj)
 .debug_aranges
                0x0000000000000c48       0x30 zephyr/kernel/libkernel.a(mutex.c.obj)
 .debug_aranges
                0x0000000000000c78      0x168 zephyr/kernel/libkernel.a(sched.c.obj)
 .debug_aranges
                0x0000000000000de0       0x30 zephyr/kernel/libkernel.a(sem.c.obj)
 .debug_aranges
                0x0000000000000e10       0xc8 zephyr/kernel/libkernel.a(thread.c.obj)
 .debug_aranges
                0x0000000000000ed8       0x88 zephyr/kernel/libkernel.a(timeout.c.obj)
 .debug_aranges
                0x0000000000000f60       0x50 zephyr/kernel/libkernel.a(timer.c.obj)
 .debug_aranges
                0x0000000000000fb0       0x60 zephyr/kernel/libkernel.a(poll.c.obj)
 .debug_aranges
                0x0000000000001010       0x20 zephyr/CMakeFiles/offsets.dir/arch/arm/core/offsets/offsets.c.obj

.debug_pubnames
 *(.debug_pubnames)

.debug_info     0x0000000000000000    0x323d8
 *(.debug_info .gnu.linkonce.wi.*)
 .debug_info    0x0000000000000000       0xdd zephyr/CMakeFiles/kernel_elf.dir/isr_tables.c.obj
 .debug_info    0x00000000000000dd     0x1ad0 libapp.a(main.c.obj)
 .debug_info    0x0000000000001bad      0x113 zephyr/libzephyr.a(isr_tables.c.obj)
 .debug_info    0x0000000000001cc0      0x71f zephyr/libzephyr.a(thread_entry.c.obj)
 .debug_info    0x00000000000023df      0xfb3 zephyr/libzephyr.a(printk.c.obj)
 .debug_info    0x0000000000003392       0x37 zephyr/libzephyr.a(configs.c.obj)
 .debug_info    0x00000000000033c9     0x10bc zephyr/libzephyr.a(soc.c.obj)
 .debug_info    0x0000000000004485      0x169 zephyr/libzephyr.a(mpu_regions.c.obj)
 .debug_info    0x00000000000045ee     0x1099 zephyr/libzephyr.a(system_nrf52.c.obj)
 .debug_info    0x0000000000005687     0x1b11 zephyr/libzephyr.a(SEGGER_RTT.c.obj)
 .debug_info    0x0000000000007198      0x926 zephyr/libzephyr.a(SEGGER_RTT_zephyr.c.obj)
 .debug_info    0x0000000000007abe      0xa73 zephyr/libzephyr.a(log_list.c.obj)
 .debug_info    0x0000000000008531     0x25b3 zephyr/libzephyr.a(log_core.c.obj)
 .debug_info    0x000000000000aae4     0x167c zephyr/libzephyr.a(log_msg.c.obj)
 .debug_info    0x000000000000c160     0x227a zephyr/libzephyr.a(log_output.c.obj)
 .debug_info    0x000000000000e3da     0x1323 zephyr/libzephyr.a(log_backend_rtt.c.obj)
 .debug_info    0x000000000000f6fd      0xb06 zephyr/libzephyr.a(rtt_console.c.obj)
 .debug_info    0x0000000000010203     0x1830 zephyr/libzephyr.a(nrf5_power_clock.c.obj)
 .debug_info    0x0000000000011a33      0x7b7 zephyr/libzephyr.a(sys_clock_init.c.obj)
 .debug_info    0x00000000000121ea     0x1291 zephyr/libzephyr.a(nrf_rtc_timer.c.obj)
 .debug_info    0x000000000001347b       0x26 zephyr/arch/arm/core/libarch__arm__core.a(exc_exit.S.obj)
 .debug_info    0x00000000000134a1      0xaa5 zephyr/arch/arm/core/libarch__arm__core.a(irq_init.c.obj)
 .debug_info    0x0000000000013f46      0x9b5 zephyr/arch/arm/core/libarch__arm__core.a(swap.c.obj)
 .debug_info    0x00000000000148fb       0x22 zephyr/arch/arm/core/libarch__arm__core.a(swap_helper.S.obj)
 .debug_info    0x000000000001491d     0x14c8 zephyr/arch/arm/core/libarch__arm__core.a(fault.c.obj)
 .debug_info    0x0000000000015de5      0xdc7 zephyr/arch/arm/core/libarch__arm__core.a(irq_manage.c.obj)
 .debug_info    0x0000000000016bac      0xa78 zephyr/arch/arm/core/libarch__arm__core.a(thread.c.obj)
 .debug_info    0x0000000000017624       0x22 zephyr/arch/arm/core/libarch__arm__core.a(cpu_idle.S.obj)
 .debug_info    0x0000000000017646       0x26 zephyr/arch/arm/core/libarch__arm__core.a(fault_s.S.obj)
 .debug_info    0x000000000001766c      0xf2b zephyr/arch/arm/core/libarch__arm__core.a(fatal.c.obj)
 .debug_info    0x0000000000018597      0x9cb zephyr/arch/arm/core/libarch__arm__core.a(sys_fatal_error_handler.c.obj)
 .debug_info    0x0000000000018f62      0xa7b zephyr/arch/arm/core/libarch__arm__core.a(thread_abort.c.obj)
 .debug_info    0x00000000000199dd       0x26 zephyr/arch/arm/core/libarch__arm__core.a(isr_wrapper.S.obj)
 .debug_info    0x0000000000019a03       0x26 zephyr/arch/arm/core/cortex_m/libarch__arm__core__cortex_m.a(reset.S.obj)
 .debug_info    0x0000000000019a29       0x26 zephyr/arch/arm/core/cortex_m/libarch__arm__core__cortex_m.a(nmi_on_reset.S.obj)
 .debug_info    0x0000000000019a4f      0x9aa zephyr/arch/arm/core/cortex_m/libarch__arm__core__cortex_m.a(prep_c.c.obj)
 .debug_info    0x000000000001a3f9      0x63e zephyr/arch/arm/core/cortex_m/libarch__arm__core__cortex_m.a(nmi.c.obj)
 .debug_info    0x000000000001aa37      0x9d4 zephyr/arch/arm/core/cortex_m/mpu/libarch__arm__core__cortex_m__mpu.a(arm_core_mpu.c.obj)
 .debug_info    0x000000000001b40b      0xe32 zephyr/arch/arm/core/cortex_m/mpu/libarch__arm__core__cortex_m__mpu.a(arm_mpu.c.obj)
 .debug_info    0x000000000001c23d      0x54d zephyr/lib/libc/minimal/liblib__libc__minimal.a(string.c.obj)
 .debug_info    0x000000000001c78a      0xc5d zephyr/lib/libc/minimal/liblib__libc__minimal.a(prf.c.obj)
 .debug_info    0x000000000001d3e7      0x59d zephyr/lib/libc/minimal/liblib__libc__minimal.a(stdout_console.c.obj)
 .debug_info    0x000000000001d984      0x223 zephyr/lib/libc/minimal/liblib__libc__minimal.a(fprintf.c.obj)
 .debug_info    0x000000000001dba7     0x2973 zephyr/drivers/adc/libdrivers__adc.a(adc_nrfx_saadc.c.obj)
 .debug_info    0x000000000002051a     0x2274 zephyr/drivers/gpio/libdrivers__gpio.a(gpio_nrfx.c.obj)
 .debug_info    0x000000000002278e     0x142c zephyr/drivers/pwm/libdrivers__pwm.a(pwm_nrf5_sw.c.obj)
 .debug_info    0x0000000000023bba      0x86d zephyr/kernel/libkernel.a(device.c.obj)
 .debug_info    0x0000000000024427      0x834 zephyr/kernel/libkernel.a(errno.c.obj)
 .debug_info    0x0000000000024c5b      0x9a7 zephyr/kernel/libkernel.a(idle.c.obj)
 .debug_info    0x0000000000025602     0x1a68 zephyr/kernel/libkernel.a(init.c.obj)
 .debug_info    0x000000000002706a      0xe23 zephyr/kernel/libkernel.a(mem_slab.c.obj)
 .debug_info    0x0000000000027e8d      0xe53 zephyr/kernel/libkernel.a(mutex.c.obj)
 .debug_info    0x0000000000028ce0     0x2ca8 zephyr/kernel/libkernel.a(sched.c.obj)
 .debug_info    0x000000000002b988      0xca3 zephyr/kernel/libkernel.a(sem.c.obj)
 .debug_info    0x000000000002c62b     0x1875 zephyr/kernel/libkernel.a(thread.c.obj)
 .debug_info    0x000000000002dea0     0x142f zephyr/kernel/libkernel.a(timeout.c.obj)
 .debug_info    0x000000000002f2cf     0x12f3 zephyr/kernel/libkernel.a(timer.c.obj)
 .debug_info    0x00000000000305c2     0x166a zephyr/kernel/libkernel.a(poll.c.obj)
 .debug_info    0x0000000000031c2c      0x7ac zephyr/CMakeFiles/offsets.dir/arch/arm/core/offsets/offsets.c.obj

.debug_abbrev   0x0000000000000000     0x9e7e
 *(.debug_abbrev)
 .debug_abbrev  0x0000000000000000       0xb7 zephyr/CMakeFiles/kernel_elf.dir/isr_tables.c.obj
 .debug_abbrev  0x00000000000000b7      0x4a6 libapp.a(main.c.obj)
 .debug_abbrev  0x000000000000055d       0xc6 zephyr/libzephyr.a(isr_tables.c.obj)
 .debug_abbrev  0x0000000000000623      0x217 zephyr/libzephyr.a(thread_entry.c.obj)
 .debug_abbrev  0x000000000000083a      0x42c zephyr/libzephyr.a(printk.c.obj)
 .debug_abbrev  0x0000000000000c66       0x2c zephyr/libzephyr.a(configs.c.obj)
 .debug_abbrev  0x0000000000000c92      0x2ff zephyr/libzephyr.a(soc.c.obj)
 .debug_abbrev  0x0000000000000f91       0xb8 zephyr/libzephyr.a(mpu_regions.c.obj)
 .debug_abbrev  0x0000000000001049      0x202 zephyr/libzephyr.a(system_nrf52.c.obj)
 .debug_abbrev  0x000000000000124b      0x396 zephyr/libzephyr.a(SEGGER_RTT.c.obj)
 .debug_abbrev  0x00000000000015e1      0x1ef zephyr/libzephyr.a(SEGGER_RTT_zephyr.c.obj)
 .debug_abbrev  0x00000000000017d0      0x22b zephyr/libzephyr.a(log_list.c.obj)
 .debug_abbrev  0x00000000000019fb      0x691 zephyr/libzephyr.a(log_core.c.obj)
 .debug_abbrev  0x000000000000208c      0x4a3 zephyr/libzephyr.a(log_msg.c.obj)
 .debug_abbrev  0x000000000000252f      0x48a zephyr/libzephyr.a(log_output.c.obj)
 .debug_abbrev  0x00000000000029b9      0x3b8 zephyr/libzephyr.a(log_backend_rtt.c.obj)
 .debug_abbrev  0x0000000000002d71      0x2c5 zephyr/libzephyr.a(rtt_console.c.obj)
 .debug_abbrev  0x0000000000003036      0x402 zephyr/libzephyr.a(nrf5_power_clock.c.obj)
 .debug_abbrev  0x0000000000003438      0x204 zephyr/libzephyr.a(sys_clock_init.c.obj)
 .debug_abbrev  0x000000000000363c      0x468 zephyr/libzephyr.a(nrf_rtc_timer.c.obj)
 .debug_abbrev  0x0000000000003aa4       0x14 zephyr/arch/arm/core/libarch__arm__core.a(exc_exit.S.obj)
 .debug_abbrev  0x0000000000003ab8      0x232 zephyr/arch/arm/core/libarch__arm__core.a(irq_init.c.obj)
 .debug_abbrev  0x0000000000003cea      0x1fa zephyr/arch/arm/core/libarch__arm__core.a(swap.c.obj)
 .debug_abbrev  0x0000000000003ee4       0x12 zephyr/arch/arm/core/libarch__arm__core.a(swap_helper.S.obj)
 .debug_abbrev  0x0000000000003ef6      0x3b3 zephyr/arch/arm/core/libarch__arm__core.a(fault.c.obj)
 .debug_abbrev  0x00000000000042a9      0x31a zephyr/arch/arm/core/libarch__arm__core.a(irq_manage.c.obj)
 .debug_abbrev  0x00000000000045c3      0x26b zephyr/arch/arm/core/libarch__arm__core.a(thread.c.obj)
 .debug_abbrev  0x000000000000482e       0x12 zephyr/arch/arm/core/libarch__arm__core.a(cpu_idle.S.obj)
 .debug_abbrev  0x0000000000004840       0x14 zephyr/arch/arm/core/libarch__arm__core.a(fault_s.S.obj)
 .debug_abbrev  0x0000000000004854      0x2d8 zephyr/arch/arm/core/libarch__arm__core.a(fatal.c.obj)
 .debug_abbrev  0x0000000000004b2c      0x262 zephyr/arch/arm/core/libarch__arm__core.a(sys_fatal_error_handler.c.obj)
 .debug_abbrev  0x0000000000004d8e      0x25e zephyr/arch/arm/core/libarch__arm__core.a(thread_abort.c.obj)
 .debug_abbrev  0x0000000000004fec       0x14 zephyr/arch/arm/core/libarch__arm__core.a(isr_wrapper.S.obj)
 .debug_abbrev  0x0000000000005000       0x14 zephyr/arch/arm/core/cortex_m/libarch__arm__core__cortex_m.a(reset.S.obj)
 .debug_abbrev  0x0000000000005014       0x14 zephyr/arch/arm/core/cortex_m/libarch__arm__core__cortex_m.a(nmi_on_reset.S.obj)
 .debug_abbrev  0x0000000000005028      0x1f2 zephyr/arch/arm/core/cortex_m/libarch__arm__core__cortex_m.a(prep_c.c.obj)
 .debug_abbrev  0x000000000000521a      0x198 zephyr/arch/arm/core/cortex_m/libarch__arm__core__cortex_m.a(nmi.c.obj)
 .debug_abbrev  0x00000000000053b2      0x1a8 zephyr/arch/arm/core/cortex_m/mpu/libarch__arm__core__cortex_m__mpu.a(arm_core_mpu.c.obj)
 .debug_abbrev  0x000000000000555a      0x33d zephyr/arch/arm/core/cortex_m/mpu/libarch__arm__core__cortex_m__mpu.a(arm_mpu.c.obj)
 .debug_abbrev  0x0000000000005897      0x18d zephyr/lib/libc/minimal/liblib__libc__minimal.a(string.c.obj)
 .debug_abbrev  0x0000000000005a24      0x32c zephyr/lib/libc/minimal/liblib__libc__minimal.a(prf.c.obj)
 .debug_abbrev  0x0000000000005d50      0x239 zephyr/lib/libc/minimal/liblib__libc__minimal.a(stdout_console.c.obj)
 .debug_abbrev  0x0000000000005f89      0x120 zephyr/lib/libc/minimal/liblib__libc__minimal.a(fprintf.c.obj)
 .debug_abbrev  0x00000000000060a9      0x5b0 zephyr/drivers/adc/libdrivers__adc.a(adc_nrfx_saadc.c.obj)
 .debug_abbrev  0x0000000000006659      0x4d9 zephyr/drivers/gpio/libdrivers__gpio.a(gpio_nrfx.c.obj)
 .debug_abbrev  0x0000000000006b32      0x39f zephyr/drivers/pwm/libdrivers__pwm.a(pwm_nrf5_sw.c.obj)
 .debug_abbrev  0x0000000000006ed1      0x285 zephyr/kernel/libkernel.a(device.c.obj)
 .debug_abbrev  0x0000000000007156      0x1c6 zephyr/kernel/libkernel.a(errno.c.obj)
 .debug_abbrev  0x000000000000731c      0x297 zephyr/kernel/libkernel.a(idle.c.obj)
 .debug_abbrev  0x00000000000075b3      0x4ed zephyr/kernel/libkernel.a(init.c.obj)
 .debug_abbrev  0x0000000000007aa0      0x374 zephyr/kernel/libkernel.a(mem_slab.c.obj)
 .debug_abbrev  0x0000000000007e14      0x346 zephyr/kernel/libkernel.a(mutex.c.obj)
 .debug_abbrev  0x000000000000815a      0x605 zephyr/kernel/libkernel.a(sched.c.obj)
 .debug_abbrev  0x000000000000875f      0x316 zephyr/kernel/libkernel.a(sem.c.obj)
 .debug_abbrev  0x0000000000008a75      0x545 zephyr/kernel/libkernel.a(thread.c.obj)
 .debug_abbrev  0x0000000000008fba      0x469 zephyr/kernel/libkernel.a(timeout.c.obj)
 .debug_abbrev  0x0000000000009423      0x3d9 zephyr/kernel/libkernel.a(timer.c.obj)
 .debug_abbrev  0x00000000000097fc      0x4f2 zephyr/kernel/libkernel.a(poll.c.obj)
 .debug_abbrev  0x0000000000009cee      0x190 zephyr/CMakeFiles/offsets.dir/arch/arm/core/offsets/offsets.c.obj

.debug_line     0x0000000000000000     0xc1a9
 *(.debug_line .debug_line.* .debug_line_end)
 .debug_line    0x0000000000000000       0x80 zephyr/CMakeFiles/kernel_elf.dir/isr_tables.c.obj
 .debug_line    0x0000000000000080      0x4e8 libapp.a(main.c.obj)
 .debug_line    0x0000000000000568       0xa1 zephyr/libzephyr.a(isr_tables.c.obj)
 .debug_line    0x0000000000000609      0x1cf zephyr/libzephyr.a(thread_entry.c.obj)
 .debug_line    0x00000000000007d8      0x3d2 zephyr/libzephyr.a(printk.c.obj)
 .debug_line    0x0000000000000baa      0x15a zephyr/libzephyr.a(configs.c.obj)
 .debug_line    0x0000000000000d04      0x35f zephyr/libzephyr.a(soc.c.obj)
 .debug_line    0x0000000000001063      0x168 zephyr/libzephyr.a(mpu_regions.c.obj)
 .debug_line    0x00000000000011cb      0x1d3 zephyr/libzephyr.a(system_nrf52.c.obj)
 .debug_line    0x000000000000139e      0x7d2 zephyr/libzephyr.a(SEGGER_RTT.c.obj)
 .debug_line    0x0000000000001b70      0x1e4 zephyr/libzephyr.a(SEGGER_RTT_zephyr.c.obj)
 .debug_line    0x0000000000001d54      0x221 zephyr/libzephyr.a(log_list.c.obj)
 .debug_line    0x0000000000001f75      0x72b zephyr/libzephyr.a(log_core.c.obj)
 .debug_line    0x00000000000026a0      0x47a zephyr/libzephyr.a(log_msg.c.obj)
 .debug_line    0x0000000000002b1a      0x3ed zephyr/libzephyr.a(log_output.c.obj)
 .debug_line    0x0000000000002f07      0x35d zephyr/libzephyr.a(log_backend_rtt.c.obj)
 .debug_line    0x0000000000003264      0x273 zephyr/libzephyr.a(rtt_console.c.obj)
 .debug_line    0x00000000000034d7      0x491 zephyr/libzephyr.a(nrf5_power_clock.c.obj)
 .debug_line    0x0000000000003968      0x1d4 zephyr/libzephyr.a(sys_clock_init.c.obj)
 .debug_line    0x0000000000003b3c      0x470 zephyr/libzephyr.a(nrf_rtc_timer.c.obj)
 .debug_line    0x0000000000003fac       0x75 zephyr/arch/arm/core/libarch__arm__core.a(exc_exit.S.obj)
 .debug_line    0x0000000000004021      0x27b zephyr/arch/arm/core/libarch__arm__core.a(irq_init.c.obj)
 .debug_line    0x000000000000429c      0x2fa zephyr/arch/arm/core/libarch__arm__core.a(swap.c.obj)
 .debug_line    0x0000000000004596       0xb3 zephyr/arch/arm/core/libarch__arm__core.a(swap_helper.S.obj)
 .debug_line    0x0000000000004649      0x41b zephyr/arch/arm/core/libarch__arm__core.a(fault.c.obj)
 .debug_line    0x0000000000004a64      0x379 zephyr/arch/arm/core/libarch__arm__core.a(irq_manage.c.obj)
 .debug_line    0x0000000000004ddd      0x320 zephyr/arch/arm/core/libarch__arm__core.a(thread.c.obj)
 .debug_line    0x00000000000050fd       0xba zephyr/arch/arm/core/libarch__arm__core.a(cpu_idle.S.obj)
 .debug_line    0x00000000000051b7       0x73 zephyr/arch/arm/core/libarch__arm__core.a(fault_s.S.obj)
 .debug_line    0x000000000000522a      0x3c4 zephyr/arch/arm/core/libarch__arm__core.a(fatal.c.obj)
 .debug_line    0x00000000000055ee      0x350 zephyr/arch/arm/core/libarch__arm__core.a(sys_fatal_error_handler.c.obj)
 .debug_line    0x000000000000593e      0x31f zephyr/arch/arm/core/libarch__arm__core.a(thread_abort.c.obj)
 .debug_line    0x0000000000005c5d       0x86 zephyr/arch/arm/core/libarch__arm__core.a(isr_wrapper.S.obj)
 .debug_line    0x0000000000005ce3       0x79 zephyr/arch/arm/core/cortex_m/libarch__arm__core__cortex_m.a(reset.S.obj)