Archive member included to satisfy reference by file (symbol)

libapp.a(main.c.obj)          (--whole-archive)
zephyr/libzephyr.a(isr_tables.c.obj)
                              (--whole-archive)
zephyr/libzephyr.a(thread_entry.c.obj)
                              (--whole-archive)
zephyr/libzephyr.a(crc32_sw.c.obj)
                              (--whole-archive)
zephyr/libzephyr.a(crc16_sw.c.obj)
                              (--whole-archive)
zephyr/libzephyr.a(crc8_sw.c.obj)
                              (--whole-archive)
zephyr/libzephyr.a(mempool.c.obj)
                              (--whole-archive)
zephyr/libzephyr.a(rb.c.obj)  (--whole-archive)
zephyr/libzephyr.a(printk.c.obj)
                              (--whole-archive)
zephyr/libzephyr.a(configs.c.obj)
                              (--whole-archive)
zephyr/libzephyr.a(power.c.obj)
                              (--whole-archive)
zephyr/libzephyr.a(soc.c.obj)
                              (--whole-archive)
zephyr/libzephyr.a(mpu_regions.c.obj)
                              (--whole-archive)
zephyr/libzephyr.a(system_nrf52.c.obj)
                              (--whole-archive)
zephyr/libzephyr.a(nrfx_glue.c.obj)
                              (--whole-archive)
zephyr/libzephyr.a(SEGGER_RTT.c.obj)
                              (--whole-archive)
zephyr/libzephyr.a(SEGGER_RTT_zephyr.c.obj)
                              (--whole-archive)
zephyr/libzephyr.a(log_list.c.obj)
                              (--whole-archive)
zephyr/libzephyr.a(log_core.c.obj)
                              (--whole-archive)
zephyr/libzephyr.a(log_msg.c.obj)
                              (--whole-archive)
zephyr/libzephyr.a(log_output.c.obj)
                              (--whole-archive)
zephyr/libzephyr.a(log_backend_rtt.c.obj)
                              (--whole-archive)
zephyr/libzephyr.a(rtt_console.c.obj)
                              (--whole-archive)
zephyr/libzephyr.a(nrf5_power_clock.c.obj)
                              (--whole-archive)
zephyr/libzephyr.a(sys_clock_init.c.obj)
                              (--whole-archive)
zephyr/libzephyr.a(nrf_rtc_timer.c.obj)
                              (--whole-archive)
zephyr/arch/arm/core/libarch__arm__core.a(exc_exit.S.obj)
                              (--whole-archive)
zephyr/arch/arm/core/libarch__arm__core.a(irq_init.c.obj)
                              (--whole-archive)
zephyr/arch/arm/core/libarch__arm__core.a(swap.c.obj)
                              (--whole-archive)
zephyr/arch/arm/core/libarch__arm__core.a(swap_helper.S.obj)
                              (--whole-archive)
zephyr/arch/arm/core/libarch__arm__core.a(fault.c.obj)
                              (--whole-archive)
zephyr/arch/arm/core/libarch__arm__core.a(irq_manage.c.obj)
                              (--whole-archive)
zephyr/arch/arm/core/libarch__arm__core.a(thread.c.obj)
                              (--whole-archive)
zephyr/arch/arm/core/libarch__arm__core.a(cpu_idle.S.obj)
                              (--whole-archive)
zephyr/arch/arm/core/libarch__arm__core.a(fault_s.S.obj)
                              (--whole-archive)
zephyr/arch/arm/core/libarch__arm__core.a(fatal.c.obj)
                              (--whole-archive)
zephyr/arch/arm/core/libarch__arm__core.a(sys_fatal_error_handler.c.obj)
                              (--whole-archive)
zephyr/arch/arm/core/libarch__arm__core.a(thread_abort.c.obj)
                              (--whole-archive)
zephyr/arch/arm/core/libarch__arm__core.a(isr_wrapper.S.obj)
                              (--whole-archive)
zephyr/arch/arm/core/cortex_m/libarch__arm__core__cortex_m.a(vector_table.S.obj)
                              (--whole-archive)
zephyr/arch/arm/core/cortex_m/libarch__arm__core__cortex_m.a(reset.S.obj)
                              (--whole-archive)
zephyr/arch/arm/core/cortex_m/libarch__arm__core__cortex_m.a(nmi_on_reset.S.obj)
                              (--whole-archive)
zephyr/arch/arm/core/cortex_m/libarch__arm__core__cortex_m.a(prep_c.c.obj)
                              (--whole-archive)
zephyr/arch/arm/core/cortex_m/libarch__arm__core__cortex_m.a(scb.c.obj)
                              (--whole-archive)
zephyr/arch/arm/core/cortex_m/libarch__arm__core__cortex_m.a(nmi.c.obj)
                              (--whole-archive)
zephyr/arch/arm/core/cortex_m/libarch__arm__core__cortex_m.a(exc_manage.c.obj)
                              (--whole-archive)
zephyr/arch/arm/core/cortex_m/mpu/libarch__arm__core__cortex_m__mpu.a(arm_core_mpu.c.obj)
                              (--whole-archive)
zephyr/arch/arm/core/cortex_m/mpu/libarch__arm__core__cortex_m__mpu.a(arm_mpu.c.obj)
                              (--whole-archive)
zephyr/lib/libc/minimal/liblib__libc__minimal.a(atoi.c.obj)
                              (--whole-archive)
zephyr/lib/libc/minimal/liblib__libc__minimal.a(strtol.c.obj)
                              (--whole-archive)
[...]
Memory Configuration

Name             Origin             Length             Attributes
FLASH            0x0000000000000000 0x0000000000080000 xr
SRAM             0x0000000020000000 0x0000000000010000 xw
IDT_LIST         0x0000000020010000 0x0000000000000800 xw
*default*        0x0000000000000000 0xffffffffffffffff

Linker script and memory map

LOAD zephyr/CMakeFiles/kernel_elf.dir/misc/empty_file.c.obj
LOAD zephyr/CMakeFiles/kernel_elf.dir/isr_tables.c.obj
LOAD libapp.a
LOAD zephyr/libzephyr.a
LOAD zephyr/arch/arm/core/libarch__arm__core.a
LOAD zephyr/arch/arm/core/cortex_m/libarch__arm__core__cortex_m.a
LOAD zephyr/arch/arm/core/cortex_m/mpu/libarch__arm__core__cortex_m__mpu.a
LOAD zephyr/lib/libc/minimal/liblib__libc__minimal.a
LOAD zephyr/drivers/adc/libdrivers__adc.a
LOAD zephyr/drivers/gpio/libdrivers__gpio.a
LOAD zephyr/kernel/libkernel.a
LOAD zephyr/CMakeFiles/offsets.dir/arch/arm/core/offsets/offsets.c.obj
LOAD /home/darragh/CS7NS2/gcc-arm-none-eabi/bin/../lib/gcc/arm-none-eabi/7.3.1/thumb/v7e-m/libgcc.a

.rel.plt        0x0000000000000000        0x0
 *(.rel.plt)
                [!provide]                        PROVIDE (__rel_iplt_start = .)
 *(.rel.iplt)
 .rel.iplt      0x0000000000000000        0x0 zephyr/CMakeFiles/kernel_elf.dir/isr_tables.c.obj
                [!provide]                        PROVIDE (__rel_iplt_end = .)

.rela.plt       0x0000000000000000        0x0
 *(.rela.plt)
                [!provide]                        PROVIDE (__rela_iplt_start = .)
 *(.rela.iplt)
                [!provide]                        PROVIDE (__rela_iplt_end = .)

.rel.dyn
 *(.rel.*)

.rela.dyn
 *(.rela.*)

.plt
 *(.plt)

.iplt           0x0000000000000000        0x0
 *(.iplt)
 .iplt          0x0000000000000000        0x0 zephyr/CMakeFiles/kernel_elf.dir/isr_tables.c.obj
                0x0000000000000000                _image_rom_start = 0x0

text            0x0000000000000000     0x4bc0
                0x0000000000000000                . = 0x0
                0x0000000000000000                _vector_start = .
 *(.exc_vector_table)
 *(.exc_vector_table.*)
 .exc_vector_table._vector_table_section
                0x0000000000000000       0x40 zephyr/arch/arm/core/cortex_m/libarch__arm__core__cortex_m.a(vector_table.S.obj)
                0x0000000000000000                _vector_table
 *(.gnu.linkonce.irq_vector_table)
 .gnu.linkonce.irq_vector_table
                0x0000000000000040       0x9c zephyr/CMakeFiles/kernel_elf.dir/isr_tables.c.obj
                0x0000000000000040                _irq_vector_table
 *(.vectors)
 *(.openocd_dbg)
 *(.openocd_dbg.*)
 *(.kinetis_flash_config)
 *(.kinetis_flash_config.*)
 *(.gnu.linkonce.sw_isr_table)
 .gnu.linkonce.sw_isr_table
                0x00000000000000dc      0x138 zephyr/CMakeFiles/kernel_elf.dir/isr_tables.c.obj
                0x00000000000000dc                _sw_isr_table
                0x0000000000000214                _vector_end = .
                0x0000000000000214                _image_text_start = .
 *(.text)
 .text          0x0000000000000214       0xa0 /home/darragh/CS7NS2/gcc-arm-none-eabi/bin/../lib/gcc/arm-none-eabi/7.3.1/thumb/v7e-m/libgcc.a(_aeabi_ldivmod.o)
                0x0000000000000214                __aeabi_ldivmod
 .text          0x00000000000002b4       0x30 /home/darragh/CS7NS2/gcc-arm-none-eabi/bin/../lib/gcc/arm-none-eabi/7.3.1/thumb/v7e-m/libgcc.a(_aeabi_uldivmod.o)
                0x00000000000002b4                __aeabi_uldivmod
 .text          0x00000000000002e4      0x2cc /home/darragh/CS7NS2/gcc-arm-none-eabi/bin/../lib/gcc/arm-none-eabi/7.3.1/thumb/v7e-m/libgcc.a(_udivmoddi4.o)
                0x00000000000002e4                __udivmoddi4
 .text          0x00000000000005b0        0x4 /home/darragh/CS7NS2/gcc-arm-none-eabi/bin/../lib/gcc/arm-none-eabi/7.3.1/thumb/v7e-m/libgcc.a(_dvmd_tls.o)
                0x00000000000005b0                __aeabi_ldiv0
                0x00000000000005b0                __aeabi_idiv0
 *(.text.*)
 .text.sample_sensor
                0x00000000000005b4       0xa4 libapp.a(main.c.obj)
                0x00000000000005b4                sample_sensor
 .text.main     0x0000000000000658       0x94 libapp.a(main.c.obj)
                0x0000000000000658                main
 .text._thread_entry
                0x00000000000006ec       0x14 zephyr/libzephyr.a(thread_entry.c.obj)
                0x00000000000006ec                _thread_entry
 .text._nop_char_out
                0x0000000000000700        0x4 zephyr/libzephyr.a(printk.c.obj)
 .text.char_out
                0x0000000000000704       0x10 zephyr/libzephyr.a(printk.c.obj)
 .text._printk_dec_ulong
                0x0000000000000714       0xa0 zephyr/libzephyr.a(printk.c.obj)
 .text.__printk_hook_install
                0x00000000000007b4        0xc zephyr/libzephyr.a(printk.c.obj)
                0x00000000000007b4                __printk_hook_install
 .text._vprintk
                0x00000000000007c0      0x262 zephyr/libzephyr.a(printk.c.obj)
                0x00000000000007c0                _vprintk
 *fill*         0x0000000000000a22        0x2 
 .text.vprintk  0x0000000000000a24       0x20 zephyr/libzephyr.a(printk.c.obj)
                0x0000000000000a24                vprintk
 .text.printk   0x0000000000000a44       0x1a zephyr/libzephyr.a(printk.c.obj)
                0x0000000000000a44                printk
 .text._ConfigAbsSyms
                0x0000000000000a5e        0x2 zephyr/libzephyr.a(configs.c.obj)
                0x0000000000000a5e                _ConfigAbsSyms
 .text.nordicsemi_nrf52_init
                0x0000000000000a60       0x3c zephyr/libzephyr.a(soc.c.obj)
 .text.errata_12
                0x0000000000000a9c       0x40 zephyr/libzephyr.a(system_nrf52.c.obj)
 .text.errata_16
                0x0000000000000adc       0x34 zephyr/libzephyr.a(system_nrf52.c.obj)
 .text.SystemInit
                0x0000000000000b10      0x248 zephyr/libzephyr.a(system_nrf52.c.obj)
                0x0000000000000b10                SystemInit
 .text._GetAvailWriteSpace
                0x0000000000000d58       0x1c zephyr/libzephyr.a(SEGGER_RTT.c.obj)
 .text._WriteNoCheck
                0x0000000000000d74       0x3a zephyr/libzephyr.a(SEGGER_RTT.c.obj)
 .text._WriteBlocking
                0x0000000000000dae       0x52 zephyr/libzephyr.a(SEGGER_RTT.c.obj)
 .text._DoInit  0x0000000000000e00       0x60 zephyr/libzephyr.a(SEGGER_RTT.c.obj)
 .text.SEGGER_RTT_WriteSkipNoLock
                0x0000000000000e60       0x90 zephyr/libzephyr.a(SEGGER_RTT.c.obj)
                0x0000000000000e60                SEGGER_RTT_WriteSkipNoLock
 .text.SEGGER_RTT_WriteNoLock
                0x0000000000000ef0       0x68 zephyr/libzephyr.a(SEGGER_RTT.c.obj)
                0x0000000000000ef0                SEGGER_RTT_WriteNoLock
 .text.SEGGER_RTT_HasDataUp
                0x0000000000000f58       0x14 zephyr/libzephyr.a(SEGGER_RTT.c.obj)
                0x0000000000000f58                SEGGER_RTT_HasDataUp
 .text.SEGGER_RTT_Init
                0x0000000000000f6c        0x4 zephyr/libzephyr.a(SEGGER_RTT.c.obj)
                0x0000000000000f6c                SEGGER_RTT_Init
 .text.rtt_init
                0x0000000000000f70        0x8 zephyr/libzephyr.a(SEGGER_RTT_zephyr.c.obj)
 .text.log_list_init
                0x0000000000000f78        0x8 zephyr/libzephyr.a(log_list.c.obj)
                0x0000000000000f78                log_list_init
 .text.log_list_add_tail
                0x0000000000000f80       0x14 zephyr/libzephyr.a(log_list.c.obj)
                0x0000000000000f80                log_list_add_tail
 .text.log_list_head_peek
                0x0000000000000f94        0x4 zephyr/libzephyr.a(log_list.c.obj)
                0x0000000000000f94                log_list_head_peek
 .text.log_list_head_get
                0x0000000000000f98        0xc zephyr/libzephyr.a(log_list.c.obj)
                0x0000000000000f98                log_list_head_get
 .text.dummy_timestamp
                0x0000000000000fa4        0x4 zephyr/libzephyr.a(log_core.c.obj)
 .text._log_msg_std_alloc
                0x0000000000000fa8       0x30 zephyr/libzephyr.a(log_core.c.obj)
 .text.timestamp_get
                0x0000000000000fd8        0x4 zephyr/libzephyr.a(log_core.c.obj)
 .text.log_core_init
                0x0000000000000fdc       0x14 zephyr/libzephyr.a(log_core.c.obj)
                0x0000000000000fdc                log_core_init
 .text.log_init
                0x0000000000000ff0       0x98 zephyr/libzephyr.a(log_core.c.obj)
                0x0000000000000ff0                log_init
 .text.log_process
                0x0000000000001088       0xa8 zephyr/libzephyr.a(log_core.c.obj)
                0x0000000000001088                log_process
 .text.msg_finalize
                0x0000000000001130       0x78 zephyr/libzephyr.a(log_core.c.obj)
 .text.log_1    0x00000000000011a8       0x28 zephyr/libzephyr.a(log_core.c.obj)
                0x00000000000011a8                log_1
 .text.log_2    0x00000000000011d0       0x30 zephyr/libzephyr.a(log_core.c.obj)
                0x00000000000011d0                log_2
 .text.log_3    0x0000000000001200       0x36 zephyr/libzephyr.a(log_core.c.obj)
                0x0000000000001200                log_3
 *fill*         0x0000000000001236        0x2 
 .text.log_panic
                0x0000000000001238       0x44 zephyr/libzephyr.a(log_core.c.obj)
                0x0000000000001238                log_panic
 .text.log_process_thread_func
                0x000000000000127c       0x38 zephyr/libzephyr.a(log_core.c.obj)
 .text.log_source_name_get
                0x00000000000012b4       0x1c zephyr/libzephyr.a(log_core.c.obj)
                0x00000000000012b4                log_source_name_get
 .text.log_is_strdup
                0x00000000000012d0       0x1c zephyr/libzephyr.a(log_core.c.obj)
                0x00000000000012d0                log_is_strdup
 .text.log_free
                0x00000000000012ec       0x34 zephyr/libzephyr.a(log_core.c.obj)
                0x00000000000012ec                log_free
 .text.log_msg_hexdump_data_op
                0x0000000000001320       0xa4 zephyr/libzephyr.a(log_msg.c.obj)
 .text.log_msg_pool_init
                0x00000000000013c4       0x14 zephyr/libzephyr.a(log_msg.c.obj)
                0x00000000000013c4                log_msg_pool_init
 .text.log_msg_get
                0x00000000000013d8       0x1a zephyr/libzephyr.a(log_msg.c.obj)
                0x00000000000013d8                log_msg_get
 *fill*         0x00000000000013f2        0x2 
 .text.log_msg_no_space_handle
                0x00000000000013f4       0x30 zephyr/libzephyr.a(log_msg.c.obj)
                0x00000000000013f4                log_msg_no_space_handle
 .text.log_msg_nargs_get
                0x0000000000001424        0x6 zephyr/libzephyr.a(log_msg.c.obj)
                0x0000000000001424                log_msg_nargs_get
 .text.log_msg_arg_get
                0x000000000000142a       0x3a zephyr/libzephyr.a(log_msg.c.obj)
                0x000000000000142a                log_msg_arg_get
 .text.msg_free
                0x0000000000001464       0x68 zephyr/libzephyr.a(log_msg.c.obj)
 .text.log_msg_put
                0x00000000000014cc       0x26 zephyr/libzephyr.a(log_msg.c.obj)
                0x00000000000014cc                log_msg_put
 .text.log_msg_str_get
                0x00000000000014f2        0x4 zephyr/libzephyr.a(log_msg.c.obj)
                0x00000000000014f2                log_msg_str_get
 .text.log_msg_hexdump_data_get
                0x00000000000014f6        0xe zephyr/libzephyr.a(log_msg.c.obj)
                0x00000000000014f6                log_msg_hexdump_data_get
 .text.print_formatted
                0x0000000000001504       0x24 zephyr/libzephyr.a(log_output.c.obj)
 .text.log_output_flush
                0x0000000000001528       0x24 zephyr/libzephyr.a(log_output.c.obj)
                0x0000000000001528                log_output_flush
 .text.out_func
                0x000000000000154c       0x22 zephyr/libzephyr.a(log_output.c.obj)
 *fill*         0x000000000000156e        0x2 
 .text.log_output_msg_process
                0x0000000000001570      0x5b4 zephyr/libzephyr.a(log_output.c.obj)
                0x0000000000001570                log_output_msg_process
 .text.log_output_timestamp_freq_set
                0x0000000000001b24       0x30 zephyr/libzephyr.a(log_output.c.obj)
                0x0000000000001b24                log_output_timestamp_freq_set
 .text.log_backend_rtt_init
                0x0000000000001b54       0x1c zephyr/libzephyr.a(log_backend_rtt.c.obj)
 .text.panic    0x0000000000001b70        0xc zephyr/libzephyr.a(log_backend_rtt.c.obj)
 .text.put      0x0000000000001b7c       0x24 zephyr/libzephyr.a(log_backend_rtt.c.obj)
 .text.msg_out  0x0000000000001ba0      0x12c zephyr/libzephyr.a(log_backend_rtt.c.obj)
 .text.rtt_console_init
                0x0000000000001ccc       0x18 zephyr/libzephyr.a(rtt_console.c.obj)
 .text.rtt_console_out
                0x0000000000001ce4       0x68 zephyr/libzephyr.a(rtt_console.c.obj)
 .text._m16src_stop
                0x0000000000001d4c       0x60 zephyr/libzephyr.a(nrf5_power_clock.c.obj)
 .text._clock_control_init
                0x0000000000001dac       0x16 zephyr/libzephyr.a(nrf5_power_clock.c.obj)
 *fill*         0x0000000000001dc2        0x2 
 .text._m16src_start
                0x0000000000001dc4       0xb4 zephyr/libzephyr.a(nrf5_power_clock.c.obj)
 .text._k32src_start
                0x0000000000001e78       0x90 zephyr/libzephyr.a(nrf5_power_clock.c.obj)
 .text._power_clock_isr
                0x0000000000001f08       0xac zephyr/libzephyr.a(nrf5_power_clock.c.obj)
 .text.rtc_compare_set
                0x0000000000001fb4       0x30 zephyr/libzephyr.a(nrf_rtc_timer.c.obj)
 .text.rtc_announce_set_next
                0x0000000000001fe4       0x60 zephyr/libzephyr.a(nrf_rtc_timer.c.obj)
 .text.rtc1_nrf5_isr
                0x0000000000002044       0x10 zephyr/libzephyr.a(nrf_rtc_timer.c.obj)
                0x0000000000002044                rtc1_nrf5_isr
 .text.z_clock_set_timeout
                0x0000000000002054        0x2 zephyr/libzephyr.a(nrf_rtc_timer.c.obj)
                0x0000000000002054                z_clock_set_timeout
 .text.z_clock_elapsed
                0x0000000000002056        0x4 zephyr/libzephyr.a(nrf_rtc_timer.c.obj)
                0x0000000000002056                z_clock_elapsed
 *fill*         0x000000000000205a        0x2 
 .text.z_clock_idle_exit
                0x000000000000205c       0x2c zephyr/libzephyr.a(nrf_rtc_timer.c.obj)
                0x000000000000205c                z_clock_idle_exit
 .text.z_clock_driver_init
                0x0000000000002088       0x80 zephyr/libzephyr.a(nrf_rtc_timer.c.obj)
                0x0000000000002088                z_clock_driver_init
 .text._timer_cycle_get_32
                0x0000000000002108       0x20 zephyr/libzephyr.a(nrf_rtc_timer.c.obj)
                0x0000000000002108                _timer_cycle_get_32
 .text._HandlerModeExit
                0x0000000000002128       0x1c zephyr/arch/arm/core/libarch__arm__core.a(exc_exit.S.obj)
                0x0000000000002128                _ExcExit
                0x0000000000002128                _IntExit
 .text._IntLibInit
                0x0000000000002144       0x18 zephyr/arch/arm/core/libarch__arm__core.a(irq_init.c.obj)
                0x0000000000002144                _IntLibInit
 .text.__swap   0x000000000000215c       0x30 zephyr/arch/arm/core/libarch__arm__core.a(swap.c.obj)
                0x000000000000215c                __swap
 .text.__pendsv
                0x000000000000218c       0x44 zephyr/arch/arm/core/libarch__arm__core.a(swap_helper.S.obj)
                0x000000000000218c                __pendsv
 .text.__svc    0x00000000000021d0       0x24 zephyr/arch/arm/core/libarch__arm__core.a(swap_helper.S.obj)
                0x00000000000021d0                __svc
 .text._MpuFault.isra.2
                0x00000000000021f4       0x88 zephyr/arch/arm/core/libarch__arm__core.a(fault.c.obj)
 .text._BusFault.isra.3
                0x000000000000227c       0x94 zephyr/arch/arm/core/libarch__arm__core.a(fault.c.obj)
 .text._UsageFault.isra.5
                0x0000000000002310       0x88 zephyr/arch/arm/core/libarch__arm__core.a(fault.c.obj)
 .text._Fault   0x0000000000002398       0xd0 zephyr/arch/arm/core/libarch__arm__core.a(fault.c.obj)
                0x0000000000002398                _Fault
 .text._FaultInit
                0x0000000000002468       0x10 zephyr/arch/arm/core/libarch__arm__core.a(fault.c.obj)
                0x0000000000002468                _FaultInit
 .text._arch_irq_enable
                0x0000000000002478       0x20 zephyr/arch/arm/core/libarch__arm__core.a(irq_manage.c.obj)
                0x0000000000002478                _arch_irq_enable
 .text._arch_irq_disable
                0x0000000000002498       0x28 zephyr/arch/arm/core/libarch__arm__core.a(irq_manage.c.obj)
                0x0000000000002498                _arch_irq_disable
 .text._irq_priority_set
                0x00000000000024c0       0x30 zephyr/arch/arm/core/libarch__arm__core.a(irq_manage.c.obj)
                0x00000000000024c0                _irq_priority_set
 .text._irq_spurious
                0x00000000000024f0        0x4 zephyr/arch/arm/core/libarch__arm__core.a(irq_manage.c.obj)
                0x00000000000024f0                _irq_spurious
 .text._new_thread
                0x00000000000024f4       0x50 zephyr/arch/arm/core/libarch__arm__core.a(thread.c.obj)
                0x00000000000024f4                _new_thread
 .text._CpuIdleInit
                0x0000000000002544        0xc zephyr/arch/arm/core/libarch__arm__core.a(cpu_idle.S.obj)
                0x0000000000002544                _CpuIdleInit
 .text.k_cpu_idle
                0x0000000000002550        0xc zephyr/arch/arm/core/libarch__arm__core.a(cpu_idle.S.obj)
                0x0000000000002550                k_cpu_idle
 .text.__fault  0x000000000000255c       0x28 zephyr/arch/arm/core/libarch__arm__core.a(fault_s.S.obj)
                0x000000000000255c                __usage_fault
                0x000000000000255c                __reserved
                0x000000000000255c                __bus_fault
                0x000000000000255c                __debug_monitor
                0x000000000000255c                __mpu_fault
                0x000000000000255c                __hard_fault
 .text._NanoFatalErrorHandler
                0x0000000000002584       0x68 zephyr/arch/arm/core/libarch__arm__core.a(fatal.c.obj)
                0x0000000000002584                _NanoFatalErrorHandler
 .text._do_kernel_oops
                0x00000000000025ec        0x8 zephyr/arch/arm/core/libarch__arm__core.a(fatal.c.obj)
                0x00000000000025ec                _do_kernel_oops
 .text._SysFatalErrorHandler
                0x00000000000025f4       0x58 zephyr/arch/arm/core/libarch__arm__core.a(sys_fatal_error_handler.c.obj)
                0x00000000000025f4                _SysFatalErrorHandler
 .text._impl_k_thread_abort
                0x000000000000264c       0x48 zephyr/arch/arm/core/libarch__arm__core.a(thread_abort.c.obj)
                0x000000000000264c                _impl_k_thread_abort
 .text._isr_wrapper
                0x0000000000002694       0x3c zephyr/arch/arm/core/libarch__arm__core.a(isr_wrapper.S.obj)
                0x0000000000002694                _isr_wrapper
 .text._reset_section
                0x00000000000026d0       0x24 zephyr/arch/arm/core/cortex_m/libarch__arm__core__cortex_m.a(reset.S.obj)
                0x00000000000026d0                __reset
                0x00000000000026d0                __start
 .text._SysNmiOnReset
                0x00000000000026f4        0x8 zephyr/arch/arm/core/cortex_m/libarch__arm__core__cortex_m.a(nmi_on_reset.S.obj)
                0x00000000000026f4                _SysNmiOnReset
 .text._PrepC   0x00000000000026fc       0x28 zephyr/arch/arm/core/cortex_m/libarch__arm__core__cortex_m.a(prep_c.c.obj)
                0x00000000000026fc                _PrepC
 .text.__nmi    0x0000000000002724        0xe zephyr/arch/arm/core/cortex_m/libarch__arm__core__cortex_m.a(nmi.c.obj)
                0x0000000000002724                __nmi
 *fill*         0x0000000000002732        0x2 
 .text.arm_core_mpu_enable
                0x0000000000002734       0x14 zephyr/arch/arm/core/cortex_m/mpu/libarch__arm__core__cortex_m__mpu.a(arm_mpu.c.obj)
                0x0000000000002734                arm_core_mpu_enable
 .text.arm_mpu_init
                0x0000000000002748       0x50 zephyr/arch/arm/core/cortex_m/mpu/libarch__arm__core__cortex_m__mpu.a(arm_mpu.c.obj)
 .text.strcpy   0x0000000000002798       0x14 zephyr/lib/libc/minimal/liblib__libc__minimal.a(string.c.obj)
                0x0000000000002798                strcpy
 .text.strchr   0x00000000000027ac       0x1c zephyr/lib/libc/minimal/liblib__libc__minimal.a(string.c.obj)
                0x00000000000027ac                strchr
 .text.strcmp   0x00000000000027c8       0x1a zephyr/lib/libc/minimal/liblib__libc__minimal.a(string.c.obj)
                0x00000000000027c8                strcmp
 .text.memmove  0x00000000000027e2       0x2e zephyr/lib/libc/minimal/liblib__libc__minimal.a(string.c.obj)
                0x00000000000027e2                memmove
 .text.memcpy   0x0000000000002810       0x5a zephyr/lib/libc/minimal/liblib__libc__minimal.a(string.c.obj)
                0x0000000000002810                memcpy
 .text.memset   0x000000000000286a       0x42 zephyr/lib/libc/minimal/liblib__libc__minimal.a(string.c.obj)
                0x000000000000286a                memset
 .text._to_x    0x00000000000028ac       0x50 zephyr/lib/libc/minimal/liblib__libc__minimal.a(prf.c.obj)
 .text._rlrshift
                0x00000000000028fc       0x28 zephyr/lib/libc/minimal/liblib__libc__minimal.a(prf.c.obj)
 .text._ldiv5   0x0000000000002924       0x62 zephyr/lib/libc/minimal/liblib__libc__minimal.a(prf.c.obj)
 .text._get_digit
                0x0000000000002986       0x36 zephyr/lib/libc/minimal/liblib__libc__minimal.a(prf.c.obj)
 .text._prf     0x00000000000029bc      0x7cc zephyr/lib/libc/minimal/liblib__libc__minimal.a(prf.c.obj)
                0x00000000000029bc                _prf
 .text._stdout_hook_default
                0x0000000000003188        0x6 zephyr/lib/libc/minimal/liblib__libc__minimal.a(stdout_console.c.obj)
 *fill*         0x000000000000318e        0x2 
 .text.__stdout_hook_install
                0x0000000000003190        0xc zephyr/lib/libc/minimal/liblib__libc__minimal.a(stdout_console.c.obj)
                0x0000000000003190                __stdout_hook_install
 .text._impl__zephyr_fputc
                0x000000000000319c       0x14 zephyr/lib/libc/minimal/liblib__libc__minimal.a(stdout_console.c.obj)
                0x000000000000319c                _impl__zephyr_fputc
 .text.fputc    0x00000000000031b0        0x4 zephyr/lib/libc/minimal/liblib__libc__minimal.a(stdout_console.c.obj)
                0x00000000000031b0                fputc
 .text.printf   0x00000000000031b4       0x24 zephyr/lib/libc/minimal/liblib__libc__minimal.a(fprintf.c.obj)
                0x00000000000031b4                printf
 .text.adc_nrfx_channel_setup
                0x00000000000031d8      0x158 zephyr/drivers/adc/libdrivers__adc.a(adc_nrfx_saadc.c.obj)
 .text.adc_context_start_sampling.isra.1
                0x0000000000003330       0x14 zephyr/drivers/adc/libdrivers__adc.a(adc_nrfx_saadc.c.obj)
 .text.init_saadc
                0x0000000000003344       0x44 zephyr/drivers/adc/libdrivers__adc.a(adc_nrfx_saadc.c.obj)
 .text.start_read.isra.5
                0x0000000000003388      0x274 zephyr/drivers/adc/libdrivers__adc.a(adc_nrfx_saadc.c.obj)
 .text.adc_context_on_timer_expired
                0x00000000000035fc       0x28 zephyr/drivers/adc/libdrivers__adc.a(adc_nrfx_saadc.c.obj)
 .text.adc_nrfx_read
                0x0000000000003624       0x28 zephyr/drivers/adc/libdrivers__adc.a(adc_nrfx_saadc.c.obj)
 .text.adc_nrfx_read_async
                0x000000000000364c       0x2c zephyr/drivers/adc/libdrivers__adc.a(adc_nrfx_saadc.c.obj)
 .text.saadc_irq_handler
                0x0000000000003678       0xdc zephyr/drivers/adc/libdrivers__adc.a(adc_nrfx_saadc.c.obj)
 .text.gpio_nrfx_write
                0x0000000000003754       0x3c zephyr/drivers/gpio/libdrivers__gpio.a(gpio_nrfx.c.obj)
 .text.gpio_nrfx_read
                0x0000000000003790       0x24 zephyr/drivers/gpio/libdrivers__gpio.a(gpio_nrfx.c.obj)
 .text.gpio_nrfx_manage_callback
                0x00000000000037b4       0x42 zephyr/drivers/gpio/libdrivers__gpio.a(gpio_nrfx.c.obj)
 *fill*         0x00000000000037f6        0x2 
 .text.gpio_nrfx_init
                0x00000000000037f8       0x30 zephyr/drivers/gpio/libdrivers__gpio.a(gpio_nrfx.c.obj)
 .text.check_level_trigger_pins.constprop.11
                0x0000000000003828       0x34 zephyr/drivers/gpio/libdrivers__gpio.a(gpio_nrfx.c.obj)
 .text.gpiote_event_handler
                0x000000000000385c       0x9c zephyr/drivers/gpio/libdrivers__gpio.a(gpio_nrfx.c.obj)
 .text.gpiote_pin_int_cfg
                0x00000000000038f8      0x16c zephyr/drivers/gpio/libdrivers__gpio.a(gpio_nrfx.c.obj)
 .text.gpio_nrfx_config
                0x0000000000003a64      0x126 zephyr/drivers/gpio/libdrivers__gpio.a(gpio_nrfx.c.obj)
 .text.gpio_nrfx_pin_disable_callback
                0x0000000000003b8a       0x42 zephyr/drivers/gpio/libdrivers__gpio.a(gpio_nrfx.c.obj)
 .text.gpio_nrfx_pin_enable_callback
                0x0000000000003bcc       0x40 zephyr/drivers/gpio/libdrivers__gpio.a(gpio_nrfx.c.obj)
 .text._sys_device_do_config_level
                0x0000000000003c0c       0x28 zephyr/kernel/libkernel.a(device.c.obj)
                0x0000000000003c0c                _sys_device_do_config_level
 .text.device_get_binding
                0x0000000000003c34       0x4c zephyr/kernel/libkernel.a(device.c.obj)
                0x0000000000003c34                device_get_binding
 .text._sys_power_save_idle_exit
                0x0000000000003c80        0x4 zephyr/kernel/libkernel.a(idle.c.obj)
                0x0000000000003c80                _sys_power_save_idle_exit
 .text.idle     0x0000000000003c84       0x30 zephyr/kernel/libkernel.a(idle.c.obj)
                0x0000000000003c84                idle
 .text._bss_zero
                0x0000000000003cb4       0x14 zephyr/kernel/libkernel.a(init.c.obj)
                0x0000000000003cb4                _bss_zero
 .text._data_copy
                0x0000000000003cc8       0x18 zephyr/kernel/libkernel.a(init.c.obj)
                0x0000000000003cc8                _data_copy
 .text.bg_thread_main
                0x0000000000003ce0       0x30 zephyr/kernel/libkernel.a(init.c.obj)
 .text._Cstart  0x0000000000003d10      0x10c zephyr/kernel/libkernel.a(init.c.obj)
                0x0000000000003d10                _Cstart
 .text.init_mem_slab_module
                0x0000000000003e1c       0x38 zephyr/kernel/libkernel.a(mem_slab.c.obj)
 .text.k_mem_slab_init
                0x0000000000003e54       0x24 zephyr/kernel/libkernel.a(mem_slab.c.obj)
                0x0000000000003e54                k_mem_slab_init
 .text.k_mem_slab_alloc
                0x0000000000003e78       0x50 zephyr/kernel/libkernel.a(mem_slab.c.obj)
                0x0000000000003e78                k_mem_slab_alloc
 .text.k_mem_slab_free
                0x0000000000003ec8       0x50 zephyr/kernel/libkernel.a(mem_slab.c.obj)
                0x0000000000003ec8                k_mem_slab_free
 .text._impl_k_mutex_lock
                0x0000000000003f18       0xc4 zephyr/kernel/libkernel.a(mutex.c.obj)
                0x0000000000003f18                _impl_k_mutex_lock
 .text._impl_k_mutex_unlock
                0x0000000000003fdc       0x74 zephyr/kernel/libkernel.a(mutex.c.obj)
                0x0000000000003fdc                _impl_k_mutex_unlock
 .text.sys_dlist_remove
                0x0000000000004050        0xc zephyr/kernel/libkernel.a(sched.c.obj)
 .text.reset_time_slice
                0x000000000000405c       0x34 zephyr/kernel/libkernel.a(sched.c.obj)
 .text.k_spin_lock.isra.10
                0x0000000000004090        0xe zephyr/kernel/libkernel.a(sched.c.obj)
 *fill*         0x000000000000409e        0x2 
 .text.update_cache
                0x00000000000040a0       0x4c zephyr/kernel/libkernel.a(sched.c.obj)
 .text._remove_thread_from_ready_q
                0x00000000000040ec       0x38 zephyr/kernel/libkernel.a(sched.c.obj)
                0x00000000000040ec                _remove_thread_from_ready_q
 .text._find_first_thread_to_unpend
                0x0000000000004124       0x18 zephyr/kernel/libkernel.a(sched.c.obj)
                0x0000000000004124                _find_first_thread_to_unpend
 .text._unpend_thread_no_timeout
                0x000000000000413c       0x22 zephyr/kernel/libkernel.a(sched.c.obj)
                0x000000000000413c                _unpend_thread_no_timeout
 .text._unpend_first_thread
                0x000000000000415e       0x1c zephyr/kernel/libkernel.a(sched.c.obj)
                0x000000000000415e                _unpend_first_thread
 .text._unpend_thread
                0x000000000000417a       0x14 zephyr/kernel/libkernel.a(sched.c.obj)
                0x000000000000417a                _unpend_thread
 *fill*         0x000000000000418e        0x2 
 .text._reschedule
                0x0000000000004190       0x30 zephyr/kernel/libkernel.a(sched.c.obj)
                0x0000000000004190                _reschedule
 .text.k_sched_unlock
                0x00000000000041c0       0x34 zephyr/kernel/libkernel.a(sched.c.obj)
                0x00000000000041c0                k_sched_unlock
 .text._priq_dumb_add
                0x00000000000041f4       0x3e zephyr/kernel/libkernel.a(sched.c.obj)
                0x00000000000041f4                _priq_dumb_add
 *fill*         0x0000000000004232        0x2 
 .text._add_thread_to_ready_q
                0x0000000000004234       0x2c zephyr/kernel/libkernel.a(sched.c.obj)
                0x0000000000004234                _add_thread_to_ready_q
 .text._ready_thread
                0x0000000000004260       0x12 zephyr/kernel/libkernel.a(sched.c.obj)
 .text.z_thread_timeout
                0x0000000000004272       0x2a zephyr/kernel/libkernel.a(sched.c.obj)
                0x0000000000004272                z_thread_timeout
 .text._move_thread_to_end_of_prio_q
                0x000000000000429c       0x3c zephyr/kernel/libkernel.a(sched.c.obj)
                0x000000000000429c                _move_thread_to_end_of_prio_q
 .text.z_time_slice
                0x00000000000042d8       0x58 zephyr/kernel/libkernel.a(sched.c.obj)
                0x00000000000042d8                z_time_slice
 .text.pend     0x0000000000004330       0x54 zephyr/kernel/libkernel.a(sched.c.obj)
 .text._pend_current_thread
                0x0000000000004384       0x1c zephyr/kernel/libkernel.a(sched.c.obj)
                0x0000000000004384                _pend_current_thread
 .text._thread_priority_set
                0x00000000000043a0       0x58 zephyr/kernel/libkernel.a(sched.c.obj)
                0x00000000000043a0                _thread_priority_set
 .text._sched_init
                0x00000000000043f8       0x24 zephyr/kernel/libkernel.a(sched.c.obj)
                0x00000000000043f8                _sched_init
 .text._impl_k_yield
                0x000000000000441c       0x54 zephyr/kernel/libkernel.a(sched.c.obj)
                0x000000000000441c                _impl_k_yield
 .text._impl_k_sleep
                0x0000000000004470       0x80 zephyr/kernel/libkernel.a(sched.c.obj)
                0x0000000000004470                _impl_k_sleep
 .text._impl_k_wakeup
                0x00000000000044f0       0x4c zephyr/kernel/libkernel.a(sched.c.obj)
                0x00000000000044f0                _impl_k_wakeup
 .text._impl_k_current_get
                0x000000000000453c        0xc zephyr/kernel/libkernel.a(sched.c.obj)
                0x000000000000453c                _impl_k_current_get
 .text._impl_k_sem_give
                0x0000000000004548       0x4e zephyr/kernel/libkernel.a(sem.c.obj)
                0x0000000000004548                _impl_k_sem_give
 .text._impl_k_sem_take
                0x0000000000004596       0x38 zephyr/kernel/libkernel.a(sem.c.obj)
                0x0000000000004596                _impl_k_sem_take
 *fill*         0x00000000000045ce        0x2 
 .text.schedule_new_thread.part.8
                0x00000000000045d0       0x44 zephyr/kernel/libkernel.a(thread.c.obj)
 .text._ready_thread
                0x0000000000004614       0x12 zephyr/kernel/libkernel.a(thread.c.obj)
 *fill*         0x0000000000004626        0x2 
 .text.k_is_in_isr
                0x0000000000004628       0x20 zephyr/kernel/libkernel.a(thread.c.obj)
                0x0000000000004628                k_is_in_isr
 .text._is_thread_essential
                0x0000000000004648       0x10 zephyr/kernel/libkernel.a(thread.c.obj)
                0x0000000000004648                _is_thread_essential
 .text._impl_k_thread_start
                0x0000000000004658       0x2e zephyr/kernel/libkernel.a(thread.c.obj)
                0x0000000000004658                _impl_k_thread_start
 *fill*         0x0000000000004686        0x2 
 .text._setup_new_thread
                0x0000000000004688       0x34 zephyr/kernel/libkernel.a(thread.c.obj)
                0x0000000000004688                _setup_new_thread
 .text._k_thread_single_abort
                0x00000000000046bc       0x40 zephyr/kernel/libkernel.a(thread.c.obj)
                0x00000000000046bc                _k_thread_single_abort
 .text._init_static_threads
                0x00000000000046fc       0x9c zephyr/kernel/libkernel.a(thread.c.obj)
                0x00000000000046fc                _init_static_threads
 .text._init_thread_base
                0x0000000000004798       0x12 zephyr/kernel/libkernel.a(thread.c.obj)
                0x0000000000004798                _init_thread_base
 *fill*         0x00000000000047aa        0x2 
 .text.elapsed  0x00000000000047ac       0x14 zephyr/kernel/libkernel.a(timeout.c.obj)
 .text.k_spin_lock.isra.1
                0x00000000000047c0        0xe zephyr/kernel/libkernel.a(timeout.c.obj)
 *fill*         0x00000000000047ce        0x2 
 .text.remove_timeout
                0x00000000000047d0       0x2c zephyr/kernel/libkernel.a(timeout.c.obj)
 .text._abort_timeout
                0x00000000000047fc       0x1e zephyr/kernel/libkernel.a(timeout.c.obj)
                0x00000000000047fc                _abort_timeout
 *fill*         0x000000000000481a        0x2 
 .text._get_next_timeout_expiry
                0x000000000000481c       0x5c zephyr/kernel/libkernel.a(timeout.c.obj)
                0x000000000000481c                _get_next_timeout_expiry
 .text._add_timeout
                0x0000000000004878       0x70 zephyr/kernel/libkernel.a(timeout.c.obj)
                0x0000000000004878                _add_timeout
 .text.z_clock_announce
                0x00000000000048e8       0x98 zephyr/kernel/libkernel.a(timeout.c.obj)
                0x00000000000048e8                z_clock_announce
 .text.z_tick_get
                0x0000000000004980       0x2c zephyr/kernel/libkernel.a(timeout.c.obj)
                0x0000000000004980                z_tick_get
 .text.z_tick_get_32
                0x00000000000049ac        0xc zephyr/kernel/libkernel.a(timeout.c.obj)
                0x00000000000049ac                z_tick_get_32
 .text._ready_thread
                0x00000000000049b8       0x12 zephyr/kernel/libkernel.a(timer.c.obj)
 *fill*         0x00000000000049ca        0x2 
 .text._timer_expiration_handler
                0x00000000000049cc       0x60 zephyr/kernel/libkernel.a(timer.c.obj)
                0x00000000000049cc                _timer_expiration_handler
 .text._impl_k_timer_start
                0x0000000000004a2c       0x70 zephyr/kernel/libkernel.a(timer.c.obj)
                0x0000000000004a2c                _impl_k_timer_start
 .text._impl_k_timer_stop
                0x0000000000004a9c       0x70 zephyr/kernel/libkernel.a(timer.c.obj)
                0x0000000000004a9c                _impl_k_timer_stop
 .text.signal_poll_event
                0x0000000000004b0c       0x5a zephyr/kernel/libkernel.a(poll.c.obj)
 .text._handle_obj_poll_events
                0x0000000000004b66       0x18 zephyr/kernel/libkernel.a(poll.c.obj)
                0x0000000000004b66                _handle_obj_poll_events
 .text._impl_k_poll_signal
                0x0000000000004b7e       0x40 zephyr/kernel/libkernel.a(poll.c.obj)
                0x0000000000004b7e                _impl_k_poll_signal
 .text._OffsetAbsSyms
                0x0000000000004bbe        0x2 zephyr/CMakeFiles/offsets.dir/arch/arm/core/offsets/offsets.c.obj
                0x0000000000004bbe                _OffsetAbsSyms
 *(.gnu.linkonce.t.*)
 *(.glue_7t)
 .glue_7t       0x0000000000004bc0        0x0 linker stubs
 *(.glue_7)
 .glue_7        0x0000000000004bc0        0x0 linker stubs
 *(.vfp11_veneer)
 .vfp11_veneer  0x0000000000004bc0        0x0 linker stubs
 *(.v4_bx)
 .v4_bx         0x0000000000004bc0        0x0 linker stubs
                0x0000000000004bc0                _image_text_end = .

.ARM.exidx      0x0000000000004bc0        0x8
                0x0000000000004bc0                __exidx_start = .
 *(.ARM.exidx* gnu.linkonce.armexidx.*)
 .ARM.exidx     0x0000000000004bc0        0x8 /home/darragh/CS7NS2/gcc-arm-none-eabi/bin/../lib/gcc/arm-none-eabi/7.3.1/thumb/v7e-m/libgcc.a(_udivmoddi4.o)
                0x0000000000004bc8                __exidx_end = .
                0x0000000000004bc8                _image_rodata_start = .

devconfig       0x0000000000004bc8       0x78
                0x0000000000004bc8                __devconfig_start = .
 *(.devconfig.*)
 .devconfig.init
                0x0000000000004bc8        0xc zephyr/libzephyr.a(soc.c.obj)
 .devconfig.init
                0x0000000000004bd4        0xc zephyr/libzephyr.a(SEGGER_RTT_zephyr.c.obj)
 .devconfig.init
                0x0000000000004be0        0xc zephyr/libzephyr.a(rtt_console.c.obj)
 .devconfig.init
                0x0000000000004bec       0x18 zephyr/libzephyr.a(nrf5_power_clock.c.obj)
 .devconfig.init
                0x0000000000004c04        0xc zephyr/libzephyr.a(sys_clock_init.c.obj)
 .devconfig.init
                0x0000000000004c10        0xc zephyr/arch/arm/core/cortex_m/mpu/libarch__arm__core__cortex_m__mpu.a(arm_mpu.c.obj)
 .devconfig.init
                0x0000000000004c1c        0xc zephyr/drivers/adc/libdrivers__adc.a(adc_nrfx_saadc.c.obj)
 .devconfig.init
                0x0000000000004c28        0xc zephyr/drivers/gpio/libdrivers__gpio.a(gpio_nrfx.c.obj)
 .devconfig.init
                0x0000000000004c34        0xc zephyr/kernel/libkernel.a(mem_slab.c.obj)
 *(SORT_BY_NAME(.devconfig*))
                0x0000000000004c40                __devconfig_end = .

net_l2          0x0000000000004c40        0x0
                0x0000000000004c40                __net_l2_start = .
 *(.net_l2.init)
 *(SORT_BY_NAME(.net_l2.init*))
                0x0000000000004c40                __net_l2_end = .

log_const_sections
                0x0000000000004c40       0x20
                0x0000000000004c40                __log_const_start = .
 *(SORT_BY_NAME(.log_const_*))
 .log_const_adc_nrfx_saadc
                0x0000000000004c40        0x8 zephyr/drivers/adc/libdrivers__adc.a(adc_nrfx_saadc.c.obj)
                0x0000000000004c40                log_const_adc_nrfx_saadc
 .log_const_kernel
                0x0000000000004c48        0x8 zephyr/kernel/libkernel.a(init.c.obj)
                0x0000000000004c48                log_const_kernel
 .log_const_mpu
                0x0000000000004c50        0x8 zephyr/arch/arm/core/cortex_m/mpu/libarch__arm__core__cortex_m__mpu.a(arm_core_mpu.c.obj)
                0x0000000000004c50                log_const_mpu
 .log_const_soc
                0x0000000000004c58        0x8 zephyr/libzephyr.a(soc.c.obj)
                0x0000000000004c58                log_const_soc
                0x0000000000004c60                __log_const_end = .

log_backends_sections
                0x0000000000004c60       0x10
                0x0000000000004c60                __log_backends_start = .
 *(.log_backends)
 .log_backends  0x0000000000004c60       0x10 zephyr/libzephyr.a(log_backend_rtt.c.obj)
                0x0000000000004c70                __log_backends_end = .

shell_root_cmds_sections
                0x0000000000004c70        0x0
                0x0000000000004c70                __shell_root_cmds_start = .
 *(SORT_BY_NAME(.shell_root_cmd_*))
                0x0000000000004c70                __shell_root_cmds_end = .

font_entry_sections
                0x0000000000004c70        0x0
                0x0000000000004c70                __font_entry_start = .
 *(SORT_BY_NAME(.font_entry.*))
                0x0000000000004c70                __font_entry_end = .

rodata          0x0000000000004c70      0x8f8
 *(.rodata)
 *(.rodata.*)
 .rodata.m_1st_channel_cfg
                0x0000000000004c70        0x8 libapp.a(main.c.obj)
 .rodata.m_2nd_channel_cfg
                0x0000000000004c78        0x8 libapp.a(main.c.obj)
 .rodata.main.str1.1
                0x0000000000004c80       0x80 libapp.a(main.c.obj)
 .rodata.sample_sensor.str1.1
                0x0000000000004d00       0xa5 libapp.a(main.c.obj)
 .rodata.str1.1
                0x0000000000004da5        0x4 zephyr/libzephyr.a(soc.c.obj)
                                          0x5 (size before relaxing)
 .rodata.str1.1
                0x0000000000004da9        0xf zephyr/libzephyr.a(mpu_regions.c.obj)
 .rodata._DoInit.str1.1
                0x0000000000004db8       0x14 zephyr/libzephyr.a(SEGGER_RTT.c.obj)
 .rodata.str1.1
                0x0000000000004dcc        0x1 zephyr/libzephyr.a(SEGGER_RTT_zephyr.c.obj)
 .rodata.str1.1
                0x0000000000004dcc        0x8 zephyr/libzephyr.a(log_core.c.obj)
 .rodata.colors
                0x0000000000004dd4       0x14 zephyr/libzephyr.a(log_output.c.obj)
 .rodata.log_output_msg_process.str1.1
                0x0000000000004de8       0x49 zephyr/libzephyr.a(log_output.c.obj)
                                         0x4f (size before relaxing)
 *fill*         0x0000000000004e31        0x3 
 .rodata.severity
                0x0000000000004e34       0x14 zephyr/libzephyr.a(log_output.c.obj)
 .rodata.str1.1
                0x0000000000004e48       0x20 zephyr/libzephyr.a(log_output.c.obj)
 .rodata.log_backend_rtt_api
                0x0000000000004e68        0xc zephyr/libzephyr.a(log_backend_rtt.c.obj)
                0x0000000000004e68                log_backend_rtt_api
 .rodata.log_output
                0x0000000000004e74       0x10 zephyr/libzephyr.a(log_backend_rtt.c.obj)
 .rodata.msg_out.str1.1
                0x0000000000004e84       0x18 zephyr/libzephyr.a(log_backend_rtt.c.obj)
 .rodata.str1.1
                0x0000000000004e9c       0x10 zephyr/libzephyr.a(log_backend_rtt.c.obj)
 .rodata.str1.1
                0x0000000000004eac        0x1 zephyr/libzephyr.a(rtt_console.c.obj)
 .rodata._k32src_clock_control_api
                0x0000000000004eac        0xc zephyr/libzephyr.a(nrf5_power_clock.c.obj)
 .rodata._m16src_clock_control_api
                0x0000000000004eb8        0xc zephyr/libzephyr.a(nrf5_power_clock.c.obj)
 .rodata.str1.1
                0x0000000000004ec4       0x16 zephyr/libzephyr.a(nrf5_power_clock.c.obj)
 .rodata.str1.1
                0x0000000000004eda        0xa zephyr/libzephyr.a(sys_clock_init.c.obj)
 .rodata.z_clock_driver_init.str1.1
                0x0000000000004ee4        0xb zephyr/libzephyr.a(nrf_rtc_timer.c.obj)
 .rodata._BusFault.isra.3.str1.1
                0x0000000000004ee4       0x7c zephyr/arch/arm/core/libarch__arm__core.a(fault.c.obj)
 .rodata._Fault.str1.1
                0x0000000000004f60       0xd3 zephyr/arch/arm/core/libarch__arm__core.a(fault.c.obj)
 .rodata._MpuFault.isra.2.str1.1
                0x0000000000005033       0xbd zephyr/arch/arm/core/libarch__arm__core.a(fault.c.obj)
 .rodata._UsageFault.isra.5.str1.1
                0x00000000000050f0       0xd4 zephyr/arch/arm/core/libarch__arm__core.a(fault.c.obj)
 .rodata._NanoFatalErrorHandler.str1.1
                0x00000000000051c4       0xda zephyr/arch/arm/core/libarch__arm__core.a(fatal.c.obj)
 .rodata._SysFatalErrorHandler.str1.1
                0x000000000000529e       0x5a zephyr/arch/arm/core/libarch__arm__core.a(sys_fatal_error_handler.c.obj)
 .rodata.str1.1
                0x00000000000052f8        0x4 zephyr/arch/arm/core/cortex_m/mpu/libarch__arm__core__cortex_m__mpu.a(arm_core_mpu.c.obj)
 .rodata.str1.1
                0x00000000000052fc        0x1 zephyr/arch/arm/core/cortex_m/mpu/libarch__arm__core__cortex_m__mpu.a(arm_mpu.c.obj)
 .rodata._prf.str1.1
                0x00000000000052fc        0xb zephyr/lib/libc/minimal/liblib__libc__minimal.a(prf.c.obj)
 .rodata.__func__.9701
                0x0000000000005307       0x17 zephyr/drivers/adc/libdrivers__adc.a(adc_nrfx_saadc.c.obj)
 .rodata.__func__.9735
                0x000000000000531e        0xf zephyr/drivers/adc/libdrivers__adc.a(adc_nrfx_saadc.c.obj)
 .rodata.__func__.9742
                0x000000000000532d       0x11 zephyr/drivers/adc/libdrivers__adc.a(adc_nrfx_saadc.c.obj)
 .rodata.__func__.9761
                0x000000000000533e       0x12 zephyr/drivers/adc/libdrivers__adc.a(adc_nrfx_saadc.c.obj)
 .rodata.__func__.9771
                0x0000000000005350        0xb zephyr/drivers/adc/libdrivers__adc.a(adc_nrfx_saadc.c.obj)
 .rodata.adc_nrfx_channel_setup.str1.1
                0x000000000000535b       0x7a zephyr/drivers/adc/libdrivers__adc.a(adc_nrfx_saadc.c.obj)
 *fill*         0x00000000000053d5        0x3 
 .rodata.adc_nrfx_driver_api
                0x00000000000053d8        0xc zephyr/drivers/adc/libdrivers__adc.a(adc_nrfx_saadc.c.obj)
 .rodata.start_read.isra.5.str1.1
                0x00000000000053e4       0xef zephyr/drivers/adc/libdrivers__adc.a(adc_nrfx_saadc.c.obj)
 .rodata.str1.1
                0x00000000000054d3        0xf zephyr/drivers/adc/libdrivers__adc.a(adc_nrfx_saadc.c.obj)
                                         0x15 (size before relaxing)
 *fill*         0x00000000000054e2        0x2 
 .rodata.gpio_nrfx_drv_api_funcs
                0x00000000000054e4       0x1c zephyr/drivers/gpio/libdrivers__gpio.a(gpio_nrfx.c.obj)
 .rodata.gpio_nrfx_p0_cfg
                0x0000000000005500        0x8 zephyr/drivers/gpio/libdrivers__gpio.a(gpio_nrfx.c.obj)
 .rodata.str1.1
                0x0000000000005508        0x7 zephyr/drivers/gpio/libdrivers__gpio.a(gpio_nrfx.c.obj)
 *fill*         0x000000000000550f        0x1 
 .rodata.config_levels
                0x0000000000005510       0x14 zephyr/kernel/libkernel.a(device.c.obj)
 .rodata._k_neg_eagain
                0x0000000000005524        0x4 zephyr/kernel/libkernel.a(errno.c.obj)
                0x0000000000005524                _k_neg_eagain
 .rodata._Cstart.str1.1
                0x0000000000005528        0xa zephyr/kernel/libkernel.a(init.c.obj)
 *fill*         0x0000000000005532        0x2 
 .rodata._idle_thread
                0x0000000000005534        0x4 zephyr/kernel/libkernel.a(init.c.obj)
                0x0000000000005534                _idle_thread
 .rodata.bg_thread_main.str1.1
                0x0000000000005538       0x27 zephyr/kernel/libkernel.a(init.c.obj)
 .rodata.str1.1
                0x000000000000555f        0x7 zephyr/kernel/libkernel.a(init.c.obj)
 .rodata.str1.1
                0x0000000000005566        0x1 zephyr/kernel/libkernel.a(mem_slab.c.obj)
 *(.gnu.linkonce.r.*)
                0x0000000000005568                . = ALIGN (0x4)
 *fill*         0x0000000000005566        0x2 
                0x0000000000005568                _image_rodata_end = .
                0x0000000000005568                _image_rom_end = .

.got            0x0000000020000000        0x0
 *(.got.plt)
 *(.igot.plt)
 .igot.plt      0x0000000020000000        0x0 zephyr/CMakeFiles/kernel_elf.dir/isr_tables.c.obj
 *(.got)
 *(.igot)
                0x0000000000000020                _app_data_align = 0x20
                0x0000000020000000                . = ALIGN (0x20)

bss             0x0000000020000000      0x79c
                0x0000000020000000                . = ALIGN (0x4)
                0x0000000020000000                __bss_start = .
                0x0000000020000000                __kernel_ram_start = .
 *(.bss)
 *(.bss.*)
 .bss.m_sample_buffer
                0x0000000020000000        0xc libapp.a(main.c.obj)
 .bss._acDownBuffer
                0x000000002000000c       0x10 zephyr/libzephyr.a(SEGGER_RTT.c.obj)
 .bss._acUpBuffer
                0x000000002000001c      0x400 zephyr/libzephyr.a(SEGGER_RTT.c.obj)
 .bss.backend_attached
                0x000000002000041c        0x1 zephyr/libzephyr.a(log_core.c.obj)
 *fill*         0x000000002000041d        0x3 
 .bss.buffered_cnt
                0x0000000020000420        0x4 zephyr/libzephyr.a(log_core.c.obj)
 .bss.initialized
                0x0000000020000424        0x4 zephyr/libzephyr.a(log_core.c.obj)
 .bss.list      0x0000000020000428        0x8 zephyr/libzephyr.a(log_core.c.obj)
 .bss.panic_mode
                0x0000000020000430        0x1 zephyr/libzephyr.a(log_core.c.obj)
 *fill*         0x0000000020000431        0x3 
 .bss.proc_tid  0x0000000020000434        0x4 zephyr/libzephyr.a(log_core.c.obj)
 .bss.freq      0x0000000020000438        0x4 zephyr/libzephyr.a(log_output.c.obj)
 .bss.timestamp_div
                0x000000002000043c        0x4 zephyr/libzephyr.a(log_output.c.obj)
 .bss.backend_cb_log_backend_rtt
                0x0000000020000440        0x8 zephyr/libzephyr.a(log_backend_rtt.c.obj)
 .bss.char_buf  0x0000000020000448        0x1 zephyr/libzephyr.a(log_backend_rtt.c.obj)
 *fill*         0x0000000020000449        0x3 
 .bss.drop_cnt  0x000000002000044c        0x4 zephyr/libzephyr.a(log_backend_rtt.c.obj)
 .bss.drop_warn
                0x0000000020000450        0x4 zephyr/libzephyr.a(log_backend_rtt.c.obj)
 .bss.line_buf  0x0000000020000454       0x97 zephyr/libzephyr.a(log_backend_rtt.c.obj)
 *fill*         0x00000000200004eb        0x1 
 .bss.line_pos  0x00000000200004ec        0x4 zephyr/libzephyr.a(log_backend_rtt.c.obj)
 .bss.log_output_control_block
                0x00000000200004f0        0x8 zephyr/libzephyr.a(log_backend_rtt.c.obj)
 .bss.panic_mode
                0x00000000200004f8        0x4 zephyr/libzephyr.a(log_backend_rtt.c.obj)
 .bss.host_present
                0x00000000200004fc        0x1 zephyr/libzephyr.a(rtt_console.c.obj)
 .bss.k32src_initialized
                0x00000000200004fd        0x1 zephyr/libzephyr.a(nrf5_power_clock.c.obj)
 .bss.m16src_grd
                0x00000000200004fe        0x1 zephyr/libzephyr.a(nrf5_power_clock.c.obj)
 .bss.m16src_ref
                0x00000000200004ff        0x1 zephyr/libzephyr.a(nrf5_power_clock.c.obj)
 .bss.driver_uptime
                0x0000000020000500        0x4 zephyr/libzephyr.a(nrf_rtc_timer.c.obj)
 .bss.expected_sys_ticks
                0x0000000020000504        0x4 zephyr/libzephyr.a(nrf_rtc_timer.c.obj)
 .bss.rtc_past  0x0000000020000508        0x4 zephyr/libzephyr.a(nrf_rtc_timer.c.obj)
 .bss.gpio_initialized.9870
                0x000000002000050c        0x1 zephyr/drivers/gpio/libdrivers__gpio.a(gpio_nrfx.c.obj)
 *fill*         0x000000002000050d        0x3 
 .bss.gpio_nrfx_p0_data
                0x0000000020000510       0x20 zephyr/drivers/gpio/libdrivers__gpio.a(gpio_nrfx.c.obj)
 .bss._idle_thread_s
                0x0000000020000530       0x6c zephyr/kernel/libkernel.a(init.c.obj)
 .bss._main_thread_s
                0x000000002000059c       0x6c zephyr/kernel/libkernel.a(init.c.obj)
 .bss.slice_max_prio
                0x0000000020000608        0x4 zephyr/kernel/libkernel.a(sched.c.obj)
 .bss.slice_time
                0x000000002000060c        0x4 zephyr/kernel/libkernel.a(sched.c.obj)
 .bss.announce_remaining
                0x0000000020000610        0x4 zephyr/kernel/libkernel.a(timeout.c.obj)
 .bss.can_wait_forever
                0x0000000020000614        0x1 zephyr/kernel/libkernel.a(timeout.c.obj)
 *fill*         0x0000000020000615        0x3 
 .bss.curr_tick
                0x0000000020000618        0x8 zephyr/kernel/libkernel.a(timeout.c.obj)
 *(COMMON)
 COMMON         0x0000000020000620       0xa8 zephyr/libzephyr.a(SEGGER_RTT.c.obj)
                0x0000000020000620                _SEGGER_RTT
 COMMON         0x00000000200006c8       0x88 zephyr/libzephyr.a(log_core.c.obj)
                0x00000000200006c8                _k_thread_obj_logging
                0x0000000020000734                log_strdup_pool
 COMMON         0x0000000020000750       0x1c zephyr/libzephyr.a(log_msg.c.obj)
                0x0000000020000750                log_msg_pool
 COMMON         0x000000002000076c       0x30 zephyr/kernel/libkernel.a(sched.c.obj)
                0x000000002000076c                _kernel
 *(.kernel_bss.*)
                0x000000002000079c                __bss_end = ALIGN (0x4)

noinit          0x00000000200007a0     0x14e0
 *(.noinit)
 *(.noinit.*)
 .noinit."/home/darragh/CS7NS2/zephyr/subsys/logging/log_core.c".0
                0x00000000200007a0       0xa0 zephyr/libzephyr.a(log_core.c.obj)
 .noinit."/home/darragh/CS7NS2/zephyr/subsys/logging/log_core.c".1
                0x0000000020000840      0x300 zephyr/libzephyr.a(log_core.c.obj)
                0x0000000020000840                _k_thread_stack_logging
 .noinit."/home/darragh/CS7NS2/zephyr/subsys/logging/log_msg.c".0
                0x0000000020000b40      0x400 zephyr/libzephyr.a(log_msg.c.obj)
 .noinit."/home/darragh/CS7NS2/zephyr/kernel/init.c".1
                0x0000000020000f40      0x400 zephyr/kernel/libkernel.a(init.c.obj)
                0x0000000020000f40                _main_stack
 .noinit."/home/darragh/CS7NS2/zephyr/kernel/init.c".2
                0x0000000020001340      0x140 zephyr/kernel/libkernel.a(init.c.obj)
                0x0000000020001340                _idle_stack
 .noinit."/home/darragh/CS7NS2/zephyr/kernel/init.c".3
                0x0000000020001480      0x800 zephyr/kernel/libkernel.a(init.c.obj)
                0x0000000020001480                _interrupt_stack
 *(.kernel_noinit.*)

datas           0x0000000020001c80       0xb4 load address 0x0000000000005568
                0x0000000020001c80                __data_ram_start = .
 *(.data)
 *(.data.*)
 .data._char_out
                0x0000000020001c80        0x4 zephyr/libzephyr.a(printk.c.obj)
 .data.mpu_config
                0x0000000020001c84        0x8 zephyr/libzephyr.a(mpu_regions.c.obj)
                0x0000000020001c84                mpu_config
 .data.mpu_regions
                0x0000000020001c8c       0x18 zephyr/libzephyr.a(mpu_regions.c.obj)
 .data.SystemCoreClock
                0x0000000020001ca4        0x4 zephyr/libzephyr.a(system_nrf52.c.obj)
                0x0000000020001ca4                SystemCoreClock
 .data.timestamp_func
                0x0000000020001ca8        0x4 zephyr/libzephyr.a(log_core.c.obj)
 .data._stdout_hook
                0x0000000020001cac        0x4 zephyr/lib/libc/minimal/liblib__libc__minimal.a(stdout_console.c.obj)
 .data.m_data   0x0000000020001cb0       0x7c zephyr/drivers/adc/libdrivers__adc.a(adc_nrfx_saadc.c.obj)
 .data.timeout_list
                0x0000000020001d2c        0x8 zephyr/kernel/libkernel.a(timeout.c.obj)
 *(.kernel.*)
                0x0000000000005568                __data_rom_start = LOADADDR (datas)

initlevel       0x0000000020001d34       0x78 load address 0x000000000000561c
                0x0000000020001d34                __device_init_start = .
                0x0000000020001d34                __device_PRE_KERNEL_1_start = .
 *(SORT_BY_NAME(.init_PRE_KERNEL_1[0-9]))
 .init_PRE_KERNEL_10
                0x0000000020001d34        0xc zephyr/libzephyr.a(soc.c.obj)
 *(SORT_BY_NAME(.init_PRE_KERNEL_1[1-9][0-9]))
 .init_PRE_KERNEL_130
                0x0000000020001d40        0xc zephyr/libzephyr.a(SEGGER_RTT_zephyr.c.obj)
 .init_PRE_KERNEL_130
                0x0000000020001d4c        0xc zephyr/kernel/libkernel.a(mem_slab.c.obj)
 .init_PRE_KERNEL_140
                0x0000000020001d58        0xc zephyr/libzephyr.a(rtt_console.c.obj)
 .init_PRE_KERNEL_140
                0x0000000020001d64        0xc zephyr/arch/arm/core/cortex_m/mpu/libarch__arm__core__cortex_m__mpu.a(arm_mpu.c.obj)
 .init_PRE_KERNEL_150
                0x0000000020001d70       0x18 zephyr/libzephyr.a(nrf5_power_clock.c.obj)
                0x0000000020001d88                __device_PRE_KERNEL_2_start = .
 *(SORT_BY_NAME(.init_PRE_KERNEL_2[0-9]))
 .init_PRE_KERNEL_20
                0x0000000020001d88        0xc zephyr/libzephyr.a(sys_clock_init.c.obj)
 *(SORT_BY_NAME(.init_PRE_KERNEL_2[1-9][0-9]))
                0x0000000020001d94                __device_POST_KERNEL_start = .
 *(SORT_BY_NAME(.init_POST_KERNEL[0-9]))
 *(SORT_BY_NAME(.init_POST_KERNEL[1-9][0-9]))
 .init_POST_KERNEL40
                0x0000000020001d94        0xc zephyr/drivers/gpio/libdrivers__gpio.a(gpio_nrfx.c.obj)
 .init_POST_KERNEL50
                0x0000000020001da0        0xc zephyr/drivers/adc/libdrivers__adc.a(adc_nrfx_saadc.c.obj)
                0x0000000020001dac                __device_APPLICATION_start = .
 *(SORT_BY_NAME(.init_APPLICATION[0-9]))
 *(SORT_BY_NAME(.init_APPLICATION[1-9][0-9]))
                0x0000000020001dac                __device_init_end = .

initlevel_error
                0x0000000020001d34        0x0
 *(SORT_BY_NAME(.init_[_A-Z0-9]*))
                0x0000000000000001                ASSERT ((SIZEOF (initlevel_error) == 0x0), Undefined initialization levels used.)

initshell       0x0000000020001dac        0x0 load address 0x0000000000005694
                0x0000000020001dac                __shell_module_start = .
 *(.shell_module_*)
                0x0000000020001dac                __shell_module_end = .
                0x0000000020001dac                __shell_cmd_start = .
 *(.shell_cmd_*)
                0x0000000020001dac                __shell_cmd_end = .

log_dynamic_sections
                0x0000000020001dac        0x0 load address 0x0000000000005694
                0x0000000020001dac                __log_dynamic_start = .
 *(SORT_BY_NAME(.log_dynamic_*))
                0x0000000020001dac                __log_dynamic_end = .

_static_thread_area
                0x0000000020001dac       0x30 load address 0x0000000000005694
                0x0000000020001dac                _static_thread_data_list_start = .
 *(SORT_BY_NAME(._static_thread_data.static.*))
 ._static_thread_data.static.logging
                0x0000000020001dac       0x30 zephyr/libzephyr.a(log_core.c.obj)
                0x0000000020001dac                _k_thread_data_logging
                0x0000000020001ddc                _static_thread_data_list_end = .

_k_timer_area   0x0000000020001ddc        0x0 load address 0x00000000000056c4
                0x0000000020001ddc                _k_timer_list_start = .
 *(SORT_BY_NAME(._k_timer.static.*))
                0x0000000020001ddc                _k_timer_list_end = .

_k_mem_slab_area
                0x0000000020001ddc        0x0 load address 0x00000000000056c4
                0x0000000020001ddc                _k_mem_slab_list_start = .
 *(SORT_BY_NAME(._k_mem_slab.static.*))
                0x0000000020001ddc                _k_mem_slab_list_end = .

_k_mem_pool_area
                0x0000000020001ddc        0x0 load address 0x00000000000056c4
 *(SORT_BY_NAME(._k_memory_pool.struct*))
                0x0000000020001ddc                _k_mem_pool_list_start = .
 *(SORT_BY_NAME(._k_mem_pool.static.*))
                0x0000000020001ddc                _k_mem_pool_list_end = .

_k_sem_area     0x0000000020001ddc        0x0 load address 0x00000000000056c4
                0x0000000020001ddc                _k_sem_list_start = .
 *(SORT_BY_NAME(._k_sem.static.*))
                0x0000000020001ddc                _k_sem_list_end = .

_k_mutex_area   0x0000000020001ddc       0x14 load address 0x00000000000056c4
                0x0000000020001ddc                _k_mutex_list_start = .
 *(SORT_BY_NAME(._k_mutex.static.*))
 ._k_mutex.static.rtt_term_mutex
                0x0000000020001ddc       0x14 zephyr/libzephyr.a(SEGGER_RTT_zephyr.c.obj)
                0x0000000020001ddc                rtt_term_mutex
                0x0000000020001df0                _k_mutex_list_end = .

_k_alert_area   0x0000000020001df0        0x0 load address 0x00000000000056d8
                0x0000000020001df0                _k_alert_list_start = .
 *(SORT_BY_NAME(._k_alert.static.*))
                0x0000000020001df0                _k_alert_list_end = .

_k_queue_area   0x0000000020001df0        0x0 load address 0x00000000000056d8
                0x0000000020001df0                _k_queue_list_start = .
 *(SORT_BY_NAME(._k_queue.static.*))
                0x0000000020001df0                _k_queue_list_end = .

_k_stack_area   0x0000000020001df0        0x0 load address 0x00000000000056d8
                0x0000000020001df0                _k_stack_list_start = .
 *(SORT_BY_NAME(._k_stack.static.*))
                0x0000000020001df0                _k_stack_list_end = .

_k_msgq_area    0x0000000020001df0        0x0 load address 0x00000000000056d8
                0x0000000020001df0                _k_msgq_list_start = .
 *(SORT_BY_NAME(._k_msgq.static.*))
                0x0000000020001df0                _k_msgq_list_end = .

_k_mbox_area    0x0000000020001df0        0x0 load address 0x00000000000056d8
                0x0000000020001df0                _k_mbox_list_start = .
 *(SORT_BY_NAME(._k_mbox.static.*))
                0x0000000020001df0                _k_mbox_list_end = .

_k_pipe_area    0x0000000020001df0        0x0 load address 0x00000000000056d8
                0x0000000020001df0                _k_pipe_list_start = .
 *(SORT_BY_NAME(._k_pipe.static.*))
                0x0000000020001df0                _k_pipe_list_end = .

_k_work_area    0x0000000020001df0        0x0 load address 0x00000000000056d8
                0x0000000020001df0                _k_work_list_start = .
 *(SORT_BY_NAME(._k_work.static.*))
                0x0000000020001df0                _k_work_list_end = .

_k_task_list    0x0000000020001df0        0x0 load address 0x00000000000056d8
                0x0000000020001df0                _k_task_list_start = .
 *(._k_task_list.public.*)
 *(._k_task_list.private.*)
                0x0000000020001df0                _k_task_list_idle_start = .
 *(._k_task_list.idle.*)
 *(SORT_BY_NAME(._k_task_list*))
                0x0000000020001df0                _k_task_list_end = .

_k_event_list   0x0000000020001df0        0x0 load address 0x00000000000056d8
                0x0000000020001df0                _k_event_list_start = .
 *(._k_event_list.event.*)
 *(SORT_BY_NAME(._k_event_list*))
                0x0000000020001df0                _k_event_list_end = .

_k_memory_pool  0x0000000020001df0        0x0 load address 0x00000000000056d8
 *(._k_memory_pool.struct*)
 *(SORT_BY_NAME(._k_memory_pool.struct*))
                0x0000000020001df0                _k_mem_pool_start = .
 *(._k_memory_pool.*)
 *(SORT_BY_NAME(._k_memory_pool*))
                0x0000000020001df0                _k_mem_pool_end = .

_net_buf_pool_area
                0x0000000020001df0        0x0 load address 0x00000000000056d8
                0x0000000020001df0                _net_buf_pool_list = .
 *(SORT_BY_NAME(._net_buf_pool.static.*))

net_if          0x0000000020001df0        0x0 load address 0x00000000000056d8
                0x0000000020001df0                __net_if_start = .
 *(.net_if.*)
 *(SORT_BY_NAME(.net_if.*))
                0x0000000020001df0                __net_if_end = .

net_if_dev      0x0000000020001df0        0x0 load address 0x00000000000056d8
                0x0000000020001df0                __net_if_dev_start = .
 *(.net_if_dev.*)
 *(SORT_BY_NAME(.net_if_dev.*))
                0x0000000020001df0                __net_if_dev_end = .

net_l2_data     0x0000000020001df0        0x0 load address 0x00000000000056d8
                0x0000000020001df0                __net_l2_data_start = .
 *(.net_l2.data)
 *(SORT_BY_NAME(.net_l2.data*))
                0x0000000020001df0                __net_l2_data_end = .

priv_stacks_noinit
 *(.priv_stacks.noinit)
                0x0000000020001df0                __data_ram_end = .
                0x0000000020001df0                _image_ram_end = .
                0x0000000020001df0                _end = .
                0x0000000020010000                __kernel_ram_end = 0x20010000
                0x0000000000010000                __kernel_ram_size = (__kernel_ram_end - __kernel_ram_start)

/DISCARD/
 *(.irq_info)
 *(.intList)

.stab
 *(.stab)

.stabstr
 *(.stabstr)

.stab.excl
 *(.stab.excl)

.stab.exclstr
 *(.stab.exclstr)

.stab.index
 *(.stab.index)

.stab.indexstr
 *(.stab.indexstr)

.comment        0x0000000000000000       0x7f
 *(.comment)
 .comment       0x0000000000000000       0x7f zephyr/CMakeFiles/kernel_elf.dir/isr_tables.c.obj
                                         0x80 (size before relaxing)
 .comment       0x000000000000007f       0x80 libapp.a(main.c.obj)
 .comment       0x000000000000007f       0x80 zephyr/libzephyr.a(isr_tables.c.obj)
 .comment       0x000000000000007f       0x80 zephyr/libzephyr.a(thread_entry.c.obj)
 .comment       0x000000000000007f       0x80 zephyr/libzephyr.a(printk.c.obj)
 .comment       0x000000000000007f       0x80 zephyr/libzephyr.a(configs.c.obj)
 .comment       0x000000000000007f       0x80 zephyr/libzephyr.a(soc.c.obj)
 .comment       0x000000000000007f       0x80 zephyr/libzephyr.a(mpu_regions.c.obj)
 .comment       0x000000000000007f       0x80 zephyr/libzephyr.a(system_nrf52.c.obj)
 .comment       0x000000000000007f       0x80 zephyr/libzephyr.a(SEGGER_RTT.c.obj)
 .comment       0x000000000000007f       0x80 zephyr/libzephyr.a(SEGGER_RTT_zephyr.c.obj)
 .comment       0x000000000000007f       0x80 zephyr/libzephyr.a(log_list.c.obj)
 .comment       0x000000000000007f       0x80 zephyr/libzephyr.a(log_core.c.obj)
 .comment       0x000000000000007f       0x80 zephyr/libzephyr.a(log_msg.c.obj)
 .comment       0x000000000000007f       0x80 zephyr/libzephyr.a(log_output.c.obj)
 .comment       0x000000000000007f       0x80 zephyr/libzephyr.a(log_backend_rtt.c.obj)
 .comment       0x000000000000007f       0x80 zephyr/libzephyr.a(rtt_console.c.obj)
 .comment       0x000000000000007f       0x80 zephyr/libzephyr.a(nrf5_power_clock.c.obj)
 .comment       0x000000000000007f       0x80 zephyr/libzephyr.a(sys_clock_init.c.obj)
 .comment       0x000000000000007f       0x80 zephyr/libzephyr.a(nrf_rtc_timer.c.obj)
 .comment       0x000000000000007f       0x80 zephyr/arch/arm/core/libarch__arm__core.a(irq_init.c.obj)
 .comment       0x000000000000007f       0x80 zephyr/arch/arm/core/libarch__arm__core.a(swap.c.obj)
 .comment       0x000000000000007f       0x80 zephyr/arch/arm/core/libarch__arm__core.a(fault.c.obj)
 .comment       0x000000000000007f       0x80 zephyr/arch/arm/core/libarch__arm__core.a(irq_manage.c.obj)
 .comment       0x000000000000007f       0x80 zephyr/arch/arm/core/libarch__arm__core.a(thread.c.obj)
 .comment       0x000000000000007f       0x80 zephyr/arch/arm/core/libarch__arm__core.a(fatal.c.obj)
 .comment       0x000000000000007f       0x80 zephyr/arch/arm/core/libarch__arm__core.a(sys_fatal_error_handler.c.obj)
 .comment       0x000000000000007f       0x80 zephyr/arch/arm/core/libarch__arm__core.a(thread_abort.c.obj)
 .comment       0x000000000000007f       0x80 zephyr/arch/arm/core/cortex_m/libarch__arm__core__cortex_m.a(prep_c.c.obj)
 .comment       0x000000000000007f       0x80 zephyr/arch/arm/core/cortex_m/libarch__arm__core__cortex_m.a(nmi.c.obj)
 .comment       0x000000000000007f       0x80 zephyr/arch/arm/core/cortex_m/mpu/libarch__arm__core__cortex_m__mpu.a(arm_core_mpu.c.obj)
 .comment       0x000000000000007f       0x80 zephyr/arch/arm/core/cortex_m/mpu/libarch__arm__core__cortex_m__mpu.a(arm_mpu.c.obj)
 .comment       0x000000000000007f       0x80 zephyr/lib/libc/minimal/liblib__libc__minimal.a(string.c.obj)
 .comment       0x000000000000007f       0x80 zephyr/lib/libc/minimal/liblib__libc__minimal.a(prf.c.obj)
 .comment       0x000000000000007f       0x80 zephyr/lib/libc/minimal/liblib__libc__minimal.a(stdout_console.c.obj)
 .comment       0x000000000000007f       0x80 zephyr/lib/libc/minimal/liblib__libc__minimal.a(fprintf.c.obj)
 .comment       0x000000000000007f       0x80 zephyr/drivers/adc/libdrivers__adc.a(adc_nrfx_saadc.c.obj)
 .comment       0x000000000000007f       0x80 zephyr/drivers/gpio/libdrivers__gpio.a(gpio_nrfx.c.obj)
 .comment       0x000000000000007f       0x80 zephyr/kernel/libkernel.a(device.c.obj)
 .comment       0x000000000000007f       0x80 zephyr/kernel/libkernel.a(errno.c.obj)
 .comment       0x000000000000007f       0x80 zephyr/kernel/libkernel.a(idle.c.obj)
 .comment       0x000000000000007f       0x80 zephyr/kernel/libkernel.a(init.c.obj)
 .comment       0x000000000000007f       0x80 zephyr/kernel/libkernel.a(mem_slab.c.obj)
 .comment       0x000000000000007f       0x80 zephyr/kernel/libkernel.a(mutex.c.obj)
 .comment       0x000000000000007f       0x80 zephyr/kernel/libkernel.a(sched.c.obj)
 .comment       0x000000000000007f       0x80 zephyr/kernel/libkernel.a(sem.c.obj)
 .comment       0x000000000000007f       0x80 zephyr/kernel/libkernel.a(thread.c.obj)
 .comment       0x000000000000007f       0x80 zephyr/kernel/libkernel.a(timeout.c.obj)
 .comment       0x000000000000007f       0x80 zephyr/kernel/libkernel.a(timer.c.obj)
 .comment       0x000000000000007f       0x80 zephyr/kernel/libkernel.a(poll.c.obj)
 .comment       0x000000000000007f       0x80 zephyr/CMakeFiles/offsets.dir/arch/arm/core/offsets/offsets.c.obj

.debug
 *(.debug)

.line
 *(.line)

.debug_srcinfo
 *(.debug_srcinfo)

.debug_sfnames
 *(.debug_sfnames)

.debug_aranges  0x0000000000000000      0xfd0
 *(.debug_aranges)
 .debug_aranges
                0x0000000000000000       0x18 zephyr/CMakeFiles/kernel_elf.dir/isr_tables.c.obj
 .debug_aranges
                0x0000000000000018       0x28 libapp.a(main.c.obj)
 .debug_aranges
                0x0000000000000040       0x18 zephyr/libzephyr.a(isr_tables.c.obj)
 .debug_aranges
                0x0000000000000058       0x20 zephyr/libzephyr.a(thread_entry.c.obj)
 .debug_aranges
                0x0000000000000078       0x78 zephyr/libzephyr.a(printk.c.obj)
 .debug_aranges
                0x00000000000000f0       0x20 zephyr/libzephyr.a(configs.c.obj)
 .debug_aranges
                0x0000000000000110       0x20 zephyr/libzephyr.a(soc.c.obj)
 .debug_aranges
                0x0000000000000130       0x18 zephyr/libzephyr.a(mpu_regions.c.obj)
 .debug_aranges
                0x0000000000000148       0x38 zephyr/libzephyr.a(system_nrf52.c.obj)
 .debug_aranges
                0x0000000000000180      0x118 zephyr/libzephyr.a(SEGGER_RTT.c.obj)
 .debug_aranges
                0x0000000000000298       0x20 zephyr/libzephyr.a(SEGGER_RTT_zephyr.c.obj)
 .debug_aranges
                0x00000000000002b8       0x38 zephyr/libzephyr.a(log_list.c.obj)
 .debug_aranges
                0x00000000000002f0      0x100 zephyr/libzephyr.a(log_core.c.obj)
 .debug_aranges
                0x00000000000003f0       0x88 zephyr/libzephyr.a(log_msg.c.obj)
 .debug_aranges
                0x0000000000000478       0x40 zephyr/libzephyr.a(log_output.c.obj)
 .debug_aranges
                0x00000000000004b8       0x38 zephyr/libzephyr.a(log_backend_rtt.c.obj)
 .debug_aranges
                0x00000000000004f0       0x28 zephyr/libzephyr.a(rtt_console.c.obj)
 .debug_aranges
                0x0000000000000518       0x40 zephyr/libzephyr.a(nrf5_power_clock.c.obj)
 .debug_aranges
                0x0000000000000558       0x30 zephyr/libzephyr.a(sys_clock_init.c.obj)
 .debug_aranges
                0x0000000000000588       0x60 zephyr/libzephyr.a(nrf_rtc_timer.c.obj)
 .debug_aranges
                0x00000000000005e8       0x20 zephyr/arch/arm/core/libarch__arm__core.a(exc_exit.S.obj)
 .debug_aranges
                0x0000000000000608       0x20 zephyr/arch/arm/core/libarch__arm__core.a(irq_init.c.obj)
 .debug_aranges
                0x0000000000000628       0x20 zephyr/arch/arm/core/libarch__arm__core.a(swap.c.obj)
 .debug_aranges
                0x0000000000000648       0x28 zephyr/arch/arm/core/libarch__arm__core.a(swap_helper.S.obj)
 .debug_aranges
                0x0000000000000670       0x40 zephyr/arch/arm/core/libarch__arm__core.a(fault.c.obj)
 .debug_aranges
                0x00000000000006b0       0x50 zephyr/arch/arm/core/libarch__arm__core.a(irq_manage.c.obj)
 .debug_aranges
                0x0000000000000700       0x20 zephyr/arch/arm/core/libarch__arm__core.a(thread.c.obj)
 .debug_aranges
                0x0000000000000720       0x40 zephyr/arch/arm/core/libarch__arm__core.a(cpu_idle.S.obj)
 .debug_aranges
                0x0000000000000760       0x20 zephyr/arch/arm/core/libarch__arm__core.a(fault_s.S.obj)
 .debug_aranges
                0x0000000000000780       0x30 zephyr/arch/arm/core/libarch__arm__core.a(fatal.c.obj)
 .debug_aranges
                0x00000000000007b0       0x20 zephyr/arch/arm/core/libarch__arm__core.a(sys_fatal_error_handler.c.obj)
 .debug_aranges
                0x00000000000007d0       0x20 zephyr/arch/arm/core/libarch__arm__core.a(thread_abort.c.obj)
 .debug_aranges
                0x00000000000007f0       0x20 zephyr/arch/arm/core/libarch__arm__core.a(isr_wrapper.S.obj)
 .debug_aranges
                0x0000000000000810       0x20 zephyr/arch/arm/core/cortex_m/libarch__arm__core__cortex_m.a(reset.S.obj)
 .debug_aranges
                0x0000000000000830       0x20 zephyr/arch/arm/core/cortex_m/libarch__arm__core__cortex_m.a(nmi_on_reset.S.obj)
 .debug_aranges
                0x0000000000000850       0x20 zephyr/arch/arm/core/cortex_m/libarch__arm__core__cortex_m.a(prep_c.c.obj)
 .debug_aranges
                0x0000000000000870       0x20 zephyr/arch/arm/core/cortex_m/libarch__arm__core__cortex_m.a(nmi.c.obj)
 .debug_aranges
                0x0000000000000890       0x18 zephyr/arch/arm/core/cortex_m/mpu/libarch__arm__core__cortex_m__mpu.a(arm_core_mpu.c.obj)
 .debug_aranges
                0x00000000000008a8       0x30 zephyr/arch/arm/core/cortex_m/mpu/libarch__arm__core__cortex_m__mpu.a(arm_mpu.c.obj)
 .debug_aranges
                0x00000000000008d8       0x88 zephyr/lib/libc/minimal/liblib__libc__minimal.a(string.c.obj)
 .debug_aranges
                0x0000000000000960       0x40 zephyr/lib/libc/minimal/liblib__libc__minimal.a(prf.c.obj)
 .debug_aranges
                0x00000000000009a0       0x58 zephyr/lib/libc/minimal/liblib__libc__minimal.a(stdout_console.c.obj)
 .debug_aranges
                0x00000000000009f8       0x38 zephyr/lib/libc/minimal/liblib__libc__minimal.a(fprintf.c.obj)
 .debug_aranges
                0x0000000000000a30       0x58 zephyr/drivers/adc/libdrivers__adc.a(adc_nrfx_saadc.c.obj)
 .debug_aranges
                0x0000000000000a88       0x68 zephyr/drivers/gpio/libdrivers__gpio.a(gpio_nrfx.c.obj)
 .debug_aranges
                0x0000000000000af0       0x30 zephyr/kernel/libkernel.a(device.c.obj)
 .debug_aranges
                0x0000000000000b20       0x20 zephyr/kernel/libkernel.a(errno.c.obj)
 .debug_aranges
                0x0000000000000b40       0x28 zephyr/kernel/libkernel.a(idle.c.obj)
 .debug_aranges
                0x0000000000000b68       0x48 zephyr/kernel/libkernel.a(init.c.obj)
 .debug_aranges
                0x0000000000000bb0       0x38 zephyr/kernel/libkernel.a(mem_slab.c.obj)
 .debug_aranges
                0x0000000000000be8       0x30 zephyr/kernel/libkernel.a(mutex.c.obj)
 .debug_aranges
                0x0000000000000c18      0x168 zephyr/kernel/libkernel.a(sched.c.obj)
 .debug_aranges
                0x0000000000000d80       0x30 zephyr/kernel/libkernel.a(sem.c.obj)
 .debug_aranges
                0x0000000000000db0       0xc8 zephyr/kernel/libkernel.a(thread.c.obj)
 .debug_aranges
                0x0000000000000e78       0x88 zephyr/kernel/libkernel.a(timeout.c.obj)
 .debug_aranges
                0x0000000000000f00       0x50 zephyr/kernel/libkernel.a(timer.c.obj)
 .debug_aranges
                0x0000000000000f50       0x60 zephyr/kernel/libkernel.a(poll.c.obj)
 .debug_aranges
                0x0000000000000fb0       0x20 zephyr/CMakeFiles/offsets.dir/arch/arm/core/offsets/offsets.c.obj

.debug_pubnames
 *(.debug_pubnames)

.debug_info     0x0000000000000000    0x307a0
 *(.debug_info .gnu.linkonce.wi.*)
 .debug_info    0x0000000000000000       0xdd zephyr/CMakeFiles/kernel_elf.dir/isr_tables.c.obj
 .debug_info    0x00000000000000dd     0x12c4 libapp.a(main.c.obj)
 .debug_info    0x00000000000013a1      0x113 zephyr/libzephyr.a(isr_tables.c.obj)
 .debug_info    0x00000000000014b4      0x71f zephyr/libzephyr.a(thread_entry.c.obj)
 .debug_info    0x0000000000001bd3      0xfb3 zephyr/libzephyr.a(printk.c.obj)
 .debug_info    0x0000000000002b86       0x37 zephyr/libzephyr.a(configs.c.obj)
 .debug_info    0x0000000000002bbd     0x10bc zephyr/libzephyr.a(soc.c.obj)
 .debug_info    0x0000000000003c79      0x169 zephyr/libzephyr.a(mpu_regions.c.obj)
 .debug_info    0x0000000000003de2     0x1099 zephyr/libzephyr.a(system_nrf52.c.obj)
 .debug_info    0x0000000000004e7b     0x1b11 zephyr/libzephyr.a(SEGGER_RTT.c.obj)
 .debug_info    0x000000000000698c      0x926 zephyr/libzephyr.a(SEGGER_RTT_zephyr.c.obj)
 .debug_info    0x00000000000072b2      0xa73 zephyr/libzephyr.a(log_list.c.obj)
 .debug_info    0x0000000000007d25     0x25b3 zephyr/libzephyr.a(log_core.c.obj)
 .debug_info    0x000000000000a2d8     0x167c zephyr/libzephyr.a(log_msg.c.obj)
 .debug_info    0x000000000000b954     0x227a zephyr/libzephyr.a(log_output.c.obj)
 .debug_info    0x000000000000dbce     0x1323 zephyr/libzephyr.a(log_backend_rtt.c.obj)
 .debug_info    0x000000000000eef1      0xb06 zephyr/libzephyr.a(rtt_console.c.obj)
 .debug_info    0x000000000000f9f7     0x1830 zephyr/libzephyr.a(nrf5_power_clock.c.obj)
 .debug_info    0x0000000000011227      0x7b7 zephyr/libzephyr.a(sys_clock_init.c.obj)
 .debug_info    0x00000000000119de     0x1291 zephyr/libzephyr.a(nrf_rtc_timer.c.obj)
 .debug_info    0x0000000000012c6f       0x26 zephyr/arch/arm/core/libarch__arm__core.a(exc_exit.S.obj)
 .debug_info    0x0000000000012c95      0xaa5 zephyr/arch/arm/core/libarch__arm__core.a(irq_init.c.obj)
 .debug_info    0x000000000001373a      0x9b5 zephyr/arch/arm/core/libarch__arm__core.a(swap.c.obj)
 .debug_info    0x00000000000140ef       0x22 zephyr/arch/arm/core/libarch__arm__core.a(swap_helper.S.obj)
 .debug_info    0x0000000000014111     0x14c8 zephyr/arch/arm/core/libarch__arm__core.a(fault.c.obj)
 .debug_info    0x00000000000155d9      0xdc7 zephyr/arch/arm/core/libarch__arm__core.a(irq_manage.c.obj)
 .debug_info    0x00000000000163a0      0xa78 zephyr/arch/arm/core/libarch__arm__core.a(thread.c.obj)
 .debug_info    0x0000000000016e18       0x22 zephyr/arch/arm/core/libarch__arm__core.a(cpu_idle.S.obj)
 .debug_info    0x0000000000016e3a       0x26 zephyr/arch/arm/core/libarch__arm__core.a(fault_s.S.obj)
 .debug_info    0x0000000000016e60      0xf2b zephyr/arch/arm/core/libarch__arm__core.a(fatal.c.obj)
 .debug_info    0x0000000000017d8b      0x9cb zephyr/arch/arm/core/libarch__arm__core.a(sys_fatal_error_handler.c.obj)
 .debug_info    0x0000000000018756      0xa7b zephyr/arch/arm/core/libarch__arm__core.a(thread_abort.c.obj)
 .debug_info    0x00000000000191d1       0x26 zephyr/arch/arm/core/libarch__arm__core.a(isr_wrapper.S.obj)
 .debug_info    0x00000000000191f7       0x26 zephyr/arch/arm/core/cortex_m/libarch__arm__core__cortex_m.a(reset.S.obj)
 .debug_info    0x000000000001921d       0x26 zephyr/arch/arm/core/cortex_m/libarch__arm__core__cortex_m.a(nmi_on_reset.S.obj)
 .debug_info    0x0000000000019243      0x9aa zephyr/arch/arm/core/cortex_m/libarch__arm__core__cortex_m.a(prep_c.c.obj)
 .debug_info    0x0000000000019bed      0x63e zephyr/arch/arm/core/cortex_m/libarch__arm__core__cortex_m.a(nmi.c.obj)
 .debug_info    0x000000000001a22b      0x9d4 zephyr/arch/arm/core/cortex_m/mpu/libarch__arm__core__cortex_m__mpu.a(arm_core_mpu.c.obj)
 .debug_info    0x000000000001abff      0xe32 zephyr/arch/arm/core/cortex_m/mpu/libarch__arm__core__cortex_m__mpu.a(arm_mpu.c.obj)
 .debug_info    0x000000000001ba31      0x54d zephyr/lib/libc/minimal/liblib__libc__minimal.a(string.c.obj)
 .debug_info    0x000000000001bf7e      0xc5d zephyr/lib/libc/minimal/liblib__libc__minimal.a(prf.c.obj)
 .debug_info    0x000000000001cbdb      0x59d zephyr/lib/libc/minimal/liblib__libc__minimal.a(stdout_console.c.obj)
 .debug_info    0x000000000001d178      0x223 zephyr/lib/libc/minimal/liblib__libc__minimal.a(fprintf.c.obj)
 .debug_info    0x000000000001d39b     0x2973 zephyr/drivers/adc/libdrivers__adc.a(adc_nrfx_saadc.c.obj)
 .debug_info    0x000000000001fd0e     0x2274 zephyr/drivers/gpio/libdrivers__gpio.a(gpio_nrfx.c.obj)
 .debug_info    0x0000000000021f82      0x86d zephyr/kernel/libkernel.a(device.c.obj)
 .debug_info    0x00000000000227ef      0x834 zephyr/kernel/libkernel.a(errno.c.obj)
 .debug_info    0x0000000000023023      0x9a7 zephyr/kernel/libkernel.a(idle.c.obj)
 .debug_info    0x00000000000239ca     0x1a68 zephyr/kernel/libkernel.a(init.c.obj)
 .debug_info    0x0000000000025432      0xe23 zephyr/kernel/libkernel.a(mem_slab.c.obj)
 .debug_info    0x0000000000026255      0xe53 zephyr/kernel/libkernel.a(mutex.c.obj)
 .debug_info    0x00000000000270a8     0x2ca8 zephyr/kernel/libkernel.a(sched.c.obj)
 .debug_info    0x0000000000029d50      0xca3 zephyr/kernel/libkernel.a(sem.c.obj)
 .debug_info    0x000000000002a9f3     0x1875 zephyr/kernel/libkernel.a(thread.c.obj)
 .debug_info    0x000000000002c268     0x142f zephyr/kernel/libkernel.a(timeout.c.obj)
 .debug_info    0x000000000002d697     0x12f3 zephyr/kernel/libkernel.a(timer.c.obj)
 .debug_info    0x000000000002e98a     0x166a zephyr/kernel/libkernel.a(poll.c.obj)
 .debug_info    0x000000000002fff4      0x7ac zephyr/CMakeFiles/offsets.dir/arch/arm/core/offsets/offsets.c.obj

.debug_abbrev   0x0000000000000000     0x9a4b
 *(.debug_abbrev)
 .debug_abbrev  0x0000000000000000       0xb7 zephyr/CMakeFiles/kernel_elf.dir/isr_tables.c.obj
 .debug_abbrev  0x00000000000000b7      0x412 libapp.a(main.c.obj)
 .debug_abbrev  0x00000000000004c9       0xc6 zephyr/libzephyr.a(isr_tables.c.obj)
 .debug_abbrev  0x000000000000058f      0x217 zephyr/libzephyr.a(thread_entry.c.obj)
 .debug_abbrev  0x00000000000007a6      0x42c zephyr/libzephyr.a(printk.c.obj)
 .debug_abbrev  0x0000000000000bd2       0x2c zephyr/libzephyr.a(configs.c.obj)
 .debug_abbrev  0x0000000000000bfe      0x2ff zephyr/libzephyr.a(soc.c.obj)
 .debug_abbrev  0x0000000000000efd       0xb8 zephyr/libzephyr.a(mpu_regions.c.obj)
 .debug_abbrev  0x0000000000000fb5      0x202 zephyr/libzephyr.a(system_nrf52.c.obj)
 .debug_abbrev  0x00000000000011b7      0x396 zephyr/libzephyr.a(SEGGER_RTT.c.obj)
 .debug_abbrev  0x000000000000154d      0x1ef zephyr/libzephyr.a(SEGGER_RTT_zephyr.c.obj)
 .debug_abbrev  0x000000000000173c      0x22b zephyr/libzephyr.a(log_list.c.obj)
 .debug_abbrev  0x0000000000001967      0x691 zephyr/libzephyr.a(log_core.c.obj)
 .debug_abbrev  0x0000000000001ff8      0x4a3 zephyr/libzephyr.a(log_msg.c.obj)
 .debug_abbrev  0x000000000000249b      0x48a zephyr/libzephyr.a(log_output.c.obj)
 .debug_abbrev  0x0000000000002925      0x3b8 zephyr/libzephyr.a(log_backend_rtt.c.obj)
 .debug_abbrev  0x0000000000002cdd      0x2c5 zephyr/libzephyr.a(rtt_console.c.obj)
 .debug_abbrev  0x0000000000002fa2      0x402 zephyr/libzephyr.a(nrf5_power_clock.c.obj)
 .debug_abbrev  0x00000000000033a4      0x204 zephyr/libzephyr.a(sys_clock_init.c.obj)
 .debug_abbrev  0x00000000000035a8      0x468 zephyr/libzephyr.a(nrf_rtc_timer.c.obj)
 .debug_abbrev  0x0000000000003a10       0x14 zephyr/arch/arm/core/libarch__arm__core.a(exc_exit.S.obj)
 .debug_abbrev  0x0000000000003a24      0x232 zephyr/arch/arm/core/libarch__arm__core.a(irq_init.c.obj)
 .debug_abbrev  0x0000000000003c56      0x1fa zephyr/arch/arm/core/libarch__arm__core.a(swap.c.obj)
 .debug_abbrev  0x0000000000003e50       0x12 zephyr/arch/arm/core/libarch__arm__core.a(swap_helper.S.obj)
 .debug_abbrev  0x0000000000003e62      0x3b3 zephyr/arch/arm/core/libarch__arm__core.a(fault.c.obj)
 .debug_abbrev  0x0000000000004215      0x31a zephyr/arch/arm/core/libarch__arm__core.a(irq_manage.c.obj)
 .debug_abbrev  0x000000000000452f      0x26b zephyr/arch/arm/core/libarch__arm__core.a(thread.c.obj)
 .debug_abbrev  0x000000000000479a       0x12 zephyr/arch/arm/core/libarch__arm__core.a(cpu_idle.S.obj)
 .debug_abbrev  0x00000000000047ac       0x14 zephyr/arch/arm/core/libarch__arm__core.a(fault_s.S.obj)
 .debug_abbrev  0x00000000000047c0      0x2d8 zephyr/arch/arm/core/libarch__arm__core.a(fatal.c.obj)
 .debug_abbrev  0x0000000000004a98      0x262 zephyr/arch/arm/core/libarch__arm__core.a(sys_fatal_error_handler.c.obj)
 .debug_abbrev  0x0000000000004cfa      0x25e zephyr/arch/arm/core/libarch__arm__core.a(thread_abort.c.obj)
 .debug_abbrev  0x0000000000004f58       0x14 zephyr/arch/arm/core/libarch__arm__core.a(isr_wrapper.S.obj)
 .debug_abbrev  0x0000000000004f6c       0x14 zephyr/arch/arm/core/cortex_m/libarch__arm__core__cortex_m.a(reset.S.obj)
 .debug_abbrev  0x0000000000004f80       0x14 zephyr/arch/arm/core/cortex_m/libarch__arm__core__cortex_m.a(nmi_on_reset.S.obj)
 .debug_abbrev  0x0000000000004f94      0x1f2 zephyr/arch/arm/core/cortex_m/libarch__arm__core__cortex_m.a(prep_c.c.obj)
 .debug_abbrev  0x0000000000005186      0x198 zephyr/arch/arm/core/cortex_m/libarch__arm__core__cortex_m.a(nmi.c.obj)
 .debug_abbrev  0x000000000000531e      0x1a8 zephyr/arch/arm/core/cortex_m/mpu/libarch__arm__core__cortex_m__mpu.a(arm_core_mpu.c.obj)
 .debug_abbrev  0x00000000000054c6      0x33d zephyr/arch/arm/core/cortex_m/mpu/libarch__arm__core__cortex_m__mpu.a(arm_mpu.c.obj)
 .debug_abbrev  0x0000000000005803      0x18d zephyr/lib/libc/minimal/liblib__libc__minimal.a(string.c.obj)
 .debug_abbrev  0x0000000000005990      0x32c zephyr/lib/libc/minimal/liblib__libc__minimal.a(prf.c.obj)
 .debug_abbrev  0x0000000000005cbc      0x239 zephyr/lib/libc/minimal/liblib__libc__minimal.a(stdout_console.c.obj)
 .debug_abbrev  0x0000000000005ef5      0x120 zephyr/lib/libc/minimal/liblib__libc__minimal.a(fprintf.c.obj)
 .debug_abbrev  0x0000000000006015      0x5b0 zephyr/drivers/adc/libdrivers__adc.a(adc_nrfx_saadc.c.obj)
 .debug_abbrev  0x00000000000065c5      0x4d9 zephyr/drivers/gpio/libdrivers__gpio.a(gpio_nrfx.c.obj)
 .debug_abbrev  0x0000000000006a9e      0x285 zephyr/kernel/libkernel.a(device.c.obj)
 .debug_abbrev  0x0000000000006d23      0x1c6 zephyr/kernel/libkernel.a(errno.c.obj)
 .debug_abbrev  0x0000000000006ee9      0x297 zephyr/kernel/libkernel.a(idle.c.obj)
 .debug_abbrev  0x0000000000007180      0x4ed zephyr/kernel/libkernel.a(init.c.obj)
 .debug_abbrev  0x000000000000766d      0x374 zephyr/kernel/libkernel.a(mem_slab.c.obj)
 .debug_abbrev  0x00000000000079e1      0x346 zephyr/kernel/libkernel.a(mutex.c.obj)
 .debug_abbrev  0x0000000000007d27      0x605 zephyr/kernel/libkernel.a(sched.c.obj)
 .debug_abbrev  0x000000000000832c      0x316 zephyr/kernel/libkernel.a(sem.c.obj)
 .debug_abbrev  0x0000000000008642      0x545 zephyr/kernel/libkernel.a(thread.c.obj)
 .debug_abbrev  0x0000000000008b87      0x469 zephyr/kernel/libkernel.a(timeout.c.obj)
 .debug_abbrev  0x0000000000008ff0      0x3d9 zephyr/kernel/libkernel.a(timer.c.obj)
 .debug_abbrev  0x00000000000093c9      0x4f2 zephyr/kernel/libkernel.a(poll.c.obj)
 .debug_abbrev  0x00000000000098bb      0x190 zephyr/CMakeFiles/offsets.dir/arch/arm/core/offsets/offsets.c.obj

.debug_line     0x0000000000000000     0xbce9
 *(.debug_line .debug_line.* .debug_line_end)
 .debug_line    0x0000000000000000       0x80 zephyr/CMakeFiles/kernel_elf.dir/isr_tables.c.obj
 .debug_line    0x0000000000000080      0x3b8 libapp.a(main.c.obj)
 .debug_line    0x0000000000000438       0xa1 zephyr/libzephyr.a(isr_tables.c.obj)
 .debug_line    0x00000000000004d9      0x1cf zephyr/libzephyr.a(thread_entry.c.obj)
 .debug_line    0x00000000000006a8      0x3d2 zephyr/libzephyr.a(printk.c.obj)
 .debug_line    0x0000000000000a7a      0x154 zephyr/libzephyr.a(configs.c.obj)
 .debug_line    0x0000000000000bce      0x35f zephyr/libzephyr.a(soc.c.obj)
 .debug_line    0x0000000000000f2d      0x168 zephyr/libzephyr.a(mpu_regions.c.obj)
 .debug_line    0x0000000000001095      0x1d3 zephyr/libzephyr.a(system_nrf52.c.obj)
 .debug_line    0x0000000000001268      0x7d2 zephyr/libzephyr.a(SEGGER_RTT.c.obj)
 .debug_line    0x0000000000001a3a      0x1e4 zephyr/libzephyr.a(SEGGER_RTT_zephyr.c.obj)
 .debug_line    0x0000000000001c1e      0x221 zephyr/libzephyr.a(log_list.c.obj)
 .debug_line    0x0000000000001e3f      0x72b zephyr/libzephyr.a(log_core.c.obj)
 .debug_line    0x000000000000256a      0x47a zephyr/libzephyr.a(log_msg.c.obj)
 .debug_line    0x00000000000029e4      0x3ed zephyr/libzephyr.a(log_output.c.obj)
 .debug_line    0x0000000000002dd1      0x35d zephyr/libzephyr.a(log_backend_rtt.c.obj)
 .debug_line    0x000000000000312e      0x273 zephyr/libzephyr.a(rtt_console.c.obj)
 .debug_line    0x00000000000033a1      0x491 zephyr/libzephyr.a(nrf5_power_clock.c.obj)
 .debug_line    0x0000000000003832      0x1d4 zephyr/libzephyr.a(sys_clock_init.c.obj)
 .debug_line    0x0000000000003a06      0x470 zephyr/libzephyr.a(nrf_rtc_timer.c.obj)
 .debug_line    0x0000000000003e76       0x75 zephyr/arch/arm/core/libarch__arm__core.a(exc_exit.S.obj)
 .debug_line    0x0000000000003eeb      0x27b zephyr/arch/arm/core/libarch__arm__core.a(irq_init.c.obj)
 .debug_line    0x0000000000004166      0x2fa zephyr/arch/arm/core/libarch__arm__core.a(swap.c.obj)
 .debug_line    0x0000000000004460       0xb3 zephyr/arch/arm/core/libarch__arm__core.a(swap_helper.S.obj)
 .debug_line    0x0000000000004513      0x41b zephyr/arch/arm/core/libarch__arm__core.a(fault.c.obj)
 .debug_line    0x000000000000492e      0x379 zephyr/arch/arm/core/libarch__arm__core.a(irq_manage.c.obj)
 .debug_line    0x0000000000004ca7      0x320 zephyr/arch/arm/core/libarch__arm__core.a(thread.c.obj)
 .debug_line    0x0000000000004fc7       0xba zephyr/arch/arm/core/libarch__arm__core.a(cpu_idle.S.obj)
 .debug_line    0x0000000000005081       0x73 zephyr/arch/arm/core/libarch__arm__core.a(fault_s.S.obj)
 .debug_line    0x00000000000050f4      0x3c4 zephyr/arch/arm/core/libarch__arm__core.a(fatal.c.obj)
 .debug_line    0x00000000000054b8      0x350 zephyr/arch/arm/core/libarch__arm__core.a(sys_fatal_error_handler.c.obj)
 .debug_line    0x0000000000005808      0x31f zephyr/arch/arm/core/libarch__arm__core.a(thread_abort.c.obj)
 .debug_line    0x0000000000005b27       0x86 zephyr/arch/arm/core/libarch__arm__core.a(isr_wrapper.S.obj)
 .debug_line    0x0000000000005bad       0x79 zephyr/arch/arm/core/cortex_m/libarch__arm__core__cortex_m.a(reset.S.obj)
 .debug_line    0x0000000000005c26       0x72 zephyr/arch/arm/core/cortex_m/libarch__arm__core__cortex_m.a(nmi_on_reset.S.obj)
 .debug_line    0x0000000000005c98      0x2c0 zephyr/arch/arm/core/cortex_m/libarch__arm__core__cortex_m.a(prep_c.c.obj)
 .debug_line    0x0000000000005f58      0x1d8 zephyr/arch/arm/core/cortex_m/libarch__arm__core__cortex_m.a(nmi.c.obj)
 .debug_line    0x0000000000006130      0x341 zephyr/arch/arm/core/cortex_m/mpu/libarch__arm__core__cortex_m__mpu.a(arm_core_mpu.c.obj)
 .debug_line    0x0000000000006471      0x42a zephyr/arch/arm/core/cortex_m/mpu/libarch__arm__core__cortex_m__mpu.a(arm_mpu.c.obj)
 .debug_line    0x000000000000689b      0x234 zephyr/lib/libc/minimal/liblib__libc__minimal.a(string.c.obj)
 .debug_line    0x0000000000006acf      0x411 zephyr/lib/libc/minimal/liblib__libc__minimal.a(prf.c.obj)
 .debug_line    0x0000000000006ee0      0x204 zephyr/lib/libc/minimal/liblib__libc__minimal.a(stdout_console.c.obj)
 .debug_line    0x00000000000070e4      0x146 zephyr/lib/libc/minimal/liblib__libc__minimal.a(fprintf.c.obj)
 .debug_line    0x000000000000722a      0x797 zephyr/drivers/adc/libdrivers__adc.a(adc_nrfx_saadc.c.obj)
 .debug_line    0x00000000000079c1      0x658 zephyr/drivers/gpio/libdrivers__gpio.a(gpio_nrfx.c.obj)
 .debug_line    0x0000000000008019      0x22d zephyr/kernel/libkernel.a(device.c.obj)
 .debug_line    0x0000000000008246      0x2a6 zephyr/kernel/libkernel.a(errno.c.obj)
 .debug_line    0x00000000000084ec      0x376 zephyr/kernel/libkernel.a(idle.c.obj)
 .debug_line    0x0000000000008862      0x4cf zephyr/kernel/libkernel.a(init.c.obj)
 .debug_line    0x0000000000008d31      0x3f1 zephyr/kernel/libkernel.a(mem_slab.c.obj)
 .debug_line    0x0000000000009122      0x413 zephyr/kernel/libkernel.a(mutex.c.obj)
 .debug_line    0x0000000000009535      0xa7e zephyr/kernel/libkernel.a(sched.c.obj)
 .debug_line    0x0000000000009fb3      0x386 zephyr/kernel/libkernel.a(sem.c.obj)
 .debug_line    0x000000000000a339      0x658 zephyr/kernel/libkernel.a(thread.c.obj)
 .debug_line    0x000000000000a991      0x5fd zephyr/kernel/libkernel.a(timeout.c.obj)
 .debug_line    0x000000000000af8e      0x4d6 zephyr/kernel/libkernel.a(timer.c.obj)
 .debug_line    0x000000000000b464      0x581 zephyr/kernel/libkernel.a(poll.c.obj)
 .debug_line    0x000000000000b9e5      0x304 zephyr/CMakeFiles/offsets.dir/arch/arm/core/offsets/offsets.c.obj

.debug_frame    0x0000000000000000     0x23e0
 *(.debug_frame)
 .debug_frame   0x0000000000000000       0x54 libapp.a(main.c.obj)
 .debug_frame   0x0000000000000054       0x28 zephyr/libzephyr.a(thread_entry.c.obj)
 .debug_frame   0x000000000000007c      0x188 zephyr/libzephyr.a(printk.c.obj)
 .debug_frame   0x0000000000000204       0x20 zephyr/libzephyr.a(configs.c.obj)
 .debug_frame   0x0000000000000224       0x28 zephyr/libzephyr.a(soc.c.obj)
 .debug_frame   0x000000000000024c       0x58 zephyr/libzephyr.a(system_nrf52.c.obj)
 .debug_frame   0x00000000000002a4      0x3b0 zephyr/libzephyr.a(SEGGER_RTT.c.obj)
 .debug_frame   0x0000000000000654       0x28 zephyr/libzephyr.a(SEGGER_RTT_zephyr.c.obj)
 .debug_frame   0x000000000000067c       0x50 zephyr/libzephyr.a(log_list.c.obj)
 .debug_frame   0x00000000000006cc      0x318 zephyr/libzephyr.a(log_core.c.obj)
 .debug_frame   0x00000000000009e4      0x178 zephyr/libzephyr.a(log_msg.c.obj)